 cgamex86

 Timestamp is 6751b649 (Thu Dec 05 09:18:49 2024)

 Preferred load address is 30000000

 Start         Length     Name                   Class
 0001:00000000 0006685cH .text                   CODE
 0001:0006685c 0002f204H .textbss                CODE
 0002:00000000 00009694H .rdata                  DATA
 0002:000096a0 0000016aH .edata                  DATA
 0003:00000000 00000104H .CRT$XCA                DATA
 0003:00000104 00000104H .CRT$XCZ                DATA
 0003:00000208 00000104H .CRT$XIA                DATA
 0003:0000030c 00000109H .CRT$XIC                DATA
 0003:00000418 00000104H .CRT$XIZ                DATA
 0003:0000051c 00000104H .CRT$XPA                DATA
 0003:00000620 00000104H .CRT$XPX                DATA
 0003:00000724 00000104H .CRT$XPZ                DATA
 0003:00000828 00000104H .CRT$XTA                DATA
 0003:0000092c 00000104H .CRT$XTZ                DATA
 0003:00000a30 00005690H .data                   DATA
 0003:000060c0 006115e0H .bss                    DATA
 0004:00000000 00000014H .idata$2                DATA
 0004:00000014 00000014H .idata$3                DATA
 0004:00000028 0000018cH .idata$4                DATA
 0004:000001b4 0000018cH .idata$5                DATA
 0004:00000340 000006c8H .idata$6                DATA

  Address         Publics by Value              Rva+Base     Lib:Object

 0001:00001890       _BG_FindItemForPowerup     30002890 f   bg_misc.obj
 0001:00001930       _BG_FindItemForHoldable    30002930 f   bg_misc.obj
 0001:000019c0       _BG_FindItemForWeapon      300029c0 f   bg_misc.obj
 0001:00001a30       _BG_FindItem               30002a30 f   bg_misc.obj
 0001:00001a90       _BG_PlayerTouchesItem      30002a90 f   bg_misc.obj
 0001:00001b80       _BG_CanItemBeGrabbed       30002b80 f   bg_misc.obj
 0001:00001e40       _BG_EvaluateTrajectory     30002e40 f   bg_misc.obj
 0001:00002130       _BG_EvaluateTrajectoryDelta 30003130 f   bg_misc.obj
 0001:00002360       _BG_AddPredictableEventToPlayerstate 30003360 f   bg_misc.obj
 0001:00002440       _BG_TouchJumpPad           30003440 f   bg_misc.obj
 0001:00002560       _BG_PlayerStateToEntityState 30003560 f   bg_misc.obj
 0001:00002990       _BG_PlayerStateToEntityStateExtraPolate 30003990 f   bg_misc.obj
 0001:00002de0       _PM_AddEvent               30003de0 f   bg_pmove.obj
 0001:00002e10       _PM_AddTouchEnt            30003e10 f   bg_pmove.obj
 0001:00002ec0       _PM_ClipVelocity           30003ec0 f   bg_pmove.obj
 0001:00002f80       _PM_UpdateViewAngles       30003f80 f   bg_pmove.obj
 0001:000030c0       _PmoveSingle               300040c0 f   bg_pmove.obj
 0001:00006ec0       _Pmove                     30007ec0 f   bg_pmove.obj
 0001:00006ff0       _PM_SlideMove              30007ff0 f   bg_slidemove.obj
 0001:00007ad0       _PM_StepSlideMove          30008ad0 f   bg_slidemove.obj
 0001:00008010       _CG_TargetCommand_f        30009010 f   cg_consolecmds.obj
 0001:00008580       _CG_ConsoleCommand         30009580 f   cg_consolecmds.obj
 0001:00008600       _CG_InitConsoleCommands    30009600 f   cg_consolecmds.obj
 0001:00008810       _CG_Draw3DModel            30009810 f   cg_draw.obj
 0001:000089c0       _CG_DrawHead               300099c0 f   cg_draw.obj
 0001:00008b60       _CG_DrawFlagModel          30009b60 f   cg_draw.obj
 0001:00008d40       _CG_DrawTeamBackground     30009d40 f   cg_draw.obj
 0001:00008e00       _CG_AddLagometerFrameInfo  30009e00 f   cg_draw.obj
 0001:00008e50       _CG_AddLagometerSnapshotInfo 30009e50 f   cg_draw.obj
 0001:00008ef0       _CG_CenterPrint            30009ef0 f   cg_draw.obj
 0001:00008fa0       _CG_DrawActive             30009fa0 f   cg_draw.obj
 0001:0000d3e0       _CG_AdjustFrom640          3000e3e0 f   cg_drawtools.obj
 0001:0000d450       _CG_FillRect               3000e450 f   cg_drawtools.obj
 0001:0000d4d0       _CG_DrawSides              3000e4d0 f   cg_drawtools.obj
 0001:0000d580       _CG_DrawTopBottom          3000e580 f   cg_drawtools.obj
 0001:0000d630       _CG_DrawRect               3000e630 f   cg_drawtools.obj
 0001:0000d6b0       _CG_DrawPic                3000e6b0 f   cg_drawtools.obj
 0001:0000d720       _CG_DrawChar               3000e720 f   cg_drawtools.obj
 0001:0000d820       _CG_DrawStringExt          3000e820 f   cg_drawtools.obj
 0001:0000da80       _CG_DrawBigString          3000ea80 f   cg_drawtools.obj
 0001:0000dae0       _CG_DrawBigStringColor     3000eae0 f   cg_drawtools.obj
 0001:0000db20       _CG_DrawSmallString        3000eb20 f   cg_drawtools.obj
 0001:0000db80       _CG_DrawSmallStringColor   3000eb80 f   cg_drawtools.obj
 0001:0000dbc0       _CG_DrawStrlen             3000ebc0 f   cg_drawtools.obj
 0001:0000dc50       _CG_TileClear              3000ec50 f   cg_drawtools.obj
 0001:0000de50       _CG_FadeColor              3000ee50 f   cg_drawtools.obj
 0001:0000df10       _CG_TeamColor              3000ef10 f   cg_drawtools.obj
 0001:0000df70       _CG_GetColorForHealth      3000ef70 f   cg_drawtools.obj
 0001:0000e0c0       _CG_ColorForHealth         3000f0c0 f   cg_drawtools.obj
 0001:0000e110       _UI_DrawBannerString       3000f110 f   cg_drawtools.obj
 0001:0000e460       _UI_ProportionalStringWidth 3000f460 f   cg_drawtools.obj
 0001:0000e4f0       _UI_ProportionalSizeScale  3000f4f0 f   cg_drawtools.obj
 0001:0000e530       _UI_DrawProportionalString 3000f530 f   cg_drawtools.obj
 0001:0000ea00       _CG_BubbleTrail            3000fa00 f   cg_effects.obj
 0001:0000ed70       _CG_SmokePuff              3000fd70 f   cg_effects.obj
 0001:0000f020       _CG_SpawnEffect            30010020 f   cg_effects.obj
 0001:0000f180       _CG_ScorePlum              30010180 f   cg_effects.obj
 0001:0000f370       _CG_MakeExplosion          30010370 f   cg_effects.obj
 0001:0000f600       _CG_Bleed                  30010600 f   cg_effects.obj
 0001:0000f720       _CG_LaunchGib              30010720 f   cg_effects.obj
 0001:0000f8b0       _CG_GibPlayer              300108b0 f   cg_effects.obj
 0001:00010190       _CG_LaunchExplode          30011190 f   cg_effects.obj
 0001:00010320       _CG_BigExplode             30011320 f   cg_effects.obj
 0001:000107a0       _CG_PositionEntityOnTag    300117a0 f   cg_ents.obj
 0001:000108f0       _CG_PositionRotatedEntityOnTag 300118f0 f   cg_ents.obj
 0001:00010a50       _CG_SetEntitySoundPosition 30011a50 f   cg_ents.obj
 0001:00010b10       _CG_Beam                   30011b10 f   cg_ents.obj
 0001:00010bf0       _CG_AdjustPositionForMover 30011bf0 f   cg_ents.obj
 0001:00010d90       _CG_AddPacketEntities      30011d90 f   cg_ents.obj
 0001:00012980       _CG_PlaceString            30013980 f   cg_event.obj
 0001:00012b20       _CG_PainEvent              30013b20 f   cg_event.obj
 0001:00012bf0       _CG_EntityEvent            30013bf0 f   cg_event.obj
 0001:00015010       _CG_CheckEvents            30016010 f   cg_event.obj
 0001:00015130       _CG_LoadingString          30016130 f   cg_info.obj
 0001:00015170       _CG_LoadingItem            30016170 f   cg_info.obj
 0001:00015200       _CG_LoadingClient          30016200 f   cg_info.obj
 0001:00015450       _CG_DrawInformation        30016450 f   cg_info.obj
 0001:00015b30       _CG_InitLocalEntities      30016b30 f   cg_localents.obj
 0001:00015bd0       _CG_FreeLocalEntity        30016bd0 f   cg_localents.obj
 0001:00015c40       _CG_AllocLocalEntity       30016c40 f   cg_localents.obj
 0001:00015ce0       _CG_BloodTrail             30016ce0 f   cg_localents.obj
 0001:00015de0       _CG_FragmentBounceMark     30016de0 f   cg_localents.obj
 0001:00015f30       _CG_FragmentBounceSound    30016f30 f   cg_localents.obj
 0001:00015fe0       _CG_ReflectVelocity        30016fe0 f   cg_localents.obj
 0001:000161c0       _CG_AddFragment            300171c0 f   cg_localents.obj
 0001:00016490       _CG_AddFadeRGB             30017490 f   cg_localents.obj
 0001:00016560       _CG_AddScorePlum           30017560 f   cg_localents.obj
 0001:00016b10       _CG_AddLocalEntities       30017b10 f   cg_localents.obj
 0001:00017360       _vmMain                    30018360 f   cg_main.obj
 0001:00017490       _CG_RegisterCvars          30018490 f   cg_main.obj
 0001:000175d0       _CG_UpdateCvars            300185d0 f   cg_main.obj
 0001:00017740       _CG_CrosshairPlayer        30018740 f   cg_main.obj
 0001:00017780       _CG_LastAttacker           30018780 f   cg_main.obj
 0001:000177c0       _CG_Printf                 300187c0 f   cg_main.obj
 0001:00017820       _CG_Error                  30018820 f   cg_main.obj
 0001:00017880       _Com_Error                 30018880 f   cg_main.obj
 0001:000178e0       _Com_Printf                300188e0 f   cg_main.obj
 0001:00017940       _CG_Argv                   30018940 f   cg_main.obj
 0001:00017980       _CG_BuildSpectatorString   30018980 f   cg_main.obj
 0001:00017a60       _CG_ConfigString           30018a60 f   cg_main.obj
 0001:00017ab0       _CG_StartMusic             30018ab0 f   cg_main.obj
 0001:00017b40       _CG_Init                   30018b40 f   cg_main.obj
 0001:000195b0       _CG_Shutdown               3001a5b0 f   cg_main.obj
 0001:000195d0       _CG_EventHandling          3001a5d0 f   cg_main.obj
 0001:000195f0       _CG_KeyEvent               3001a5f0 f   cg_main.obj
 0001:00019610       _CG_MouseEvent             3001a610 f   cg_main.obj
 0001:00019630       _CG_InitMarkPolys          3001a630 f   cg_marks.obj
 0001:000196d0       _CG_FreeMarkPoly           3001a6d0 f   cg_marks.obj
 0001:00019740       _CG_AllocMark              3001a740 f   cg_marks.obj
 0001:00019810       _CG_ImpactMark             3001a810 f   cg_marks.obj
 0001:00019e30       _CG_AddMarks               3001ae30 f   cg_marks.obj
 0001:0001a100       _CG_ClearParticles         3001b100 f   cg_marks.obj
 0001:0001a280       _CG_AddParticleToScene     3001b280 f   cg_marks.obj
 0001:0001cdf0       _CG_AddParticles           3001ddf0 f   cg_marks.obj
 0001:0001d2d0       _CG_ParticleSnowFlurry     3001e2d0 f   cg_marks.obj
 0001:0001d640       _CG_ParticleSnow           3001e640 f   cg_marks.obj
 0001:0001d920       _CG_ParticleBubble         3001e920 f   cg_marks.obj
 0001:0001dc70       _CG_ParticleSmoke          3001ec70 f   cg_marks.obj
 0001:0001deb0       _CG_ParticleBulletDebris   3001eeb0 f   cg_marks.obj
 0001:0001e070       _CG_ParticleExplosion      3001f070 f   cg_marks.obj
 0001:0001e2d0       _CG_AddParticleShrapnel    3001f2d0 f   cg_marks.obj
 0001:0001e2f0       _CG_NewParticleArea        3001f2f0 f   cg_marks.obj
 0001:0001e580       _CG_SnowLink               3001f580 f   cg_marks.obj
 0001:0001e620       _CG_ParticleImpactSmokePuff 3001f620 f   cg_marks.obj
 0001:0001e860       _CG_Particle_Bleed         3001f860 f   cg_marks.obj
 0001:0001ea70       _CG_Particle_OilParticle   3001fa70 f   cg_marks.obj
 0001:0001eca0       _CG_Particle_OilSlick      3001fca0 f   cg_marks.obj
 0001:0001ef80       _CG_OilSlickRemove         3001ff80 f   cg_marks.obj
 0001:0001f030       _ValidBloodPool            30020030 f   cg_marks.obj
 0001:0001f290       _CG_BloodPool              30020290 f   cg_marks.obj
 0001:0001f4e0       _CG_ParticleBloodCloud     300204e0 f   cg_marks.obj
 0001:0001f7e0       _CG_ParticleSparks         300207e0 f   cg_marks.obj
 0001:0001fb40       _CG_ParticleDust           30020b40 f   cg_marks.obj
 0001:00020000       _CG_ParticleMisc           30021000 f   cg_marks.obj
 0001:00020170       _CG_CustomSound            30021170 f   cg_players.obj
 0001:00020260       _CG_NewClientInfo          30021260 f   cg_players.obj
 0001:00022c80       _CG_LoadDeferredPlayers    30023c80 f   cg_players.obj
 0001:00022d30       _CG_AddRefEntityWithPowerups 30023d30 f   cg_players.obj
 0001:00022e60       _CG_LightVerts             30023e60 f   cg_players.obj
 0001:00023030       _CG_Player                 30024030 f   cg_players.obj
 0001:000252c0       _CG_ResetPlayerEntity      300262c0 f   cg_players.obj
 0001:000255c0       _CG_CheckAmmo              300265c0 f   cg_playerstate.obj
 0001:00025710       _CG_DamageFeedback         30026710 f   cg_playerstate.obj
 0001:00025af0       _CG_Respawn                30026af0 f   cg_playerstate.obj
 0001:00025b40       _CG_CheckPlayerstateEvents 30026b40 f   cg_playerstate.obj
 0001:00025cf0       _CG_CheckChangedPredictableEvents 30026cf0 f   cg_playerstate.obj
 0001:00025e20       _CG_CheckLocalSounds       30026e20 f   cg_playerstate.obj
 0001:000263b0       _CG_TransitionPlayerState  300273b0 f   cg_playerstate.obj
 0001:00026530       _CG_BuildSolidList         30027530 f   cg_predict.obj
 0001:00026680       _CG_Trace                  30027680 f   cg_predict.obj
 0001:000269e0       _CG_PointContents          300279e0 f   cg_predict.obj
 0001:00026ad0       _CG_PredictPlayerState     30027ad0 f   cg_predict.obj
 0001:000278b0       _CG_DrawOldScoreboard      300288b0 f   cg_scoreboard.obj
 0001:000288d0       _CG_DrawOldTourneyScoreboard 300298d0 f   cg_scoreboard.obj
 0001:00028d20       _CG_ParseServerinfo        30029d20 f   cg_servercmds.obj
 0001:00028f40       _CG_SetConfigValues        30029f40 f   cg_servercmds.obj
 0001:00029010       _CG_ShaderStateChanged     3002a010 f   cg_servercmds.obj
 0001:00029240       _CG_ParseVoiceChats        3002a240 f   cg_servercmds.obj
 0001:00029820       _CG_LoadVoiceChats         3002a820 f   cg_servercmds.obj
 0001:00029930       _CG_HeadModelVoiceChats    3002a930 f   cg_servercmds.obj
 0001:00029ac0       _CG_GetVoiceChat           3002aac0 f   cg_servercmds.obj
 0001:00029bd0       _CG_VoiceChatListForClient 3002abd0 f   cg_servercmds.obj
 0001:0002a060       _CG_PlayVoiceChat          3002b060 f   cg_servercmds.obj
 0001:0002a080       _CG_PlayBufferedVoiceChats 3002b080 f   cg_servercmds.obj
 0001:0002a0a0       _CG_AddBufferedVoiceChat   3002b0a0 f   cg_servercmds.obj
 0001:0002a0c0       _CG_VoiceChatLocal         3002b0c0 f   cg_servercmds.obj
 0001:0002a0e0       _CG_VoiceChat              3002b0e0 f   cg_servercmds.obj
 0001:0002a100       _CG_ExecuteNewServerCommands 3002b100 f   cg_servercmds.obj
 0001:0002b390       _CG_SetInitialSnapshot     3002c390 f   cg_snapshot.obj
 0001:0002b5b0       _CG_ProcessSnapshots       3002c5b0 f   cg_snapshot.obj
 0001:0002bd10       _dllEntry                  3002cd10 f   cg_syscalls.obj
 0001:0002bd30       _PASSFLOAT                 3002cd30 f   cg_syscalls.obj
 0001:0002bd50       _trap_Print                3002cd50 f   cg_syscalls.obj
 0001:0002bd80       _trap_Error                3002cd80 f   cg_syscalls.obj
 0001:0002bdb0       _trap_Milliseconds         3002cdb0 f   cg_syscalls.obj
 0001:0002bde0       _trap_Cvar_Register        3002cde0 f   cg_syscalls.obj
 0001:0002be20       _trap_Cvar_Update          3002ce20 f   cg_syscalls.obj
 0001:0002be50       _trap_Cvar_Set             3002ce50 f   cg_syscalls.obj
 0001:0002be80       _trap_Cvar_VariableStringBuffer 3002ce80 f   cg_syscalls.obj
 0001:0002beb0       _trap_Argc                 3002ceb0 f   cg_syscalls.obj
 0001:0002bee0       _trap_Argv                 3002cee0 f   cg_syscalls.obj
 0001:0002bf10       _trap_Args                 3002cf10 f   cg_syscalls.obj
 0001:0002bf40       _trap_FS_FOpenFile         3002cf40 f   cg_syscalls.obj
 0001:0002bf70       _trap_FS_Read              3002cf70 f   cg_syscalls.obj
 0001:0002bfa0       _trap_FS_Write             3002cfa0 f   cg_syscalls.obj
 0001:0002bfd0       _trap_FS_FCloseFile        3002cfd0 f   cg_syscalls.obj
 0001:0002c000       _trap_FS_Seek              3002d000 f   cg_syscalls.obj
 0001:0002c030       _trap_SendConsoleCommand   3002d030 f   cg_syscalls.obj
 0001:0002c060       _trap_AddCommand           3002d060 f   cg_syscalls.obj
 0001:0002c090       _trap_RemoveCommand        3002d090 f   cg_syscalls.obj
 0001:0002c0c0       _trap_SendClientCommand    3002d0c0 f   cg_syscalls.obj
 0001:0002c0f0       _trap_UpdateScreen         3002d0f0 f   cg_syscalls.obj
 0001:0002c120       _trap_CM_LoadMap           3002d120 f   cg_syscalls.obj
 0001:0002c150       _trap_CM_NumInlineModels   3002d150 f   cg_syscalls.obj
 0001:0002c180       _trap_CM_InlineModel       3002d180 f   cg_syscalls.obj
 0001:0002c1b0       _trap_CM_TempBoxModel      3002d1b0 f   cg_syscalls.obj
 0001:0002c1e0       _trap_CM_TempCapsuleModel  3002d1e0 f   cg_syscalls.obj
 0001:0002c210       _trap_CM_PointContents     3002d210 f   cg_syscalls.obj
 0001:0002c240       _trap_CM_TransformedPointContents 3002d240 f   cg_syscalls.obj
 0001:0002c280       _trap_CM_BoxTrace          3002d280 f   cg_syscalls.obj
 0001:0002c2d0       _trap_CM_CapsuleTrace      3002d2d0 f   cg_syscalls.obj
 0001:0002c320       _trap_CM_TransformedBoxTrace 3002d320 f   cg_syscalls.obj
 0001:0002c370       _trap_CM_TransformedCapsuleTrace 3002d370 f   cg_syscalls.obj
 0001:0002c3c0       _trap_CM_MarkFragments     3002d3c0 f   cg_syscalls.obj
 0001:0002c410       _trap_S_StartSound         3002d410 f   cg_syscalls.obj
 0001:0002c450       _trap_S_StartLocalSound    3002d450 f   cg_syscalls.obj
 0001:0002c480       _trap_S_ClearLoopingSounds 3002d480 f   cg_syscalls.obj
 0001:0002c4b0       _trap_S_AddLoopingSound    3002d4b0 f   cg_syscalls.obj
 0001:0002c4f0       _trap_S_AddRealLoopingSound 3002d4f0 f   cg_syscalls.obj
 0001:0002c530       _trap_S_StopLoopingSound   3002d530 f   cg_syscalls.obj
 0001:0002c560       _trap_S_UpdateEntityPosition 3002d560 f   cg_syscalls.obj
 0001:0002c590       _trap_S_Respatialize       3002d590 f   cg_syscalls.obj
 0001:0002c5d0       _trap_S_RegisterSound      3002d5d0 f   cg_syscalls.obj
 0001:0002c600       _trap_S_StartBackgroundTrack 3002d600 f   cg_syscalls.obj
 0001:0002c630       _trap_R_LoadWorldMap       3002d630 f   cg_syscalls.obj
 0001:0002c660       _trap_R_RegisterModel      3002d660 f   cg_syscalls.obj
 0001:0002c690       _trap_R_RegisterSkin       3002d690 f   cg_syscalls.obj
 0001:0002c6c0       _trap_R_RegisterShader     3002d6c0 f   cg_syscalls.obj
 0001:0002c6f0       _trap_R_RegisterShaderNoMip 3002d6f0 f   cg_syscalls.obj
 0001:0002c720       _trap_R_RegisterFont       3002d720 f   cg_syscalls.obj
 0001:0002c750       _trap_R_ClearScene         3002d750 f   cg_syscalls.obj
 0001:0002c780       _trap_R_AddRefEntityToScene 3002d780 f   cg_syscalls.obj
 0001:0002c7b0       _trap_R_AddPolyToScene     3002d7b0 f   cg_syscalls.obj
 0001:0002c7e0       _trap_R_AddPolysToScene    3002d7e0 f   cg_syscalls.obj
 0001:0002c820       _trap_R_LightForPoint      3002d820 f   cg_syscalls.obj
 0001:0002c860       _trap_R_AddLightToScene    3002d860 f   cg_syscalls.obj
 0001:0002c8d0       _trap_R_AddAdditiveLightToScene 3002d8d0 f   cg_syscalls.obj
 0001:0002c940       _trap_R_RenderScene        3002d940 f   cg_syscalls.obj
 0001:0002c970       _trap_R_SetColor           3002d970 f   cg_syscalls.obj
 0001:0002c9a0       _trap_R_DrawStretchPic     3002d9a0 f   cg_syscalls.obj
 0001:0002ca50       _trap_R_ModelBounds        3002da50 f   cg_syscalls.obj
 0001:0002ca80       _trap_R_LerpTag            3002da80 f   cg_syscalls.obj
 0001:0002cad0       _trap_R_RemapShader        3002dad0 f   cg_syscalls.obj
 0001:0002cb00       _trap_GetGlconfig          3002db00 f   cg_syscalls.obj
 0001:0002cb30       _trap_GetGameState         3002db30 f   cg_syscalls.obj
 0001:0002cb60       _trap_GetCurrentSnapshotNumber 3002db60 f   cg_syscalls.obj
 0001:0002cb90       _trap_GetSnapshot          3002db90 f   cg_syscalls.obj
 0001:0002cbc0       _trap_GetServerCommand     3002dbc0 f   cg_syscalls.obj
 0001:0002cbf0       _trap_GetCurrentCmdNumber  3002dbf0 f   cg_syscalls.obj
 0001:0002cc20       _trap_GetUserCmd           3002dc20 f   cg_syscalls.obj
 0001:0002cc50       _trap_SetUserCmdValue      3002dc50 f   cg_syscalls.obj
 0001:0002cc90       _testPrintInt              3002dc90 f   cg_syscalls.obj
 0001:0002ccc0       _testPrintFloat            3002dcc0 f   cg_syscalls.obj
 0001:0002cd00       _trap_MemoryRemaining      3002dd00 f   cg_syscalls.obj
 0001:0002cd30       _trap_Key_IsDown           3002dd30 f   cg_syscalls.obj
 0001:0002cd60       _trap_Key_GetCatcher       3002dd60 f   cg_syscalls.obj
 0001:0002cd90       _trap_Key_SetCatcher       3002dd90 f   cg_syscalls.obj
 0001:0002cdc0       _trap_Key_GetKey           3002ddc0 f   cg_syscalls.obj
 0001:0002cdf0       _trap_PC_AddGlobalDefine   3002ddf0 f   cg_syscalls.obj
 0001:0002ce20       _trap_PC_LoadSource        3002de20 f   cg_syscalls.obj
 0001:0002ce50       _trap_PC_FreeSource        3002de50 f   cg_syscalls.obj
 0001:0002ce80       _trap_PC_ReadToken         3002de80 f   cg_syscalls.obj
 0001:0002ceb0       _trap_PC_SourceFileAndLine 3002deb0 f   cg_syscalls.obj
 0001:0002cee0       _trap_S_StopBackgroundTrack 3002dee0 f   cg_syscalls.obj
 0001:0002cf10       _trap_RealTime             3002df10 f   cg_syscalls.obj
 0001:0002cf40       _trap_SnapVector           3002df40 f   cg_syscalls.obj
 0001:0002cf70       _trap_CIN_PlayCinematic    3002df70 f   cg_syscalls.obj
 0001:0002cfb0       _trap_CIN_StopCinematic    3002dfb0 f   cg_syscalls.obj
 0001:0002cfe0       _trap_CIN_RunCinematic     3002dfe0 f   cg_syscalls.obj
 0001:0002d010       _trap_CIN_DrawCinematic    3002e010 f   cg_syscalls.obj
 0001:0002d040       _trap_CIN_SetExtents       3002e040 f   cg_syscalls.obj
 0001:0002d080       _trap_GetEntityToken       3002e080 f   cg_syscalls.obj
 0001:0002d0b0       _trap_R_inPVS              3002e0b0 f   cg_syscalls.obj
 0001:0002d0e0       _CG_TestModel_f            3002e0e0 f   cg_view.obj
 0001:0002d260       _CG_TestGun_f              3002e260 f   cg_view.obj
 0001:0002d2a0       _CG_TestModelNextFrame_f   3002e2a0 f   cg_view.obj
 0001:0002d2e0       _CG_TestModelPrevFrame_f   3002e2e0 f   cg_view.obj
 0001:0002d340       _CG_TestModelNextSkin_f    3002e340 f   cg_view.obj
 0001:0002d380       _CG_TestModelPrevSkin_f    3002e380 f   cg_view.obj
 0001:0002d3e0       _CG_ZoomDown_f             3002e3e0 f   cg_view.obj
 0001:0002d420       _CG_ZoomUp_f               3002e420 f   cg_view.obj
 0001:0002d460       _CG_AddBufferedSound       3002e460 f   cg_view.obj
 0001:0002d4d0       _CG_DrawActiveFrame        3002e4d0 f   cg_view.obj
 0001:0002edf0       _CG_RailTrail              3002fdf0 f   cg_weapons.obj
 0001:0002f700       _CG_GrappleTrail           30030700 f   cg_weapons.obj
 0001:0002f990       _CG_RegisterWeapon         30030990 f   cg_weapons.obj
 0001:00031490       _CG_RegisterItemVisuals    30032490 f   cg_weapons.obj
 0001:000315e0       _CG_AddPlayerWeapon        300325e0 f   cg_weapons.obj
 0001:00032500       _CG_AddViewWeapon          30033500 f   cg_weapons.obj
 0001:00032bf0       _CG_DrawWeaponSelect       30033bf0 f   cg_weapons.obj
 0001:00032eb0       _CG_NextWeapon_f           30033eb0 f   cg_weapons.obj
 0001:00032ff0       _CG_PrevWeapon_f           30033ff0 f   cg_weapons.obj
 0001:000330d0       _CG_Weapon_f               300340d0 f   cg_weapons.obj
 0001:00033180       _CG_OutOfAmmoChange        30034180 f   cg_weapons.obj
 0001:000331f0       _CG_FireWeapon             300341f0 f   cg_weapons.obj
 0001:00033380       _CG_MissileHitWall         30034380 f   cg_weapons.obj
 0001:00033970       _CG_MissileHitPlayer       30034970 f   cg_weapons.obj
 0001:000339d0       _CG_ShotgunFire            300349d0 f   cg_weapons.obj
 0001:00033f70       _CG_Tracer                 30034f70 f   cg_weapons.obj
 0001:00034430       _CG_Bullet                 30035430 f   cg_weapons.obj
 0001:00034820       _Q_rand                    30035820 f   q_math.obj
 0001:00034860       _Q_random                  30035860 f   q_math.obj
 0001:000348a0       _Q_crandom                 300358a0 f   q_math.obj
 0001:000348d0       _ClampChar                 300358d0 f   q_math.obj
 0001:00034900       _ClampShort                30035900 f   q_math.obj
 0001:00034940       _DirToByte                 30035940 f   q_math.obj
 0001:00034a10       _ByteToDir                 30035a10 f   q_math.obj
 0001:00034ab0       _ColorBytes3               30035ab0 f   q_math.obj
 0001:00034b10       _ColorBytes4               30035b10 f   q_math.obj
 0001:00034b80       _NormalizeColor            30035b80 f   q_math.obj
 0001:00034c50       _PlaneFromPoints           30035c50 f   q_math.obj
 0001:00034de0       _RotatePointAroundVector   30035de0 f   q_math.obj
 0001:00035090       _RotateAroundDirection     30036090 f   q_math.obj
 0001:00035140       _vectoangles               30036140 f   q_math.obj
 0001:00035310       _AnglesToAxis              30036310 f   q_math.obj
 0001:00035380       _AxisClear                 30036380 f   q_math.obj
 0001:00035410       _AxisCopy                  30036410 f   q_math.obj
 0001:000354b0       _ProjectPointOnPlane       300364b0 f   q_math.obj
 0001:000355f0       _MakeNormalVectors         300365f0 f   q_math.obj
 0001:000356e0       _VectorRotate              300366e0 f   q_math.obj
 0001:000357a0       _Q_rsqrt                   300367a0 f   q_math.obj
 0001:00035810       _Q_fabs                    30036810 f   q_math.obj
 0001:00035840       _LerpAngle                 30036840 f   q_math.obj
 0001:000358c0       _AngleSubtract             300368c0 f   q_math.obj
 0001:00035930       _AnglesSubtract            30036930 f   q_math.obj
 0001:000359b0       _AngleMod                  300369b0 f   q_math.obj
 0001:000359f0       _AngleNormalize360         300369f0 f   q_math.obj
 0001:00035a30       _AngleNormalize180         30036a30 f   q_math.obj
 0001:00035a80       _AngleDelta                30036a80 f   q_math.obj
 0001:00035ab0       _SetPlaneSignbits          30036ab0 f   q_math.obj
 0001:00035b30       _BoxOnPlaneSide            30036b30 f   q_math.obj
 0001:00035e00       _RadiusFromBounds          30036e00 f   q_math.obj
 0001:00035f20       _ClearBounds               30036f20 f   q_math.obj
 0001:00035f80       _AddPointToBounds          30036f80 f   q_math.obj
 0001:00036080       _VectorNormalize           30037080 f   q_math.obj
 0001:00036140       _VectorNormalize2          30037140 f   q_math.obj
 0001:00036220       __VectorMA                 30037220 f   q_math.obj
 0001:00036280       __DotProduct               30037280 f   q_math.obj
 0001:000362d0       __VectorSubtract           300372d0 f   q_math.obj
 0001:00036330       __VectorAdd                30037330 f   q_math.obj
 0001:00036390       __VectorCopy               30037390 f   q_math.obj
 0001:000363d0       __VectorScale              300373d0 f   q_math.obj
 0001:00036420       _Vector4Scale              30037420 f   q_math.obj
 0001:00036480       _Q_log2                    30037480 f   q_math.obj
 0001:000364c0       _MatrixMultiply            300374c0 f   q_math.obj
 0001:000366d0       _AngleVectors              300376d0 f   q_math.obj
 0001:00036930       _PerpendicularVector       30037930 f   q_math.obj
 0001:00036a20       _Com_Clamp                 30037a20 f   q_shared.obj
 0001:00036a70       _COM_SkipPath              30037a70 f   q_shared.obj
 0001:00036ad0       _COM_StripExtension        30037ad0 f   q_shared.obj
 0001:00036b30       _COM_DefaultExtension      30037b30 f   q_shared.obj
 0001:00036be0       _ShortSwap                 30037be0 f   q_shared.obj
 0001:00036c40       _ShortNoSwap               30037c40 f   q_shared.obj
 0001:00036c60       _LongSwap                  30037c60 f   q_shared.obj
 0001:00036d00       _LongNoSwap                30037d00 f   q_shared.obj
 0001:00036d20       _Long64Swap                30037d20 f   q_shared.obj
 0001:00036d80       _Long64NoSwap              30037d80 f   q_shared.obj
 0001:00036da0       _FloatSwap                 30037da0 f   q_shared.obj
 0001:00036de0       _FloatNoSwap               30037de0 f   q_shared.obj
 0001:00036e00       _COM_BeginParseSession     30037e00 f   q_shared.obj
 0001:00036e50       _COM_GetCurrentParseLine   30037e50 f   q_shared.obj
 0001:00036e70       _COM_Parse                 30037e70 f   q_shared.obj
 0001:00036ea0       _COM_ParseError            30037ea0 f   q_shared.obj
 0001:00036f10       _COM_ParseWarning          30037f10 f   q_shared.obj
 0001:00036f80       _COM_Compress              30037f80 f   q_shared.obj
 0001:00037200       _COM_ParseExt              30038200 f   q_shared.obj
 0001:00037530       _COM_MatchToken            30038530 f   q_shared.obj
 0001:00037590       _SkipBracedSection         30038590 f   q_shared.obj
 0001:00037620       _SkipRestOfLine            30038620 f   q_shared.obj
 0001:00037690       _Parse1DMatrix             30038690 f   q_shared.obj
 0001:00037720       _Parse2DMatrix             30038720 f   q_shared.obj
 0001:000377b0       _Parse3DMatrix             300387b0 f   q_shared.obj
 0001:00037850       _Q_isprint                 30038850 f   q_shared.obj
 0001:00037880       _Q_islower                 30038880 f   q_shared.obj
 0001:000378b0       _Q_isupper                 300388b0 f   q_shared.obj
 0001:000378e0       _Q_isalpha                 300388e0 f   q_shared.obj
 0001:00037920       _Q_strrchr                 30038920 f   q_shared.obj
 0001:000379a0       _Q_strncpyz                300389a0 f   q_shared.obj
 0001:00037a30       _Q_stricmpn                30038a30 f   q_shared.obj
 0001:00037b40       _Q_strncmp                 30038b40 f   q_shared.obj
 0001:00037bd0       _Q_stricmp                 30038bd0 f   q_shared.obj
 0001:00037c20       _Q_strlwr                  30038c20 f   q_shared.obj
 0001:00037c80       _Q_strupr                  30038c80 f   q_shared.obj
 0001:00037ce0       _Q_strcat                  30038ce0 f   q_shared.obj
 0001:00037d50       _Q_PrintStrlen             30038d50 f   q_shared.obj
 0001:00037df0       _Q_CleanStr                30038df0 f   q_shared.obj
 0001:00037eb0       _Com_sprintf               30038eb0 f   q_shared.obj
 0001:00037f60       _va                        30038f60 f   q_shared.obj
 0001:00037fd0       _Info_ValueForKey          30038fd0 f   q_shared.obj
 0001:000381b0       _Info_NextPair             300391b0 f   q_shared.obj
 0001:000382c0       _Info_RemoveKey            300392c0 f   q_shared.obj
 0001:00038490       _Info_RemoveKey_Big        30039490 f   q_shared.obj
 0001:00038660       _Info_Validate             30039660 f   q_shared.obj
 0001:000386c0       _Info_SetValueForKey       300396c0 f   q_shared.obj
 0001:000388a0       _Info_SetValueForKey_Big   300398a0 f   q_shared.obj
 0001:00038a70       _UI_Alloc                  30039a70 f   ui_shared.obj
 0001:00038b10       _UI_InitMemory             30039b10 f   ui_shared.obj
 0001:00038b40       _UI_OutOfMemory            30039b40 f   ui_shared.obj
 0001:00038b60       _String_Alloc              30039b60 f   ui_shared.obj
 0001:00038da0       _String_Report             30039da0 f   ui_shared.obj
 0001:00038e70       _String_Init               30039e70 f   ui_shared.obj
 0001:00038f30       _PC_SourceWarning          30039f30 f   ui_shared.obj
 0001:00038fd0       _PC_SourceError            30039fd0 f   ui_shared.obj
 0001:00039070       _LerpColor                 3003a070 f   ui_shared.obj
 0001:00039130       _Float_Parse               3003a130 f   ui_shared.obj
 0001:00039190       _PC_Float_Parse            3003a190 f   ui_shared.obj
 0001:00039280       _Color_Parse               3003a280 f   ui_shared.obj
 0001:000392f0       _PC_Color_Parse            3003a2f0 f   ui_shared.obj
 0001:00039360       _Int_Parse                 3003a360 f   ui_shared.obj
 0001:000393c0       _PC_Int_Parse              3003a3c0 f   ui_shared.obj
 0001:000394a0       _Rect_Parse                3003a4a0 f   ui_shared.obj
 0001:00039530       _PC_Rect_Parse             3003a530 f   ui_shared.obj
 0001:000395c0       _String_Parse              3003a5c0 f   ui_shared.obj
 0001:00039620       _PC_String_Parse           3003a620 f   ui_shared.obj
 0001:00039680       _PC_Script_Parse           3003a680 f   ui_shared.obj
 0001:00039810       _Init_Display              3003a810 f   ui_shared.obj
 0001:00039830       _GradientBar_Paint         3003a830 f   ui_shared.obj
 0001:000398b0       _Window_Init               3003a8b0 f   ui_shared.obj
 0001:00039930       _Fade                      3003a930 f   ui_shared.obj
 0001:00039a30       _Window_Paint              3003aa30 f   ui_shared.obj
 0001:0003a060       _Item_SetScreenCoords      3003b060 f   ui_shared.obj
 0001:0003a110       _Item_UpdatePosition       3003b110 f   ui_shared.obj
 0001:0003a1b0       _Menu_UpdatePosition       3003b1b0 f   ui_shared.obj
 0001:0003a260       _Menu_PostParse            3003b260 f   ui_shared.obj
 0001:0003a2d0       _Menu_ClearFocus           3003b2d0 f   ui_shared.obj
 0001:0003a3e0       _IsVisible                 3003b3e0 f   ui_shared.obj
 0001:0003a430       _Rect_ContainsPoint        3003b430 f   ui_shared.obj
 0001:0003a4c0       _Menu_ItemsMatchingGroup   3003b4c0 f   ui_shared.obj
 0001:0003a580       _Menu_GetMatchingItemByNumber 3003b580 f   ui_shared.obj
 0001:0003a660       _Script_SetColor           3003b660 f   ui_shared.obj
 0001:0003a7a0       _Script_SetAsset           3003b7a0 f   ui_shared.obj
 0001:0003a7d0       _Script_SetBackground      3003b7d0 f   ui_shared.obj
 0001:0003a820       _Menu_FindItemByName       3003b820 f   ui_shared.obj
 0001:0003a8c0       _Script_SetTeamColor       3003b8c0 f   ui_shared.obj
 0001:0003a930       _Script_SetItemColor       3003b930 f   ui_shared.obj
 0001:0003aaf0       _Menu_ShowItemByName       3003baf0 f   ui_shared.obj
 0001:0003abd0       _Menu_FadeItemByName       3003bbd0 f   ui_shared.obj
 0001:0003aca0       _Menus_FindByName          3003bca0 f   ui_shared.obj
 0001:0003ad20       _Menus_ShowByName          3003bd20 f   ui_shared.obj
 0001:0003ad60       _Menus_OpenByName          3003bd60 f   ui_shared.obj
 0001:0003ad90       _Menus_CloseByName         3003bd90 f   ui_shared.obj
 0001:0003ae50       _Menus_CloseAll            3003be50 f   ui_shared.obj
 0001:0003aee0       _Script_Show               3003bee0 f   ui_shared.obj
 0001:0003af30       _Script_Hide               3003bf30 f   ui_shared.obj
 0001:0003af80       _Script_FadeIn             3003bf80 f   ui_shared.obj
 0001:0003afd0       _Script_FadeOut            3003bfd0 f   ui_shared.obj
 0001:0003b020       _Script_Open               3003c020 f   ui_shared.obj
 0001:0003b060       _Script_ConditionalOpen    3003c060 f   ui_shared.obj
 0001:0003b110       _Script_Close              3003c110 f   ui_shared.obj
 0001:0003b150       _Menu_TransitionItemByName 3003c150 f   ui_shared.obj
 0001:0003b2f0       _Script_Transition         3003c2f0 f   ui_shared.obj
 0001:0003b400       _Menu_OrbitItemByName      3003c400 f   ui_shared.obj
 0001:0003b4d0       _Script_Orbit              3003c4d0 f   ui_shared.obj
 0001:0003b5c0       _Script_SetFocus           3003c5c0 f   ui_shared.obj
 0001:0003b6d0       _Script_SetPlayerModel     3003c6d0 f   ui_shared.obj
 0001:0003b720       _Script_SetPlayerHead      3003c720 f   ui_shared.obj
 0001:0003b770       _Script_SetCvar            3003c770 f   ui_shared.obj
 0001:0003b7d0       _Script_Exec               3003c7d0 f   ui_shared.obj
 0001:0003b830       _Script_Play               3003c830 f   ui_shared.obj
 0001:0003b890       _Script_playLooped         3003c890 f   ui_shared.obj
 0001:0003b8f0       _Item_RunScript            3003c8f0 f   ui_shared.obj
 0001:0003baa0       _Item_EnableShowViaCvar    3003caa0 f   ui_shared.obj
 0001:0003bca0       _Item_SetFocus             3003cca0 f   ui_shared.obj
 0001:0003bf70       _Item_ListBox_MaxScroll    3003cf70 f   ui_shared.obj
 0001:0003c030       _Item_ListBox_ThumbPosition 3003d030 f   ui_shared.obj
 0001:0003c180       _Item_ListBox_ThumbDrawPosition 3003d180 f   ui_shared.obj
 0001:0003c360       _Item_Slider_ThumbPosition 3003d360 f   ui_shared.obj
 0001:0003c480       _Item_Slider_OverSlider    3003d480 f   ui_shared.obj
 0001:0003c500       _Item_ListBox_OverLB       3003d500 f   ui_shared.obj
 0001:0003c860       _Item_ListBox_MouseEnter   3003d860 f   ui_shared.obj
 0001:0003ca60       _Item_MouseEnter           3003da60 f   ui_shared.obj
 0001:0003cc60       _Item_MouseLeave           3003dc60 f   ui_shared.obj
 0001:0003ccf0       _Menu_HitTest              3003dcf0 f   ui_shared.obj
 0001:0003cd70       _Item_SetMouseOver         3003dd70 f   ui_shared.obj
 0001:0003cdc0       _Item_OwnerDraw_HandleKey  3003ddc0 f   ui_shared.obj
 0001:0003ce20       _Item_ListBox_HandleKey    3003de20 f   ui_shared.obj
 0001:0003d800       _Item_YesNo_HandleKey      3003e800 f   ui_shared.obj
 0001:0003d930       _Item_Multi_CountSettings  3003e930 f   ui_shared.obj
 0001:0003d970       _Item_Multi_FindCvarByValue 3003e970 f   ui_shared.obj
 0001:0003dae0       _Item_Multi_Setting        3003eae0 f   ui_shared.obj
 0001:0003dc70       _Item_Multi_HandleKey      3003ec70 f   ui_shared.obj
 0001:0003de70       _Item_TextField_HandleKey  3003ee70 f   ui_shared.obj
 0001:0003e640       _Item_StartCapture         3003f640 f   ui_shared.obj
 0001:0003ee10       _Item_StopCapture          3003fe10 f   ui_shared.obj
 0001:0003ee30       _Item_Slider_HandleKey     3003fe30 f   ui_shared.obj
 0001:0003f060       _Item_HandleKey            30040060 f   ui_shared.obj
 0001:0003f240       _Item_Action               30040240 f   ui_shared.obj
 0001:0003f280       _Menu_SetPrevCursorItem    30040280 f   ui_shared.obj
 0001:0003f430       _Menu_SetNextCursorItem    30040430 f   ui_shared.obj
 0001:0003f5e0       _Menus_Activate            300405e0 f   ui_shared.obj
 0001:0003f820       _Display_VisibleMenuCount  30040820 f   ui_shared.obj
 0001:0003f890       _Menus_HandleOOBClick      30040890 f   ui_shared.obj
 0001:0003fa50       _Menu_HandleKey            30040a50 f   ui_shared.obj
 0001:00040210       _ToWindowCoords            30041210 f   ui_shared.obj
 0001:00040280       _Rect_ToWindowCoords       30041280 f   ui_shared.obj
 0001:000402b0       _Item_SetTextExtents       300412b0 f   ui_shared.obj
 0001:000405c0       _Item_TextColor            300415c0 f   ui_shared.obj
 0001:000408b0       _Item_Text_AutoWrapped_Paint 300418b0 f   ui_shared.obj
 0001:00040d20       _Item_Text_Wrapped_Paint   30041d20 f   ui_shared.obj
 0001:00040fe0       _Item_Text_Paint           30041fe0 f   ui_shared.obj
 0001:00041170       _Item_TextField_Paint      30042170 f   ui_shared.obj
 0001:00041500       _Item_YesNo_Paint          30042500 f   ui_shared.obj
 0001:00041790       _Item_Multi_Paint          30042790 f   ui_shared.obj
 0001:000419a0       _Controls_GetConfig        300429a0 f   ui_shared.obj
 0001:00041b00       _Controls_SetConfig        30042b00 f   ui_shared.obj
 0001:00041bf0       _Controls_SetDefaults      30042bf0 f   ui_shared.obj
 0001:00041c70       _BindingIDFromName         30042c70 f   ui_shared.obj
 0001:00041ce0       _BindingFromName           30042ce0 f   ui_shared.obj
 0001:00041e30       _Item_Slider_Paint         30042e30 f   ui_shared.obj
 0001:00042090       _Item_Bind_Paint           30043090 f   ui_shared.obj
 0001:00042370       _Display_KeyBindPending    30043370 f   ui_shared.obj
 0001:00042390       _Item_Bind_HandleKey       30043390 f   ui_shared.obj
 0001:000427b0       _AdjustFrom640             300437b0 f   ui_shared.obj
 0001:00042840       _Item_Model_Paint          30043840 f   ui_shared.obj
 0001:00042c80       _Item_Image_Paint          30043c80 f   ui_shared.obj
 0001:00042d10       _Item_ListBox_Paint        30043d10 f   ui_shared.obj
 0001:000437d0       _Item_OwnerDraw_Paint      300447d0 f   ui_shared.obj
 0001:00043dc0       _Item_Paint                30044dc0 f   ui_shared.obj
 0001:00044590       _Menu_Init                 30045590 f   ui_shared.obj
 0001:00044630       _Menu_GetFocusedItem       30045630 f   ui_shared.obj
 0001:000446b0       _Menu_GetFocused           300456b0 f   ui_shared.obj
 0001:00044740       _Menu_ScrollFeeder         30045740 f   ui_shared.obj
 0001:000447e0       _Menu_SetFeederSelection   300457e0 f   ui_shared.obj
 0001:00044930       _Menus_AnyFullScreenVisible 30045930 f   ui_shared.obj
 0001:000449b0       _Menus_ActivateByName      300459b0 f   ui_shared.obj
 0001:00044ac0       _Item_Init                 30045ac0 f   ui_shared.obj
 0001:00044b10       _Menu_HandleMouseMove      30045b10 f   ui_shared.obj
 0001:00044de0       _Menu_Paint                30045de0 f   ui_shared.obj
 0001:00044fa0       _Item_ValidateTypeData     30045fa0 f   ui_shared.obj
 0001:00045140       _KeywordHash_Key           30046140 f   ui_shared.obj
 0001:00045220       _KeywordHash_Add           30046220 f   ui_shared.obj
 0001:00045270       _KeywordHash_Find          30046270 f   ui_shared.obj
 0001:000452f0       _ItemParse_name            300462f0 f   ui_shared.obj
 0001:00045330       _ItemParse_focusSound      30046330 f   ui_shared.obj
 0001:00045390       _ItemParse_text            30046390 f   ui_shared.obj
 0001:000453d0       _ItemParse_group           300463d0 f   ui_shared.obj
 0001:00045410       _ItemParse_asset_model     30046410 f   ui_shared.obj
 0001:000454a0       _ItemParse_asset_shader    300464a0 f   ui_shared.obj
 0001:00045500       _ItemParse_model_origin    30046500 f   ui_shared.obj
 0001:000455a0       _ItemParse_model_fovx      300465a0 f   ui_shared.obj
 0001:00045600       _ItemParse_model_fovy      30046600 f   ui_shared.obj
 0001:00045660       _ItemParse_model_rotation  30046660 f   ui_shared.obj
 0001:000456c0       _ItemParse_model_angle     300466c0 f   ui_shared.obj
 0001:00045720       _ItemParse_rect            30046720 f   ui_shared.obj
 0001:00045760       _ItemParse_style           30046760 f   ui_shared.obj
 0001:000457a0       _ItemParse_decoration      300467a0 f   ui_shared.obj
 0001:000457d0       _ItemParse_notselectable   300467d0 f   ui_shared.obj
 0001:00045830       _ItemParse_wrapped         30046830 f   ui_shared.obj
 0001:00045860       _ItemParse_autowrapped     30046860 f   ui_shared.obj
 0001:00045890       _ItemParse_horizontalscroll 30046890 f   ui_shared.obj
 0001:000458c0       _ItemParse_type            300468c0 f   ui_shared.obj
 0001:00045910       _ItemParse_elementwidth    30046910 f   ui_shared.obj
 0001:00045970       _ItemParse_elementheight   30046970 f   ui_shared.obj
 0001:000459d0       _ItemParse_feeder          300469d0 f   ui_shared.obj
 0001:00045a10       _ItemParse_elementtype     30046a10 f   ui_shared.obj
 0001:00045a80       _ItemParse_columns         30046a80 f   ui_shared.obj
 0001:00045bd0       _ItemParse_border          30046bd0 f   ui_shared.obj
 0001:00045c10       _ItemParse_bordersize      30046c10 f   ui_shared.obj
 0001:00045c50       _ItemParse_visible         30046c50 f   ui_shared.obj
 0001:00045cb0       _ItemParse_ownerdraw       30046cb0 f   ui_shared.obj
 0001:00045d00       _ItemParse_align           30046d00 f   ui_shared.obj
 0001:00045d40       _ItemParse_textalign       30046d40 f   ui_shared.obj
 0001:00045d80       _ItemParse_textalignx      30046d80 f   ui_shared.obj
 0001:00045dc0       _ItemParse_textaligny      30046dc0 f   ui_shared.obj
 0001:00045e00       _ItemParse_textscale       30046e00 f   ui_shared.obj
 0001:00045e40       _ItemParse_textstyle       30046e40 f   ui_shared.obj
 0001:00045e80       _ItemParse_backcolor       30046e80 f   ui_shared.obj
 0001:00045ef0       _ItemParse_forecolor       30046ef0 f   ui_shared.obj
 0001:00045f70       _ItemParse_bordercolor     30046f70 f   ui_shared.obj
 0001:00045fe0       _ItemParse_outlinecolor    30046fe0 f   ui_shared.obj
 0001:00046020       _ItemParse_background      30047020 f   ui_shared.obj
 0001:00046080       _ItemParse_cinematic       30047080 f   ui_shared.obj
 0001:000460c0       _ItemParse_doubleClick     300470c0 f   ui_shared.obj
 0001:00046140       _ItemParse_onFocus         30047140 f   ui_shared.obj
 0001:00046180       _ItemParse_leaveFocus      30047180 f   ui_shared.obj
 0001:000461c0       _ItemParse_mouseEnter      300471c0 f   ui_shared.obj
 0001:00046200       _ItemParse_mouseExit       30047200 f   ui_shared.obj
 0001:00046240       _ItemParse_mouseEnterText  30047240 f   ui_shared.obj
 0001:00046280       _ItemParse_mouseExitText   30047280 f   ui_shared.obj
 0001:000462c0       _ItemParse_action          300472c0 f   ui_shared.obj
 0001:00046300       _ItemParse_special         30047300 f   ui_shared.obj
 0001:00046340       _ItemParse_cvarTest        30047340 f   ui_shared.obj
 0001:00046380       _ItemParse_cvar            30047380 f   ui_shared.obj
 0001:00046420       _ItemParse_maxChars        30047420 f   ui_shared.obj
 0001:000464a0       _ItemParse_maxPaintChars   300474a0 f   ui_shared.obj
 0001:00046520       _ItemParse_cvarFloat       30047520 f   ui_shared.obj
 0001:000465f0       _ItemParse_cvarStrList     300475f0 f   ui_shared.obj
 0001:00046810       _ItemParse_cvarFloatList   30047810 f   ui_shared.obj
 0001:00046a00       _ItemParse_addColorRange   30047a00 f   ui_shared.obj
 0001:00046ad0       _ItemParse_ownerdrawFlag   30047ad0 f   ui_shared.obj
 0001:00046b20       _ItemParse_enableCvar      30047b20 f   ui_shared.obj
 0001:00046b70       _ItemParse_disableCvar     30047b70 f   ui_shared.obj
 0001:00046bc0       _ItemParse_showCvar        30047bc0 f   ui_shared.obj
 0001:00046c10       _ItemParse_hideCvar        30047c10 f   ui_shared.obj
 0001:00046c60       _Item_SetupKeywordHash     30047c60 f   ui_shared.obj
 0001:00046ce0       _Item_Parse                30047ce0 f   ui_shared.obj
 0001:00046e40       _Item_InitControls         30047e40 f   ui_shared.obj
 0001:00046ed0       _MenuParse_font            30047ed0 f   ui_shared.obj
 0001:00046f70       _MenuParse_name            30047f70 f   ui_shared.obj
 0001:00046fd0       _MenuParse_fullscreen      30047fd0 f   ui_shared.obj
 0001:00047020       _MenuParse_rect            30048020 f   ui_shared.obj
 0001:00047060       _MenuParse_style           30048060 f   ui_shared.obj
 0001:000470b0       _MenuParse_visible         300480b0 f   ui_shared.obj
 0001:00047110       _MenuParse_onOpen          30048110 f   ui_shared.obj
 0001:00047160       _MenuParse_onClose         30048160 f   ui_shared.obj
 0001:000471b0       _MenuParse_onESC           300481b0 f   ui_shared.obj
 0001:00047200       _MenuParse_border          30048200 f   ui_shared.obj
 0001:00047250       _MenuParse_borderSize      30048250 f   ui_shared.obj
 0001:000472a0       _MenuParse_backcolor       300482a0 f   ui_shared.obj
 0001:00047320       _MenuParse_forecolor       30048320 f   ui_shared.obj
 0001:000473b0       _MenuParse_bordercolor     300483b0 f   ui_shared.obj
 0001:00047430       _MenuParse_focuscolor      30048430 f   ui_shared.obj
 0001:000474b0       _MenuParse_disablecolor    300484b0 f   ui_shared.obj
 0001:00047530       _MenuParse_outlinecolor    30048530 f   ui_shared.obj
 0001:00047580       _MenuParse_background      30048580 f   ui_shared.obj
 0001:000475e0       _MenuParse_cinematic       300485e0 f   ui_shared.obj
 0001:00047630       _MenuParse_ownerdrawFlag   30048630 f   ui_shared.obj
 0001:00047690       _MenuParse_ownerdraw       30048690 f   ui_shared.obj
 0001:000476e0       _MenuParse_popup           300486e0 f   ui_shared.obj
 0001:00047720       _MenuParse_outOfBounds     30048720 f   ui_shared.obj
 0001:00047760       _MenuParse_soundLoop       30048760 f   ui_shared.obj
 0001:000477b0       _MenuParse_fadeClamp       300487b0 f   ui_shared.obj
 0001:00047800       _MenuParse_fadeAmount      30048800 f   ui_shared.obj
 0001:00047850       _MenuParse_fadeCycle       30048850 f   ui_shared.obj
 0001:000478a0       _MenuParse_itemDef         300488a0 f   ui_shared.obj
 0001:000479c0       _Menu_SetupKeywordHash     300489c0 f   ui_shared.obj
 0001:00047a40       _Menu_Parse                30048a40 f   ui_shared.obj
 0001:00047bb0       _Menu_New                  30048bb0 f   ui_shared.obj
 0001:00047c30       _Menu_Count                30048c30 f   ui_shared.obj
 0001:00047c50       _Menu_PaintAll             30048c50 f   ui_shared.obj
 0001:00047d50       _Menu_Reset                30048d50 f   ui_shared.obj
 0001:00047d70       _Display_GetContext        30048d70 f   ui_shared.obj
 0001:00047d90       _Display_CaptureItem       30048d90 f   ui_shared.obj
 0001:00047e20       _Display_MouseMove         30048e20 f   ui_shared.obj
 0001:00047f30       _Display_CursorType        30048f30 f   ui_shared.obj
 0001:00047ff0       _Display_HandleKey         30048ff0 f   ui_shared.obj
 0001:00048050       _Display_CacheAll          30049050 f   ui_shared.obj
 0001:00048390       __fpmath                   30049390 f   LIBCMTD:fpinit.obj
 0001:000483c0       __fpclear                  300493c0 f   LIBCMTD:fpinit.obj
 0001:000483d0       __cfltcvt_init             300493d0 f   LIBCMTD:fpinit.obj
 0001:00048420       ___setfflag                30049420 f   LIBCMTD:fpinit.obj
 0001:00048440       __CIsin                    30049440 f   LIBCMTD:sin.obj
 0001:00048454       _sin                       30049454 f   LIBCMTD:sin.obj
 0001:000484f0       __CIcos                    300494f0 f   LIBCMTD:cos.obj
 0001:00048504       _cos                       30049504 f   LIBCMTD:cos.obj
 0001:000485a0       _atof                      300495a0 f   LIBCMTD:atof.obj
 0001:00048620       _fabs                      30049620 f   LIBCMTD:fabs.obj
 0001:00048714       __ftol                     30049714 f   LIBCMTD:ftol.obj
 0001:00048740       _memset                    30049740 f   LIBCMTD:memset.obj
 0001:000487a0       _abs                       300497a0 f   LIBCMTD:abs.obj
 0001:000487d0       __CIsqrt                   300497d0 f   LIBCMTD:sqrt.obj
 0001:000487e4       _sqrt                      300497e4 f   LIBCMTD:sqrt.obj
 0001:00048890       _atol                      30049890 f   LIBCMTD:atox.obj
 0001:00048990       _atoi                      30049990 f   LIBCMTD:atox.obj
 0001:000489b0       __atoi64                   300499b0 f   LIBCMTD:atox.obj
 0001:00048ae0       _strlen                    30049ae0 f   LIBCMTD:strlen.obj
 0001:00048b60       _srand                     30049b60 f   LIBCMTD:rand.obj
 0001:00048b70       _rand                      30049b70 f   LIBCMTD:rand.obj
 0001:00048bb0       _memcpy                    30049bb0 f   LIBCMTD:memcpy.obj
 0001:00048ef0       _strcpy                    30049ef0 f   LIBCMTD:strcat.obj
 0001:00048f00       _strcat                    30049f00 f   LIBCMTD:strcat.obj
 0001:00048fe0       _vsprintf                  30049fe0 f   LIBCMTD:vsprintf.obj
 0001:000490e0       _strcmp                    3004a0e0 f   LIBCMTD:strcmp.obj
 0001:00049170       __chkstk                   3004a170 f   LIBCMTD:chkstk.obj
 0001:00049170       __alloca_probe             3004a170 f   LIBCMTD:chkstk.obj
 0001:000491a0       _floor                     3004a1a0 f   LIBCMTD:floor.obj
 0001:000492f0       _strchr                    3004a2f0 f   LIBCMTD:strchr.obj
 0001:000492f6       ___from_strstr_to_strchr   3004a2f6 f   LIBCMTD:strchr.obj
 0001:000493b0       __CIacos                   3004a3b0 f   LIBCMTD:acos.obj
 0001:000493c4       _acos                      3004a3c4 f   LIBCMTD:acos.obj
 0001:00049480       _strncpy                   3004a480 f   LIBCMTD:strncpy.obj
 0001:00049580       _strstr                    3004a580 f   LIBCMTD:strstr.obj
 0001:00049600       _atan2                     3004a600 f   LIBCMTD:87ctriga.obj
 0001:0004960a       __CIatan2                  3004a60a f   LIBCMTD:87ctriga.obj
 0001:00049620       __CItan                    3004a620 f   LIBCMTD:tan.obj
 0001:00049634       _tan                       3004a634 f   LIBCMTD:tan.obj
 0001:000496e0       __assert                   3004a6e0 f   LIBCMTD:assert.obj
 0001:00049a60       __tolower                  3004aa60 f   LIBCMTD:tolower.obj
 0001:00049a70       _tolower                   3004aa70 f   LIBCMTD:tolower.obj
 0001:00049b10       __tolower_lk               3004ab10 f   LIBCMTD:tolower.obj
 0001:00049c40       __toupper                  3004ac40 f   LIBCMTD:toupper.obj
 0001:00049c50       _toupper                   3004ac50 f   LIBCMTD:toupper.obj
 0001:00049cf0       __toupper_lk               3004acf0 f   LIBCMTD:toupper.obj
 0001:00049e20       _memmove                   3004ae20 f   LIBCMTD:memmove.obj
 0001:0004a160       __CRT_INIT@12              3004b160 f   LIBCMTD:dllcrt0.obj
 0001:0004a2a0       __DllMainCRTStartup@12     3004b2a0 f   LIBCMTD:dllcrt0.obj
 0001:0004a3a0       __amsg_exit                3004b3a0 f   LIBCMTD:dllcrt0.obj
 0001:0004a3e0       __setdefaultprecision      3004b3e0 f   LIBCMTD:fp8.obj
 0001:0004a400       __ms_p5_test_fdiv          3004b400 f   LIBCMTD:testfdiv.obj
 0001:0004a460       __ms_p5_mp_test_fdiv       3004b460 f   LIBCMTD:testfdiv.obj
 0001:0004a4b0       __forcdecpt                3004b4b0 f   LIBCMTD:cvt.obj
 0001:0004a560       __cropzeros                3004b560 f   LIBCMTD:cvt.obj
 0001:0004a640       __positive                 3004b640 f   LIBCMTD:cvt.obj
 0001:0004a670       __fassign                  3004b670 f   LIBCMTD:cvt.obj
 0001:0004a6c0       __cftoe                    3004b6c0 f   LIBCMTD:cvt.obj
 0001:0004a8b0       __cftof                    3004b8b0 f   LIBCMTD:cvt.obj
 0001:0004aa60       __cftog                    3004ba60 f   LIBCMTD:cvt.obj
 0001:0004ab50       __cfltcvt                  3004bb50 f   LIBCMTD:cvt.obj
 0001:0004abe0       __trandisp1                3004bbe0 f   LIBCMTD:87disp.obj
 0001:0004ac47       __trandisp2                3004bc47 f   LIBCMTD:87disp.obj
 0001:0004acd3       __rttospopde               3004bcd3 f   LIBCMTD:87disp.obj
 0001:0004acd8       __rttospop                 3004bcd8 f   LIBCMTD:87disp.obj
 0001:0004acda       __rtnospop                 3004bcda f   LIBCMTD:87disp.obj
 0001:0004acdc       __rttosnpop                3004bcdc f   LIBCMTD:87disp.obj
 0001:0004acdd       __rtnospopde               3004bcdd f   LIBCMTD:87disp.obj
 0001:0004ace4       __rtzeropop                3004bce4 f   LIBCMTD:87disp.obj
 0001:0004ace6       __rtzeronpop               3004bce6 f   LIBCMTD:87disp.obj
 0001:0004aceb       __rtonepop                 3004bceb f   LIBCMTD:87disp.obj
 0001:0004aced       __rtonenpop                3004bced f   LIBCMTD:87disp.obj
 0001:0004acf2       __tosnan1                  3004bcf2 f   LIBCMTD:87disp.obj
 0001:0004ad1d       __nosnan2                  3004bd1d f   LIBCMTD:87disp.obj
 0001:0004ad1f       __tosnan2                  3004bd1f f   LIBCMTD:87disp.obj
 0001:0004ad47       __nan2                     3004bd47 f   LIBCMTD:87disp.obj
 0001:0004ad86       __rtindfpop                3004bd86 f   LIBCMTD:87disp.obj
 0001:0004ad88       __rtindfnpop               3004bd88 f   LIBCMTD:87disp.obj
 0001:0004ad99       __rttosnpopde              3004bd99 f   LIBCMTD:87disp.obj
 0001:0004ada3       __rtchsifneg               3004bda3 f   LIBCMTD:87disp.obj
 0001:0004adb0       __twoToTOS                 3004bdb0 f   LIBCMTD:common.obj
 0001:0004adc5       __load_CW                  3004bdc5 f   LIBCMTD:common.obj
 0001:0004addc       __convertTOStoQNaN         3004bddc f   LIBCMTD:common.obj
 0001:0004adf5       __fload_withFB             3004bdf5 f   LIBCMTD:common.obj
 0001:0004ae38       __checkTOS_withFB          3004be38 f   LIBCMTD:common.obj
 0001:0004ae4e       __fast_exit                3004be4e f   LIBCMTD:common.obj
 0001:0004ae5b       __math_exit                3004be5b f   LIBCMTD:common.obj
 0001:0004ae85       __check_overflow_exit      3004be85 f   LIBCMTD:common.obj
 0001:0004ae99       __check_range_exit         3004be99 f   LIBCMTD:common.obj
 0001:0004af40       __startTwoArgErrorHandling 3004bf40 f   LIBCMTD:genexcep.obj
 0001:0004af57       __startOneArgErrorHandling 3004bf57 f   LIBCMTD:genexcep.obj
 0001:0004afa0       __fltin2                   3004bfa0 f   LIBCMTD:cfin.obj
 0001:0004b060       __isctype                  3004c060 f   LIBCMTD:isctype.obj
 0001:0004b120       __handle_qnan1             3004c120 f   LIBCMTD:fpexcept.obj
 0001:0004b180       __handle_qnan2             3004c180 f   LIBCMTD:fpexcept.obj
 0001:0004b1f0       __except1                  3004c1f0 f   LIBCMTD:fpexcept.obj
 0001:0004b2b0       __except2                  3004c2b0 f   LIBCMTD:fpexcept.obj
 0001:0004b380       __raise_exc                3004c380 f   LIBCMTD:fpexcept.obj
 0001:0004b850       __handle_exc               3004c850 f   LIBCMTD:fpexcept.obj
 0001:0004bbd0       __umatherr                 3004cbd0 f   LIBCMTD:fpexcept.obj
 0001:0004bc70       __set_errno                3004cc70 f   LIBCMTD:fpexcept.obj
 0001:0004bcf0       __errcode                  3004ccf0 f   LIBCMTD:fpexcept.obj
 0001:0004bd70       __set_exp                  3004cd70 f   LIBCMTD:util.obj
 0001:0004bdb0       __get_exp                  3004cdb0 f   LIBCMTD:util.obj
 0001:0004bde0       __add_exp                  3004cde0 f   LIBCMTD:util.obj
 0001:0004be20       __set_bexp                 3004ce20 f   LIBCMTD:util.obj
 0001:0004be60       __sptype                   3004ce60 f   LIBCMTD:util.obj
 0001:0004bee0       __decomp                   3004cee0 f   LIBCMTD:util.obj
 0001:0004c020       __statfp                   3004d020 f   LIBCMTD:fpctrl.obj
 0001:0004c040       __clrfp                    3004d040 f   LIBCMTD:fpctrl.obj
 0001:0004c060       __ctrlfp                   3004d060 f   LIBCMTD:fpctrl.obj
 0001:0004c0a0       __set_statfp               3004d0a0 f   LIBCMTD:fpctrl.obj
 0001:0004c120       __allmul                   3004d120 f   LIBCMTD:llmul.obj
 0001:0004c160       __mtinit                   3004d160 f   LIBCMTD:tidtable.obj
 0001:0004c1f0       __mtterm                   3004d1f0 f   LIBCMTD:tidtable.obj
 0001:0004c220       __initptd                  3004d220 f   LIBCMTD:tidtable.obj
 0001:0004c240       __getptd                   3004d240 f   LIBCMTD:tidtable.obj
 0001:0004c2e0       __freeptd                  3004d2e0 f   LIBCMTD:tidtable.obj
 0001:0004c3f0       ___threadid                3004d3f0 f   LIBCMTD:tidtable.obj
 0001:0004c400       ___threadhandle            3004d400 f   LIBCMTD:tidtable.obj
 0001:0004c410       __flsbuf                   3004d410 f   LIBCMTD:_flsbuf.obj
 0001:0004c690       __output                   3004d690 f   LIBCMTD:output.obj
 0001:0004d530       __CrtDbgBreak              3004e530 f   LIBCMTD:dbgrpt.obj
 0001:0004d540       __CrtSetReportMode         3004e540 f   LIBCMTD:dbgrpt.obj
 0001:0004d5a0       __CrtSetReportFile         3004e5a0 f   LIBCMTD:dbgrpt.obj
 0001:0004d620       __CrtSetReportHook         3004e620 f   LIBCMTD:dbgrpt.obj
 0001:0004d640       __CrtDbgReport             3004e640 f   LIBCMTD:dbgrpt.obj
 0001:0004dce0       __frnd                     3004ece0 f   LIBCMTD:frnd.obj
 0001:0004dd1c       __fFATN2                   3004ed1c f   LIBCMTD:87triga.obj
 0001:0004dd6c       __rtpiby2                  3004ed6c f   LIBCMTD:87triga.obj
 0001:0004ddb0       __cintrindisp2             3004edb0 f   LIBCMTD:87cdisp.obj
 0001:0004ddee       __cintrindisp1             3004edee f   LIBCMTD:87cdisp.obj
 0001:0004de2b       __ctrandisp2               3004ee2b f   LIBCMTD:87cdisp.obj
 0001:0004dfab       __ctrandisp1               3004efab f   LIBCMTD:87cdisp.obj
 0001:0004dfde       __fload                    3004efde f   LIBCMTD:87cdisp.obj
 0001:0004e020       _abort                     3004f020 f   LIBCMTD:abort.obj
 0001:0004e040       __cinit                    3004f040 f   LIBCMTD:crt0dat.obj
 0001:0004e080       _exit                      3004f080 f   LIBCMTD:crt0dat.obj
 0001:0004e0a0       __exit                     3004f0a0 f   LIBCMTD:crt0dat.obj
 0001:0004e0c0       __cexit                    3004f0c0 f   LIBCMTD:crt0dat.obj
 0001:0004e0e0       __c_exit                   3004f0e0 f   LIBCMTD:crt0dat.obj
 0001:0004e1f0       __lockexit                 3004f1f0 f   LIBCMTD:crt0dat.obj
 0001:0004e200       __unlockexit               3004f200 f   LIBCMTD:crt0dat.obj
 0001:0004e240       _signal                    3004f240 f   LIBCMTD:winsig.obj
 0001:0004e510       _raise                     3004f510 f   LIBCMTD:winsig.obj
 0001:0004e7b0       ___fpecode                 3004f7b0 f   LIBCMTD:winsig.obj
 0001:0004e7c0       ___pxcptinfoptrs           3004f7c0 f   LIBCMTD:winsig.obj
 0001:0004e7d0       ___crtMessageBoxA          3004f7d0 f   LIBCMTD:crtmbox.obj
 0001:0004e890       __itoa                     3004f890 f   LIBCMTD:xtoa.obj
 0001:0004e9b0       __ltoa                     3004f9b0 f   LIBCMTD:xtoa.obj
 0001:0004e9f0       __ultoa                    3004f9f0 f   LIBCMTD:xtoa.obj
 0001:0004ea10       __i64toa                   3004fa10 f   LIBCMTD:xtoa.obj
 0001:0004eb60       __ui64toa                  3004fb60 f   LIBCMTD:xtoa.obj
 0001:0004eb80       _strncat                   3004fb80 f   LIBCMTD:strncat.obj
 0001:0004ecb0       _fflush                    3004fcb0 f   LIBCMTD:fflush.obj
 0001:0004ed00       __fflush_lk                3004fd00 f   LIBCMTD:fflush.obj
 0001:0004ed50       __flush                    3004fd50 f   LIBCMTD:fflush.obj
 0001:0004ee10       __flushall                 3004fe10 f   LIBCMTD:fflush.obj
 0001:0004ef60       _fprintf                   3004ff60 f   LIBCMTD:fprintf.obj
 0001:0004f030       _setvbuf                   30050030 f   LIBCMTD:setvbuf.obj
 0001:0004f1a0       ___initstdio               300501a0 f   LIBCMTD:_file.obj
 0001:0004f2d0       ___endstdio                300502d0 f   LIBCMTD:_file.obj
 0001:0004f2f0       __lock_file                300502f0 f   LIBCMTD:_file.obj
 0001:0004f330       __lock_file2               30050330 f   LIBCMTD:_file.obj
 0001:0004f360       __unlock_file              30050360 f   LIBCMTD:_file.obj
 0001:0004f3a0       __unlock_file2             300503a0 f   LIBCMTD:_file.obj
 0001:0004f3d0       __mtinitlocks              300503d0 f   LIBCMTD:mlock.obj
 0001:0004f410       __mtdeletelocks            30050410 f   LIBCMTD:mlock.obj
 0001:0004f4b0       __lock                     300504b0 f   LIBCMTD:mlock.obj
 0001:0004f550       __unlock                   30050550 f   LIBCMTD:mlock.obj
 0001:0004f570       __lockerr_exit             30050570 f   LIBCMTD:mlock.obj
 0001:0004f590       _setlocale                 30050590 f   LIBCMTD:setlocal.obj
 0001:0004fc20       __expandlocale             30050c20 f   LIBCMTD:setlocal.obj
 0001:0004fdb0       ___init_dummy              30050db0 f   LIBCMTD:setlocal.obj
 0001:0004fdc0       __strcats                  30050dc0 f   LIBCMTD:setlocal.obj
 0001:0004fe10       ___lc_strtolc              30050e10 f   LIBCMTD:setlocal.obj
 0001:0004ff70       ___lc_lctostr              30050f70 f   LIBCMTD:setlocal.obj
 0001:0004ffe0       ___crtLCMapStringA         30050fe0 f   LIBCMTD:a_map.obj
 0001:00050340       __ioinit                   30051340 f   LIBCMTD:ioinit.obj
 0001:00050670       __ioterm                   30051670 f   LIBCMTD:ioinit.obj
 0001:00050710       _malloc                    30051710 f   LIBCMTD:dbgheap.obj
 0001:00050730       __malloc_dbg               30051730 f   LIBCMTD:dbgheap.obj
 0001:00050760       __nh_malloc                30051760 f   LIBCMTD:dbgheap.obj
 0001:00050780       __nh_malloc_dbg            30051780 f   LIBCMTD:dbgheap.obj
 0001:000507e0       __heap_alloc               300517e0 f   LIBCMTD:dbgheap.obj
 0001:00050800       __heap_alloc_dbg           30051800 f   LIBCMTD:dbgheap.obj
 0001:00050b20       _calloc                    30051b20 f   LIBCMTD:dbgheap.obj
 0001:00050b40       __calloc_dbg               30051b40 f   LIBCMTD:dbgheap.obj
 0001:00050ba0       _realloc                   30051ba0 f   LIBCMTD:dbgheap.obj
 0001:00050bc0       __realloc_dbg              30051bc0 f   LIBCMTD:dbgheap.obj
 0001:00051120       __expand                   30052120 f   LIBCMTD:dbgheap.obj
 0001:00051140       __expand_dbg               30052140 f   LIBCMTD:dbgheap.obj
 0001:00051180       _free                      30052180 f   LIBCMTD:dbgheap.obj
 0001:000511a0       __free_lk                  300521a0 f   LIBCMTD:dbgheap.obj
 0001:000511c0       __free_dbg                 300521c0 f   LIBCMTD:dbgheap.obj
 0001:000511f0       __free_dbg_lk              300521f0 f   LIBCMTD:dbgheap.obj
 0001:000515e0       __msize                    300525e0 f   LIBCMTD:dbgheap.obj
 0001:00051600       __msize_dbg                30052600 f   LIBCMTD:dbgheap.obj
 0001:00051760       __CrtSetBreakAlloc         30052760 f   LIBCMTD:dbgheap.obj
 0001:00051780       __CrtSetDbgBlockType       30052780 f   LIBCMTD:dbgheap.obj
 0001:00051820       __CrtSetAllocHook          30052820 f   LIBCMTD:dbgheap.obj
 0001:000518d0       __CrtCheckMemory           300528d0 f   LIBCMTD:dbgheap.obj
 0001:00051c40       __CrtSetDbgFlag            30052c40 f   LIBCMTD:dbgheap.obj
 0001:00051c70       __CrtDoForAllClientObjects 30052c70 f   LIBCMTD:dbgheap.obj
 0001:00051ce0       __CrtIsValidPointer        30052ce0 f   LIBCMTD:dbgheap.obj
 0001:00051d30       __CrtIsValidHeapPointer    30052d30 f   LIBCMTD:dbgheap.obj
 0001:00051dc0       __CrtIsMemoryBlock         30052dc0 f   LIBCMTD:dbgheap.obj
 0001:00051eb0       __CrtSetDumpClient         30052eb0 f   LIBCMTD:dbgheap.obj
 0001:00051ed0       __CrtMemCheckpoint         30052ed0 f   LIBCMTD:dbgheap.obj
 0001:00052040       __CrtMemDifference         30053040 f   LIBCMTD:dbgheap.obj
 0001:00052170       __CrtMemDumpAllObjectsSince 30053170 f   LIBCMTD:dbgheap.obj
 0001:00052550       __CrtDumpMemoryLeaks       30053550 f   LIBCMTD:dbgheap.obj
 0001:000525d0       __CrtMemDumpStatistics     300535d0 f   LIBCMTD:dbgheap.obj
 0001:000526a0       __setenvp                  300536a0 f   LIBCMTD:stdenvp.obj
 0001:000527f0       __setargv                  300537f0 f   LIBCMTD:stdargv.obj
 0001:00052d00       ___crtGetEnvironmentStringsA 30053d00 f   LIBCMTD:a_env.obj
 0001:00052f20       __heap_init                30053f20 f   LIBCMTD:heapinit.obj
 0001:00052f70       __heap_term                30053f70 f   LIBCMTD:heapinit.obj
 0001:00053010       _DllMain@12                30054010 f   LIBCMTD:dllmain.obj
 0001:00053020       __FF_MSGBANNER             30054020 f   LIBCMTD:crt0msg.obj
 0001:00053070       __NMSG_WRITE               30054070 f   LIBCMTD:crt0msg.obj
 0001:00053230       __GET_RTERRMSG             30054230 f   LIBCMTD:crt0msg.obj
 0001:00053280       __statusfp                 30054280 f   LIBCMTD:ieee87.obj
 0001:000532a0       __clearfp                  300542a0 f   LIBCMTD:ieee87.obj
 0001:000532c0       __control87                300542c0 f   LIBCMTD:ieee87.obj
 0001:00053310       __controlfp                30054310 f   LIBCMTD:ieee87.obj
 0001:00053330       __fpreset                  30054330 f   LIBCMTD:ieee87.obj
 0001:00053720       __ZeroTail                 30054720 f   LIBCMTD:intrncvt.obj
 0001:000537b0       __IncMan                   300547b0 f   LIBCMTD:intrncvt.obj
 0001:00053860       __RoundMan                 30054860 f   LIBCMTD:intrncvt.obj
 0001:00053940       __CopyMan                  30054940 f   LIBCMTD:intrncvt.obj
 0001:00053990       __FillZeroMan              30054990 f   LIBCMTD:intrncvt.obj
 0001:000539c0       __IsZeroMan                300549c0 f   LIBCMTD:intrncvt.obj
 0001:00053a00       __ShrMan                   30054a00 f   LIBCMTD:intrncvt.obj
 0001:00053af0       __ld12cvt                  30054af0 f   LIBCMTD:intrncvt.obj
 0001:00053d40       __ld12tod                  30054d40 f   LIBCMTD:intrncvt.obj
 0001:00053d60       __ld12tof                  30054d60 f   LIBCMTD:intrncvt.obj
 0001:00053d80       __ld12told                 30054d80 f   LIBCMTD:intrncvt.obj
 0001:00053e40       __atodbl                   30054e40 f   LIBCMTD:intrncvt.obj
 0001:00053e80       __atoldbl                  30054e80 f   LIBCMTD:intrncvt.obj
 0001:00053ec0       __atoflt                   30054ec0 f   LIBCMTD:intrncvt.obj
 0001:00053f00       __fptostr                  30054f00 f   LIBCMTD:_fptostr.obj
 0001:00054000       __fltout2                  30055000 f   LIBCMTD:cfout.obj
 0001:00054080       ___dtold                   30055080 f   LIBCMTD:cfout.obj
 0001:000541f0       __fptrap                   300551f0 f   LIBCMTD:crt0fp.obj
 0001:00054200       __87except                 30055200 f   LIBCMTD:87except.obj
 0001:00054380       ___strgtold12              30055380 f   LIBCMTD:strgtold.obj
 0001:00054eb0       ___STRINGTOLD              30055eb0 f   LIBCMTD:strgtold.obj
 0001:00054f00       ___crtGetStringTypeA       30055f00 f   LIBCMTD:a_str.obj
 0001:000550c0       __dosmaperr                300560c0 f   LIBCMTD:dosmap.obj
 0001:00055160       __errno                    30056160 f   LIBCMTD:dosmap.obj
 0001:00055170       ___doserrno                30056170 f   LIBCMTD:dosmap.obj
 0001:00055180       __matherr                  30056180 f   LIBCMTD:matherr.obj
 0001:00055190       __XcptFilter               30056190 f   LIBCMTD:winxfltr.obj
 0001:000553b0       __lseek                    300563b0 f   LIBCMTD:lseek.obj
 0001:00055440       __lseek_lk                 30056440 f   LIBCMTD:lseek.obj
 0001:00055500       __write                    30056500 f   LIBCMTD:write.obj
 0001:00055590       __write_lk                 30056590 f   LIBCMTD:write.obj
 0001:00055810       __getbuf                   30056810 f   LIBCMTD:_getbuf.obj
 0001:000558e0       __isatty                   300568e0 f   LIBCMTD:isatty.obj
 0001:00055920       _wctomb                    30056920 f   LIBCMTD:wctomb.obj
 0001:000559a0       __wctomb_lk                300569a0 f   LIBCMTD:wctomb.obj
 0001:00055a40       __aulldiv                  30056a40 f   LIBCMTD:ulldiv.obj
 0001:00055ab0       __aullrem                  30056ab0 f   LIBCMTD:ullrem.obj
 0001:00055b30       __snprintf                 30056b30 f   LIBCMTD:snprintf.obj
 0001:00055c30       __vsnprintf                30056c30 f   LIBCMTD:vsnprint.obj
 0001:00055d30       __commit                   30056d30 f   LIBCMTD:commit.obj
 0001:00055e10       __stbuf                    30056e10 f   LIBCMTD:_sftbuf.obj
 0001:00055f70       __ftbuf                    30056f70 f   LIBCMTD:_sftbuf.obj
 0001:00056010       __freebuf                  30057010 f   LIBCMTD:_freebuf.obj
 0001:000560b0       __fcloseall                300570b0 f   LIBCMTD:closeall.obj
 0001:00056190       ___init_time               30057190 f   LIBCMTD:inittime.obj
 0001:00056b10       ___init_numeric            30057b10 f   LIBCMTD:initnum.obj
 0001:00056e40       ___init_monetary           30057e40 f   LIBCMTD:initmon.obj
 0001:000572a0       ___init_ctype              300582a0 f   LIBCMTD:initctyp.obj
 0001:00057640       ___init_collate            30058640 f   LIBCMTD:initcoll.obj
 0001:00057650       _strcspn                   30058650 f   LIBCMTD:strcspn.obj
 0001:00057690       _strncmp                   30058690 f   LIBCMTD:strncmp.obj
 0001:000576d0       _strpbrk                   300586d0 f   LIBCMTD:strpbrk.obj
 0001:00057710       ___get_qualified_locale    30058710 f   LIBCMTD:getqloc.obj
 0001:000584a8       __global_unwind2           300594a8 f   LIBCMTD:exsup.obj
 0001:000584ea       __local_unwind2            300594ea f   LIBCMTD:exsup.obj
 0001:00058542       __NLG_Return2              30059542 f   LIBCMTD:exsup.obj
 0001:00058552       __abnormal_termination     30059552 f   LIBCMTD:exsup.obj
 0001:00058575       __NLG_Notify1              30059575 f   LIBCMTD:exsup.obj
 0001:0005857e       __NLG_Notify               3005957e f   LIBCMTD:exsup.obj
 0001:00058591       __NLG_Dispatch             30059591 f   LIBCMTD:exsup.obj
 0001:000585a0       __except_handler3          300595a0 f   LIBCMTD:exsup3.obj
 0001:0005865d       __seh_longjmp_unwind@4     3005965d f   LIBCMTD:exsup3.obj
 0001:00058680       ?_set_new_handler@@YAP6AHI@ZP6AHI@Z@Z 30059680 f   LIBCMTD:handler.obj
 0001:000586b0       ?_query_new_handler@@YAP6AHI@ZXZ 300596b0 f   LIBCMTD:handler.obj
 0001:000586c0       __callnewh                 300596c0 f   LIBCMTD:handler.obj
 0001:000586f0       __malloc_base              300596f0 f   LIBCMTD:malloc.obj
 0001:00058710       __nh_malloc_base           30059710 f   LIBCMTD:malloc.obj
 0001:00058770       __heap_alloc_base          30059770 f   LIBCMTD:malloc.obj
 0001:000587e0       __CrtDefaultAllocHook      300597e0 f   LIBCMTD:dbghook.obj
 0001:000587f0       __expand_base              300597f0 f   LIBCMTD:expand.obj
 0001:000588a0       __realloc_base             300598a0 f   LIBCMTD:realloc.obj
 0001:00058a90       __free_base                30059a90 f   LIBCMTD:free.obj
 0001:00058b00       __heapchk                  30059b00 f   LIBCMTD:heapchk.obj
 0001:00058b80       __heapset                  30059b80 f   LIBCMTD:heapchk.obj
 0001:00058b90       __get_sbh_threshold        30059b90 f   LIBCMTD:sbheap.obj
 0001:00058ba0       __set_sbh_threshold        30059ba0 f   LIBCMTD:sbheap.obj
 0001:00058bc0       ___sbh_heap_init           30059bc0 f   LIBCMTD:sbheap.obj
 0001:00058c20       ___sbh_find_block          30059c20 f   LIBCMTD:sbheap.obj
 0001:00058c80       ___sbh_verify_block        30059c80 f   LIBCMTD:sbheap.obj
 0001:00058ce0       ___sbh_free_block          30059ce0 f   LIBCMTD:sbheap.obj
 0001:000592b0       ___sbh_alloc_block         3005a2b0 f   LIBCMTD:sbheap.obj
 0001:000597f0       ___sbh_alloc_new_region    3005a7f0 f   LIBCMTD:sbheap.obj
 0001:00059900       ___sbh_alloc_new_group     3005a900 f   LIBCMTD:sbheap.obj
 0001:00059af0       ___sbh_resize_block        3005aaf0 f   LIBCMTD:sbheap.obj
 0001:0005a0e0       ___sbh_heapmin             3005b0e0 f   LIBCMTD:sbheap.obj
 0001:0005a210       ___sbh_heap_check          3005b210 f   LIBCMTD:sbheap.obj
 0001:0005a830       _sprintf                   3005b830 f   LIBCMTD:sprintf.obj
 0001:0005a930       __setmbcp                  3005b930 f   LIBCMTD:mbctype.obj
 0001:0005b0f0       __getmbcp                  3005c0f0 f   LIBCMTD:mbctype.obj
 0001:0005b110       ___initmbctable            3005c110 f   LIBCMTD:mbctype.obj
 0001:0005b140       ___addl                    3005c140 f   LIBCMTD:mantold.obj
 0001:0005b180       ___add_12                  3005c180 f   LIBCMTD:mantold.obj
 0001:0005b230       ___shl_12                  3005c230 f   LIBCMTD:mantold.obj
 0001:0005b290       ___shr_12                  3005c290 f   LIBCMTD:mantold.obj
 0001:0005b300       ___mtold12                 3005c300 f   LIBCMTD:mantold.obj
 0001:0005b440       _$I10_OUTPUT               3005c440 f   LIBCMTD:x10fout.obj
 0001:0005b960       ___ld12mul                 3005c960 f   LIBCMTD:tenpow.obj
 0001:0005bda0       ___multtenpow12            3005cda0 f   LIBCMTD:tenpow.obj
 0001:0005be70       __alloc_osfhnd             3005ce70 f   LIBCMTD:osfinfo.obj
 0001:0005c060       __set_osfhnd               3005d060 f   LIBCMTD:osfinfo.obj
 0001:0005c120       __free_osfhnd              3005d120 f   LIBCMTD:osfinfo.obj
 0001:0005c200       __get_osfhandle            3005d200 f   LIBCMTD:osfinfo.obj
 0001:0005c270       __open_osfhandle           3005d270 f   LIBCMTD:osfinfo.obj
 0001:0005c380       __lock_fhandle             3005d380 f   LIBCMTD:osfinfo.obj
 0001:0005c410       __unlock_fhandle           3005d410 f   LIBCMTD:osfinfo.obj
 0001:0005c440       _fclose                    3005d440 f   LIBCMTD:fclose.obj
 0001:0005c4d0       __fclose_lk                3005d4d0 f   LIBCMTD:fclose.obj
 0001:0005c590       __Getdays                  3005d590 f   LIBCMTD:strftime.obj
 0001:0005c6c0       __Getmonths                3005d6c0 f   LIBCMTD:strftime.obj
 0001:0005c7f0       __Gettnames                3005d7f0 f   LIBCMTD:strftime.obj
 0001:0005cb60       _strftime                  3005db60 f   LIBCMTD:strftime.obj
 0001:0005cb80       __Strftime                 3005db80 f   LIBCMTD:strftime.obj
 0001:0005da00       ___getlocaleinfo           3005ea00 f   LIBCMTD:inithelp.obj
 0001:0005dc90       _localeconv                3005ec90 f   LIBCMTD:lconv.obj
 0001:0005dca0       ___crtGetStringTypeW       3005eca0 f   LIBCMTD:w_str.obj
 0001:0005df10       __stricmp                  3005ef10 f   LIBCMTD:stricmp.obj
 0001:0005df10       __strcmpi                  3005ef10 f   LIBCMTD:stricmp.obj
 0001:0005dfe0       __strnicmp                 3005efe0 f   LIBCMTD:strnicmp.obj
 0001:0005e0f0       __close                    3005f0f0 f   LIBCMTD:close.obj
 0001:0005e170       __close_lk                 3005f170 f   LIBCMTD:close.obj
 0001:0005e220       ___tzset                   3005f220 f   LIBCMTD:tzset.obj
 0001:0005e260       __tzset                    3005f260 f   LIBCMTD:tzset.obj
 0001:0005e630       __isindst                  3005f630 f   LIBCMTD:tzset.obj
 0001:0005eb60       ___crtGetLocaleInfoW       3005fb60 f   LIBCMTD:w_loc.obj
 0001:0005ed00       ___crtGetLocaleInfoA       3005fd00 f   LIBCMTD:a_loc.obj
 0001:0005eeb0       _getenv                    3005feb0 f   LIBCMTD:getenv.obj
 0001:0005eee0       __getenv_lk                3005fee0 f   LIBCMTD:getenv.obj
 0001:0005efb0       __mbsnbicoll               3005ffb0 f   LIBCMTD:mbsnbico.obj
 0001:0005f000       ___wtomb_environ           30060000 f   LIBCMTD:wtombenv.obj
 0001:0005f0b0       ___crtCompareStringA       300600b0 f   LIBCMTD:a_cmp.obj
 0001:0005f500       ___crtsetenv               30060500 f   LIBCMTD:setenv.obj
 0001:0005f950       __mbschr                   30060950 f   LIBCMTD:mbschr.obj
 0001:0005fa3e       _GetModuleFileNameA@12     30060a3e f   kernel32:KERNEL32.dll
 0001:0005fa44       _InterlockedDecrement@4    30060a44 f   kernel32:KERNEL32.dll
 0001:0005fa4a       _InterlockedIncrement@4    30060a4a f   kernel32:KERNEL32.dll
 0001:0005fa50       _GetCommandLineA@0         30060a50 f   kernel32:KERNEL32.dll
 0001:0005fa56       _GetVersion@0              30060a56 f   kernel32:KERNEL32.dll
 0001:0005fa5c       _GetProcAddress@8          30060a5c f   kernel32:KERNEL32.dll
 0001:0005fa62       _GetModuleHandleA@4        30060a62 f   kernel32:KERNEL32.dll
 0001:0005fa68       _RaiseException@16         30060a68 f   kernel32:KERNEL32.dll
 0001:0005fa6e       _GetCurrentThreadId@0      30060a6e f   kernel32:KERNEL32.dll
 0001:0005fa74       _TlsSetValue@8             30060a74 f   kernel32:KERNEL32.dll
 0001:0005fa7a       _TlsAlloc@0                30060a7a f   kernel32:KERNEL32.dll
 0001:0005fa80       _TlsFree@4                 30060a80 f   kernel32:KERNEL32.dll
 0001:0005fa86       _SetLastError@4            30060a86 f   kernel32:KERNEL32.dll
 0001:0005fa8c       _TlsGetValue@4             30060a8c f   kernel32:KERNEL32.dll
 0001:0005fa92       _GetLastError@0            30060a92 f   kernel32:KERNEL32.dll
 0001:0005fa98       _GetCurrentThread@0        30060a98 f   kernel32:KERNEL32.dll
 0001:0005fa9e       _DebugBreak@0              30060a9e f   kernel32:KERNEL32.dll
 0001:0005faa4       _GetStdHandle@4            30060aa4 f   kernel32:KERNEL32.dll
 0001:0005faaa       _WriteFile@20              30060aaa f   kernel32:KERNEL32.dll
 0001:0005fab0       _OutputDebugStringA@4      30060ab0 f   kernel32:KERNEL32.dll
 0001:0005fab6       _LoadLibraryA@4            30060ab6 f   kernel32:KERNEL32.dll
 0001:0005fabc       _ExitProcess@4             30060abc f   kernel32:KERNEL32.dll
 0001:0005fac2       _TerminateProcess@8        30060ac2 f   kernel32:KERNEL32.dll
 0001:0005fac8       _GetCurrentProcess@0       30060ac8 f   kernel32:KERNEL32.dll
 0001:0005face       _SetConsoleCtrlHandler@8   30060ace f   kernel32:KERNEL32.dll
 0001:0005fad4       _EnterCriticalSection@4    30060ad4 f   kernel32:KERNEL32.dll
 0001:0005fada       _LeaveCriticalSection@4    30060ada f   kernel32:KERNEL32.dll
 0001:0005fae0       _InitializeCriticalSection@4 30060ae0 f   kernel32:KERNEL32.dll
 0001:0005fae6       _DeleteCriticalSection@4   30060ae6 f   kernel32:KERNEL32.dll
 0001:0005faec       _FatalAppExitA@8           30060aec f   kernel32:KERNEL32.dll
[...]
 0003:001cf550       __umaskval                 30270550     LIBCMTD:crt0dat.obj
 0003:001cf554       __osver                    30270554     LIBCMTD:crt0dat.obj
 0003:001cf558       __winver                   30270558     LIBCMTD:crt0dat.obj
 0003:001cf55c       __winmajor                 3027055c     LIBCMTD:crt0dat.obj
 0003:001cf560       __winminor                 30270560     LIBCMTD:crt0dat.obj
 0003:001cf564       ___argc                    30270564     LIBCMTD:crt0dat.obj
 0003:001cf568       ___argv                    30270568     LIBCMTD:crt0dat.obj
 0003:001cf56c       ___wargv                   3027056c     LIBCMTD:crt0dat.obj
 0003:001cf570       __environ                  30270570     LIBCMTD:crt0dat.obj
 0003:001cf574       ___initenv                 30270574     LIBCMTD:crt0dat.obj
 0003:001cf578       __wenviron                 30270578     LIBCMTD:crt0dat.obj
 0003:001cf57c       ___winitenv                3027057c     LIBCMTD:crt0dat.obj
 0003:001cf580       __pgmptr                   30270580     LIBCMTD:crt0dat.obj
 0003:001cf584       __wpgmptr                  30270584     LIBCMTD:crt0dat.obj
 0003:001cf588       __exitflag                 30270588     LIBCMTD:crt0dat.obj
 0003:001cf58c       __C_Termination_Done       3027058c     LIBCMTD:crt0dat.obj
 0003:001cf590       __C_Exit_Done              30270590     LIBCMTD:crt0dat.obj
 0003:001cf5b8       __cflush                   302705b8     LIBCMTD:_file.obj
 0003:001cf62c       ___lc_handle               3027062c     LIBCMTD:nlsdata2.obj
 0003:001cf644       ___lc_codepage             30270644     LIBCMTD:nlsdata2.obj
 0003:001cf648       ___lc_collate_cp           30270648     LIBCMTD:nlsdata2.obj
 0003:001cf76c       __adbgmsg                  3027076c     LIBCMTD:crt0msg.obj
 0003:001cf774       __stdbuf                   30270774     LIBCMTD:_sftbuf.obj
 0003:001cf77c       ___lc_time_intl            3027077c     LIBCMTD:inittime.obj
 0003:001cf798       ___lc_id                   30270798     LIBCMTD:nlsdata3.obj
 0003:001cf7e0       __newmode                  302707e0     LIBCMTD:_newmode.obj
 0003:001cf7e4       ?_pnhHeap@@3P6AHI@ZA       302707e4     LIBCMTD:handler.obj
 0003:001cf7f4       ___lconv_static_null       302707f4     LIBCMTD:lconv.obj
 0003:001cf8e0       _menuStack                 302708e0     <common>
 0003:001d1cc0       _Menus                     30272cc0     <common>
 0003:001dbdc0       _menuParseKeywordHash      3027cdc0     <common>
 0003:001dc5c0       _g_nameBind1               3027d5c0     <common>
 0003:001dc5e0       _g_nameBind2               3027d5e0     <common>
 0003:001dc600       _itemParseKeywordHash      3027d600     <common>
 0003:001dce00       _voiceChatLists            3027de00     <common>
 0003:00474c00       _voiceChatBuffer           30515c00     <common>
 0003:00477300       _headModelVoiceChat        30518300     <common>
 0003:00478400       _rforward                  30519400     <common>
 0003:0048212c       _oldtime                   3052312c     <common>
 0003:00482130       _pvright                   30523130     <common>
 0003:00482140       _pvforward                 30523140     <common>
 0003:00482150       _rup                       30523150     <common>
 0003:00482160       _particles                 30523160     <common>
 0003:004a1160       _rright                    30542160     <common>
 0003:004a116c       _cg_freeMarkPolys          3054216c     <common>
 0003:004a1180       _cg_activeMarkPolys        30542180     <common>
 0003:004a12a0       _cg_markPolys              305422a0     <common>
 0003:004b32a0       _free_particles            305542a0     <common>
 0003:004b32b0       _pvup                      305542b0     <common>
 0003:004b32bc       _active_particles          305542bc     <common>
 0003:004b32c0       _cg_bigFont                305542c0     <common>
 0003:004e6de0       _cg_teamChatsOnly          30587de0     <common>
 0003:004e6f00       _cg_deferPlayers           30587f00     <common>
 0003:004e7020       _cg_timescaleFadeSpeed     30588020     <common>
 0003:004e7140       _cg_crosshairSize          30588140     <common>
 0003:004e7260       _cg_teamChatTime           30588260     <common>
 0003:004e7380       _cg_simpleItems            30588380     <common>
 0003:004e74a0       _cgs                       305884a0     <common>
 0003:0050cbc0       _cg_drawTeamOverlay        305adbc0     <common>
 0003:0050cce0       _cg_predictItems           305adce0     <common>
 0003:0050ce00       _cg_showmiss               305ade00     <common>
 0003:0050cf20       _cg_tracerChance           305adf20     <common>
 0003:0050d040       _cg_noTaunt                305ae040     <common>
 0003:0050d160       _cg_drawFPS                305ae160     <common>
 0003:0050d280       _cg_viewsize               305ae280     <common>
 0003:0050d3a0       _cg_oldRail                305ae3a0     <common>
 0003:0050d4c0       _cg_drawCrosshair          305ae4c0     <common>
 0003:0050d5e0       _cg_crosshairHealth        305ae5e0     <common>
 0003:0050d700       _cg_gun_x                  305ae700     <common>
 0003:0050d820       _cg_gun_y                  305ae820     <common>
 0003:0050d940       _pmove_msec                305ae940     <common>
 0003:0050da60       _cg_errorDecay             305aea60     <common>
 0003:0050db80       _cg_smallFont              305aeb80     <common>
 0003:0050dca0       _cg_crosshairX             305aeca0     <common>
 0003:0050ddc0       _cg_timescale              305aedc0     <common>
 0003:0050dee0       _cg_drawAttacker           305aeee0     <common>
 0003:0050e000       _cg_autoswitch             305af000     <common>
 0003:0050e120       _cg_tracerLength           305af120     <common>
 0003:0050e240       _cg_noProjectileTrail      305af240     <common>
 0003:0050e360       _cg_gun_z                  305af360     <common>
 0003:0050e480       _cg_stats                  305af480     <common>
 0003:0050e5a0       _cg_zoomFov                305af5a0     <common>
 0003:0050e6c0       _cg_forceModel             305af6c0     <common>
 0003:0050e7e0       _cg_scorePlum              305af7e0     <common>
 0003:0050e900       _cg_animSpeed              305af900     <common>
 0003:0050ea20       _cg_synchronousClients     305afa20     <common>
 0003:0050eb40       _cg_debugEvents            305afb40     <common>
 0003:0050ec60       _cg_thirdPerson            305afc60     <common>
 0003:0050ed80       _cg_swingSpeed             305afd80     <common>
 0003:0050eea0       _cg_addMarks               305afea0     <common>
 0003:0050efc0       _cg_blood                  305affc0     <common>
 0003:0050f0e0       _cg_cameraMode             305b00e0     <common>
 0003:0050f200       _cg_teamChatHeight         305b0200     <common>
 0003:0050f320       _cg_timescaleFadeEnd       305b0320     <common>
 0003:0050f440       _cg_bobup                  305b0440     <common>
 0003:0050f560       _cg_drawAmmoWarning        305b0560     <common>
 0003:0050f680       _cg_noVoiceChats           305b0680     <common>
 0003:0050f7a0       _cg_paused                 305b07a0     <common>
 0003:0050f8c0       _cg_oldRocket              305b08c0     <common>
 0003:0050f9e0       _pmove_fixed               305b09e0     <common>
 0003:0050fb00       _cg_noVoiceText            305b0b00     <common>
 0003:0050fc20       _cg_draw3dIcons            305b0c20     <common>
 0003:0050fd40       _cg_thirdPersonAngle       305b0d40     <common>
 0003:0050fe60       _cg_drawFriend             305b0e60     <common>
 0003:0050ff80       _cg_drawGun                305b0f80     <common>
 0003:005100a0       _cg_stereoSeparation       305b10a0     <common>
 0003:005101c0       _cg_debugAnim              305b11c0     <common>
 0003:005102e0       _cg_runpitch               305b12e0     <common>
 0003:00510400       _cg_oldPlasma              305b1400     <common>
 0003:00510520       _cg                        305b1520     <common>
 0003:0052ed60       _cg_teamOverlayUserinfo    305cfd60     <common>
 0003:0052ee80       _cg_trueLightning          305cfe80     <common>
 0003:0052efa0       _cg_drawCrosshairNames     305cffa0     <common>
 0003:0052f0c0       _cg_railTrailTime          305d00c0     <common>
 0003:0052f1e0       _cg_tracerWidth            305d01e0     <common>
 0003:0052f300       _cg_items                  305d0300     <common>
 0003:00530b00       _cg_cameraOrbitDelay       305d1b00     <common>
 0003:00530c20       _cg_drawTimer              305d1c20     <common>
 0003:00530d40       _cg_noPlayerAnims          305d1d40     <common>
 0003:00530e60       _cg_weapons                305d1e60     <common>
 0003:005316e0       _cg_pmove_msec             305d26e0     <common>
 0003:00531800       _cg_debugPosition          305d2800     <common>
 0003:00531920       _cg_smoothClients          305d2920     <common>
 0003:00531a40       _cg_draw2D                 305d2a40     <common>
 0003:00531b60       _cg_bobpitch               305d2b60     <common>
 0003:00531c80       _cg_fov                    305d2c80     <common>
 0003:00531da0       _cg_buildScript            305d2da0     <common>
 0003:00531ec0       _cg_drawSnapshot           305d2ec0     <common>
 0003:00531fe0       _cg_centertime             305d2fe0     <common>
 0003:00532100       _cg_thirdPersonRange       305d3100     <common>
 0003:00532220       _cg_gibs                   305d3220     <common>
 0003:00532340       _cg_crosshairY             305d3340     <common>
 0003:00532460       _cg_drawIcons              305d3460     <common>
 0003:00532580       _cg_cameraOrbit            305d3580     <common>
 0003:005326a0       _cg_drawStatus             305d36a0     <common>
 0003:005327c0       _cg_hudFiles               305d37c0     <common>
 0003:005328e0       _cg_gun_frame              305d38e0     <common>
 0003:00532a00       _cg_ignore                 305d3a00     <common>
 0003:00532b20       _cg_runroll                305d3b20     <common>
 0003:00532c40       _cg_drawRewards            305d3c40     <common>
 0003:00532d60       _cg_bobroll                305d3d60     <common>
 0003:00532e80       _cg_nopredict              305d3e80     <common>
 0003:00532fa0       _cg_shadows                305d3fa0     <common>
 0003:005330c0       _cg_footsteps              305d40c0     <common>
 0003:005331e0       _cg_entities               305d41e0     <common>
 0003:005e91e0       _cg_brassTime              3068a1e0     <common>
 0003:005e9300       _cg_lagometer              3068a300     <common>
 0003:005e9420       _cg_activeLocalEntities    3068a420     <common>
 0003:005f0a54       _cg_freeLocalEntities      30691a54     <common>
 0003:005f0a60       _cg_localEntities          30691a60     <common>
 0003:00615260       _sortedTeamPlayers         306b6260     <common>
 0003:006154e0       _systemChat                306b64e0     <common>
 0003:006155e0       _lagometer                 306b65e0     <common>
 0003:00615be8       _numSortedTeamPlayers      306b6be8     <common>
 0003:00615c00       _teamChat1                 306b6c00     <common>
 0003:00615d00       _teamChat2                 306b6d00     <common>
 0003:00615e00       _pml                       306b6e00     <common>
 0003:00615eb0       _pm                        306b6eb0     <common>
 0003:00615eb4       ___alternate_form          306b6eb4     <common>
 0003:00615ec4       ___no_lead_zeros           306b6ec4     <common>
 0003:00615ec8       ___mbcodepage              306b6ec8     <common>
 0003:00615f40       ___mbulinfo                306b6f40     <common>
 0003:00615f4c       ___ismbcodepage            306b6f4c     <common>
 0003:00615f60       __mbcasemap                306b6f60     <common>
 0003:00616060       __mbctype                  306b7060     <common>
 0003:00616164       ___mblcid                  306b7164     <common>
 0003:00616168       ___sbh_sizeHeaderList      306b7168     <common>
 0003:00616178       ___sbh_indGroupDefer       306b7178     <common>
 0003:0061617c       ___sbh_pHeaderScan         306b717c     <common>
 0003:00616180       ___sbh_pHeaderDefer        306b7180     <common>
 0003:00616184       ___sbh_cntHeaderList       306b7184     <common>
 0003:00616188       ___sbh_pHeaderList         306b7188     <common>
 0003:0061618c       __crtheap                  306b718c     <common>
 0003:00616198       __pfnDumpClient            306b7198     <common>
 0003:006161c0       ___pioinfo                 306b71c0     <common>
 0003:006162fc       __nhandle                  306b72fc     <common>
 0003:00616300       ___setlc_active            306b7300     <common>
 0003:00616310       ___unguarded_readlc_active 306b7310     <common>
 0003:00616314       ___piob                    306b7314     <common>
 0003:00616660       __bufin                    306b7660     <common>
 0003:00617660       __nstream                  306b8660     <common>
 0003:00617664       ___env_initialized         306b8664     <common>
 0003:00617674       ___mbctype_initialized     306b8674     <common>
 0003:00617678       ___onexitend               306b8678     <common>
 0003:0061767c       ___onexitbegin             306b867c     <common>
 0003:00617680       __pfnReportHook            306b8680     <common>
 0003:0061768c       __acmdln                   306b868c     <common>
 0003:0061769c       __pRawDllMain              306b869c     <common>
 0004:00000000       __IMPORT_DESCRIPTOR_KERNEL32 306b9000     kernel32:KERNEL32.dll
 0004:00000014       __NULL_IMPORT_DESCRIPTOR   306b9014     kernel32:KERNEL32.dll
 0004:000001b4       __imp__GetModuleFileNameA@12 306b91b4     kernel32:KERNEL32.dll
 0004:000001b8       __imp__InterlockedDecrement@4 306b91b8     kernel32:KERNEL32.dll
 0004:000001bc       __imp__InterlockedIncrement@4 306b91bc     kernel32:KERNEL32.dll
 0004:000001c0       __imp__GetCommandLineA@0   306b91c0     kernel32:KERNEL32.dll
 0004:000001c4       __imp__GetVersion@0        306b91c4     kernel32:KERNEL32.dll
 0004:000001c8       __imp__GetProcAddress@8    306b91c8     kernel32:KERNEL32.dll
 0004:000001cc       __imp__GetModuleHandleA@4  306b91cc     kernel32:KERNEL32.dll
 0004:000001d0       __imp__RaiseException@16   306b91d0     kernel32:KERNEL32.dll
 0004:000001d4       __imp__GetCurrentThreadId@0 306b91d4     kernel32:KERNEL32.dll
 0004:000001d8       __imp__TlsSetValue@8       306b91d8     kernel32:KERNEL32.dll
 0004:000001dc       __imp__TlsAlloc@0          306b91dc     kernel32:KERNEL32.dll
 0004:000001e0       __imp__TlsFree@4           306b91e0     kernel32:KERNEL32.dll
 0004:000001e4       __imp__SetLastError@4      306b91e4     kernel32:KERNEL32.dll
 0004:000001e8       __imp__TlsGetValue@4       306b91e8     kernel32:KERNEL32.dll
 0004:000001ec       __imp__GetLastError@0      306b91ec     kernel32:KERNEL32.dll
 0004:000001f0       __imp__GetCurrentThread@0  306b91f0     kernel32:KERNEL32.dll
 0004:000001f4       __imp__DebugBreak@0        306b91f4     kernel32:KERNEL32.dll
 0004:000001f8       __imp__GetStdHandle@4      306b91f8     kernel32:KERNEL32.dll
 0004:000001fc       __imp__WriteFile@20        306b91fc     kernel32:KERNEL32.dll
 0004:00000200       __imp__OutputDebugStringA@4 306b9200     kernel32:KERNEL32.dll
 0004:00000204       __imp__LoadLibraryA@4      306b9204     kernel32:KERNEL32.dll
 0004:00000208       __imp__ExitProcess@4       306b9208     kernel32:KERNEL32.dll
 0004:0000020c       __imp__TerminateProcess@8  306b920c     kernel32:KERNEL32.dll
 0004:00000210       __imp__GetCurrentProcess@0 306b9210     kernel32:KERNEL32.dll
 0004:00000214       __imp__SetConsoleCtrlHandler@8 306b9214     kernel32:KERNEL32.dll
 0004:00000218       __imp__EnterCriticalSection@4 306b9218     kernel32:KERNEL32.dll
 0004:0000021c       __imp__LeaveCriticalSection@4 306b921c     kernel32:KERNEL32.dll
 0004:00000220       __imp__InitializeCriticalSection@4 306b9220     kernel32:KERNEL32.dll
 0004:00000224       __imp__DeleteCriticalSection@4 306b9224     kernel32:KERNEL32.dll
 0004:00000228       __imp__FatalAppExitA@8     306b9228     kernel32:KERNEL32.dll
 0004:0000022c       __imp__Sleep@4             306b922c     kernel32:KERNEL32.dll
 0004:00000230       __imp__WideCharToMultiByte@32 306b9230     kernel32:KERNEL32.dll
 0004:00000234       __imp__MultiByteToWideChar@24 306b9234     kernel32:KERNEL32.dll
 0004:00000238       __imp__LCMapStringA@24     306b9238     kernel32:KERNEL32.dll
 0004:0000023c       __imp__LCMapStringW@24     306b923c     kernel32:KERNEL32.dll
 0004:00000240       __imp__SetHandleCount@4    306b9240     kernel32:KERNEL32.dll
 0004:00000244       __imp__GetFileType@4       306b9244     kernel32:KERNEL32.dll
 0004:00000248       __imp__GetStartupInfoA@4   306b9248     kernel32:KERNEL32.dll
 0004:0000024c       __imp__IsBadWritePtr@8     306b924c     kernel32:KERNEL32.dll
 0004:00000250       __imp__IsBadReadPtr@8      306b9250     kernel32:KERNEL32.dll
 0004:00000254       __imp__HeapValidate@12     306b9254     kernel32:KERNEL32.dll
 0004:00000258       __imp__FreeEnvironmentStringsA@4 306b9258     kernel32:KERNEL32.dll
 0004:0000025c       __imp__FreeEnvironmentStringsW@4 306b925c     kernel32:KERNEL32.dll
 0004:00000260       __imp__GetEnvironmentStrings@0 306b9260     kernel32:KERNEL32.dll
 0004:00000264       __imp__GetEnvironmentStringsW@0 306b9264     kernel32:KERNEL32.dll
 0004:00000268       __imp__HeapDestroy@4       306b9268     kernel32:KERNEL32.dll
 0004:0000026c       __imp__HeapCreate@12       306b926c     kernel32:KERNEL32.dll
 0004:00000270       __imp__HeapFree@12         306b9270     kernel32:KERNEL32.dll
 0004:00000274       __imp__VirtualFree@12      306b9274     kernel32:KERNEL32.dll
 0004:00000278       __imp__GetStringTypeA@20   306b9278     kernel32:KERNEL32.dll
 0004:0000027c       __imp__GetStringTypeW@16   306b927c     kernel32:KERNEL32.dll
 0004:00000280       __imp__UnhandledExceptionFilter@4 306b9280     kernel32:KERNEL32.dll
 0004:00000284       __imp__SetFilePointer@16   306b9284     kernel32:KERNEL32.dll
 0004:00000288       __imp__FlushFileBuffers@4  306b9288     kernel32:KERNEL32.dll
 0004:0000028c       __imp__GetCPInfo@8         306b928c     kernel32:KERNEL32.dll
 0004:00000290       __imp__IsValidLocale@8     306b9290     kernel32:KERNEL32.dll
 0004:00000294       __imp__IsValidCodePage@4   306b9294     kernel32:KERNEL32.dll
 0004:00000298       __imp__GetLocaleInfoA@16   306b9298     kernel32:KERNEL32.dll
 0004:0000029c       __imp__EnumSystemLocalesA@8 306b929c     kernel32:KERNEL32.dll
 0004:000002a0       __imp__GetUserDefaultLCID@0 306b92a0     kernel32:KERNEL32.dll
 0004:000002a4       __imp__GetVersionExA@4     306b92a4     kernel32:KERNEL32.dll
 0004:000002a8       __imp__RtlUnwind@16        306b92a8     kernel32:KERNEL32.dll
 0004:000002ac       __imp__HeapAlloc@12        306b92ac     kernel32:KERNEL32.dll
 0004:000002b0       __imp__HeapReAlloc@16      306b92b0     kernel32:KERNEL32.dll
 0004:000002b4       __imp__VirtualAlloc@16     306b92b4     kernel32:KERNEL32.dll
 0004:000002b8       __imp__GetACP@0            306b92b8     kernel32:KERNEL32.dll
 0004:000002bc       __imp__GetOEMCP@0          306b92bc     kernel32:KERNEL32.dll
 0004:000002c0       __imp__SetStdHandle@8      306b92c0     kernel32:KERNEL32.dll
 0004:000002c4       __imp__CloseHandle@4       306b92c4     kernel32:KERNEL32.dll
 0004:000002c8       __imp__GetTimeZoneInformation@4 306b92c8     kernel32:KERNEL32.dll
 0004:000002cc       __imp__GetLocaleInfoW@16   306b92cc     kernel32:KERNEL32.dll
 0004:000002d0       __imp__CompareStringA@24   306b92d0     kernel32:KERNEL32.dll
 0004:000002d4       __imp__CompareStringW@24   306b92d4     kernel32:KERNEL32.dll
 0004:000002d8       __imp__SetEnvironmentVariableA@8 306b92d8     kernel32:KERNEL32.dll
 0004:000002dc       \177KERNEL32_NULL_THUNK_DATA 306b92dc     kernel32:KERNEL32.dll

 entry point at        0001:0004a2a0

