 uix86

 Timestamp is 6707d799 (Thu Oct 10 09:33:13 2024)

 Preferred load address is 40000000

 Start         Length     Name                   Class
 0001:00000000 00054486H .text                   CODE
 0001:00054486 0002640aH .textbss                CODE
 0002:00000000 000079acH .rdata                  DATA
 0002:000079b0 00000167H .edata                  DATA
 0003:00000000 00000104H .CRT$XCA                DATA
 0003:00000104 00000104H .CRT$XCZ                DATA
 0003:00000208 00000104H .CRT$XIA                DATA
 0003:0000030c 00000109H .CRT$XIC                DATA
 0003:00000418 00000104H .CRT$XIZ                DATA
 0003:0000051c 00000104H .CRT$XPA                DATA
 0003:00000620 00000104H .CRT$XPX                DATA
 0003:00000724 00000104H .CRT$XPZ                DATA
 0003:00000828 00000104H .CRT$XTA                DATA
 0003:0000092c 00000104H .CRT$XTZ                DATA
 0003:00000a30 00004f31H .data                   DATA
 0003:00005968 00085f58H .bss                    DATA
 0004:00000000 00000014H .idata$2                DATA
 0004:00000014 00000014H .idata$3                DATA
 0004:00000028 0000018cH .idata$4                DATA
 0004:000001b4 0000018cH .idata$5                DATA
 0004:00000340 000006c8H .idata$6                DATA

  Address         Publics by Value              Rva+Base     Lib:Object

 0001:00000ed0       _BG_FindItemForPowerup     40001ed0 f   bg_misc.obj
 0001:00000f80       _BG_FindItemForHoldable    40001f80 f   bg_misc.obj
 0001:00001030       _BG_FindItemForWeapon      40002030 f   bg_misc.obj
 0001:000010c0       _BG_FindItem               400020c0 f   bg_misc.obj
 0001:00001140       _BG_PlayerTouchesItem      40002140 f   bg_misc.obj
 0001:00001240       _BG_CanItemBeGrabbed       40002240 f   bg_misc.obj
 0001:00001520       _BG_EvaluateTrajectory     40002520 f   bg_misc.obj
 0001:00001830       _BG_EvaluateTrajectoryDelta 40002830 f   bg_misc.obj
 0001:00001a80       _BG_AddPredictableEventToPlayerstate 40002a80 f   bg_misc.obj
 0001:00001b80       _BG_TouchJumpPad           40002b80 f   bg_misc.obj
 0001:00001cc0       _BG_PlayerStateToEntityState 40002cc0 f   bg_misc.obj
 0001:00002100       _BG_PlayerStateToEntityStateExtraPolate 40003100 f   bg_misc.obj
 0001:00002560       _Q_rand                    40003560 f   q_math.obj
 0001:000025b0       _Q_random                  400035b0 f   q_math.obj
 0001:00002610       _Q_crandom                 40003610 f   q_math.obj
 0001:00002660       _ClampChar                 40003660 f   q_math.obj
 0001:000026b0       _ClampShort                400036b0 f   q_math.obj
 0001:00002710       _DirToByte                 40003710 f   q_math.obj
 0001:000027f0       _ByteToDir                 400037f0 f   q_math.obj
 0001:000028a0       _ColorBytes3               400038a0 f   q_math.obj
 0001:00002910       _ColorBytes4               40003910 f   q_math.obj
 0001:00002990       _NormalizeColor            40003990 f   q_math.obj
 0001:00002a80       _PlaneFromPoints           40003a80 f   q_math.obj
 0001:00002c40       _RotatePointAroundVector   40003c40 f   q_math.obj
 0001:00002f20       _RotateAroundDirection     40003f20 f   q_math.obj
 0001:00002ff0       _vectoangles               40003ff0 f   q_math.obj
 0001:000031e0       _AnglesToAxis              400041e0 f   q_math.obj
 0001:00003270       _AxisClear                 40004270 f   q_math.obj
 0001:00003310       _AxisCopy                  40004310 f   q_math.obj
 0001:000033c0       _ProjectPointOnPlane       400043c0 f   q_math.obj
 0001:00003520       _MakeNormalVectors         40004520 f   q_math.obj
 0001:00003630       _VectorRotate              40004630 f   q_math.obj
 0001:00003700       _Q_rsqrt                   40004700 f   q_math.obj
 0001:00003780       _Q_fabs                    40004780 f   q_math.obj
 0001:000037d0       _LerpAngle                 400047d0 f   q_math.obj
 0001:00003860       _AngleSubtract             40004860 f   q_math.obj
 0001:000038e0       _AnglesSubtract            400048e0 f   q_math.obj
 0001:00003980       _AngleMod                  40004980 f   q_math.obj
 0001:000039e0       _AngleNormalize360         400049e0 f   q_math.obj
 0001:00003a40       _AngleNormalize180         40004a40 f   q_math.obj
 0001:00003ab0       _AngleDelta                40004ab0 f   q_math.obj
 0001:00003b00       _SetPlaneSignbits          40004b00 f   q_math.obj
 0001:00003b90       _BoxOnPlaneSide            40004b90 f   q_math.obj
 0001:00003e60       _RadiusFromBounds          40004e60 f   q_math.obj
 0001:00003fc0       _ClearBounds               40004fc0 f   q_math.obj
 0001:00004030       _AddPointToBounds          40005030 f   q_math.obj
 0001:00004140       _VectorNormalize           40005140 f   q_math.obj
 0001:00004220       _VectorNormalize2          40005220 f   q_math.obj
 0001:00004320       __VectorMA                 40005320 f   q_math.obj
 0001:000043a0       __DotProduct               400053a0 f   q_math.obj
 0001:00004400       __VectorSubtract           40005400 f   q_math.obj
 0001:00004470       __VectorAdd                40005470 f   q_math.obj
 0001:000044e0       __VectorCopy               400054e0 f   q_math.obj
 0001:00004540       __VectorScale              40005540 f   q_math.obj
 0001:000045a0       _Vector4Scale              400055a0 f   q_math.obj
 0001:00004610       _Q_log2                    40005610 f   q_math.obj
 0001:00004670       _MatrixMultiply            40005670 f   q_math.obj
 0001:000048a0       _AngleVectors              400058a0 f   q_math.obj
 0001:00004b20       _PerpendicularVector       40005b20 f   q_math.obj
 0001:00004c30       _Com_Clamp                 40005c30 f   q_shared.obj
 0001:00004c90       _COM_SkipPath              40005c90 f   q_shared.obj
 0001:00004d00       _COM_StripExtension        40005d00 f   q_shared.obj
 0001:00004d70       _COM_DefaultExtension      40005d70 f   q_shared.obj
 0001:00004e40       _ShortSwap                 40005e40 f   q_shared.obj
 0001:00004eb0       _ShortNoSwap               40005eb0 f   q_shared.obj
 0001:00004ee0       _LongSwap                  40005ee0 f   q_shared.obj
 0001:00004f90       _LongNoSwap                40005f90 f   q_shared.obj
 0001:00004fc0       _Long64Swap                40005fc0 f   q_shared.obj
 0001:00005030       _Long64NoSwap              40006030 f   q_shared.obj
 0001:00005060       _FloatSwap                 40006060 f   q_shared.obj
 0001:000050c0       _FloatNoSwap               400060c0 f   q_shared.obj
 0001:000050f0       _COM_BeginParseSession     400060f0 f   q_shared.obj
 0001:00005160       _COM_GetCurrentParseLine   40006160 f   q_shared.obj
 0001:00005190       _COM_Parse                 40006190 f   q_shared.obj
 0001:000051e0       _COM_ParseError            400061e0 f   q_shared.obj
 0001:00005270       _COM_ParseWarning          40006270 f   q_shared.obj
 0001:00005300       _COM_Compress              40006300 f   q_shared.obj
 0001:000055a0       _COM_ParseExt              400065a0 f   q_shared.obj
 0001:00005900       _COM_MatchToken            40006900 f   q_shared.obj
 0001:00005980       _SkipBracedSection         40006980 f   q_shared.obj
 0001:00005a30       _SkipRestOfLine            40006a30 f   q_shared.obj
 0001:00005ab0       _Parse1DMatrix             40006ab0 f   q_shared.obj
 0001:00005b60       _Parse2DMatrix             40006b60 f   q_shared.obj
 0001:00005c10       _Parse3DMatrix             40006c10 f   q_shared.obj
 0001:00005cc0       _Q_isprint                 40006cc0 f   q_shared.obj
 0001:00005d10       _Q_islower                 40006d10 f   q_shared.obj
 0001:00005d60       _Q_isupper                 40006d60 f   q_shared.obj
 0001:00005db0       _Q_isalpha                 40006db0 f   q_shared.obj
 0001:00005e00       _Q_strrchr                 40006e00 f   q_shared.obj
 0001:00005e90       _Q_strncpyz                40006e90 f   q_shared.obj
 0001:00005f40       _Q_stricmpn                40006f40 f   q_shared.obj
 0001:00006060       _Q_strncmp                 40007060 f   q_shared.obj
 0001:00006100       _Q_stricmp                 40007100 f   q_shared.obj
 0001:00006170       _Q_strlwr                  40007170 f   q_shared.obj
 0001:000061f0       _Q_strupr                  400071f0 f   q_shared.obj
 0001:00006270       _Q_strcat                  40007270 f   q_shared.obj
 0001:00006300       _Q_PrintStrlen             40007300 f   q_shared.obj
 0001:000063b0       _Q_CleanStr                400073b0 f   q_shared.obj
 0001:00006480       _Com_sprintf               40007480 f   q_shared.obj
 0001:00006560       _va                        40007560 f   q_shared.obj
 0001:000065f0       _Info_ValueForKey          400075f0 f   q_shared.obj
 0001:00006800       _Info_NextPair             40007800 f   q_shared.obj
 0001:00006920       _Info_RemoveKey            40007920 f   q_shared.obj
 0001:00006b10       _Info_RemoveKey_Big        40007b10 f   q_shared.obj
 0001:00006d00       _Info_Validate             40007d00 f   q_shared.obj
 0001:00006d70       _Info_SetValueForKey       40007d70 f   q_shared.obj
 0001:00006f80       _Info_SetValueForKey_Big   40007f80 f   q_shared.obj
 0001:00007170       _UI_AddBots_Cache          40008170 f   ui_addbots.obj
 0001:00007230       _UI_AddBotsMenu            40008230 f   ui_addbots.obj
 0001:00007df0       _Com_Error                 40008df0 f   ui_atoms.obj
 0001:00007e80       _Com_Printf                40008e80 f   ui_atoms.obj
 0001:00007f10       _UI_ClampCvar              40008f10 f   ui_atoms.obj
 0001:00007f70       _UI_StartDemoLoop          40008f70 f   ui_atoms.obj
 0001:00007fc0       _UI_PushMenu               40008fc0 f   ui_atoms.obj
 0001:00008140       _UI_PopMenu                40009140 f   ui_atoms.obj
 0001:000081f0       _UI_ForceMenuOff           400091f0 f   ui_atoms.obj
 0001:00008270       _UI_LerpColor              40009270 f   ui_atoms.obj
 0001:00008350       _UI_DrawBannerString       40009350 f   ui_atoms.obj
 0001:000086e0       _UI_ProportionalStringWidth 400096e0 f   ui_atoms.obj
 0001:00008780       _UI_ProportionalSizeScale  40009780 f   ui_atoms.obj
 0001:000087d0       _UI_DrawProportionalString 400097d0 f   ui_atoms.obj
 0001:00008cd0       _UI_DrawProportionalString_AutoWrapped 40009cd0 f   ui_atoms.obj
 0001:00008ef0       _UI_DrawString             40009ef0 f   ui_atoms.obj
 0001:000093c0       _UI_DrawChar               4000a3c0 f   ui_atoms.obj
 0001:00009430       _UI_IsFullscreen           4000a430 f   ui_atoms.obj
 0001:00009490       _UI_SetActiveMenu          4000a490 f   ui_atoms.obj
 0001:00009620       _UI_KeyEvent               4000a620 f   ui_atoms.obj
 0001:000096f0       _UI_MouseEvent             4000a6f0 f   ui_atoms.obj
 0001:00009980       _UI_Argv                   4000a980 f   ui_atoms.obj
 0001:000099e0       _UI_Cvar_VariableString    4000a9e0 f   ui_atoms.obj
 0001:00009a40       _UI_Cache_f                4000aa40 f   ui_atoms.obj
 0001:00009b30       _UI_ConsoleCommand         4000ab30 f   ui_atoms.obj
 0001:00009ce0       _UI_Shutdown               4000ace0 f   ui_atoms.obj
 0001:00009d10       _UI_Init                   4000ad10 f   ui_atoms.obj
 0001:00009df0       _UI_AdjustFrom640          4000adf0 f   ui_atoms.obj
 0001:00009e70       _UI_DrawNamedPic           4000ae70 f   ui_atoms.obj
 0001:00009f10       _UI_DrawHandlePic          4000af10 f   ui_atoms.obj
 0001:0000a020       _UI_FillRect               4000b020 f   ui_atoms.obj
 0001:0000a0c0       _UI_DrawRect               4000b0c0 f   ui_atoms.obj
 0001:0000a220       _UI_SetColor               4000b220 f   ui_atoms.obj
 0001:0000a270       _UI_UpdateScreen           4000b270 f   ui_atoms.obj
 0001:0000a2b0       _UI_Refresh                4000b2b0 f   ui_atoms.obj
 0001:0000a4d0       _UI_DrawTextBox            4000b4d0 f   ui_atoms.obj
 0001:0000a5e0       _UI_CursorInRect           4000b5e0 f   ui_atoms.obj
 0001:0000a650       _UI_CDKeyMenu_Cache        4000b650 f   ui_cdkey.obj
 0001:0000a6e0       _UI_CDKeyMenu              4000b6e0 f   ui_cdkey.obj
 0001:0000ae00       _UI_CDKeyMenu_f            4000be00 f   ui_cdkey.obj
 0001:0000ae40       _UI_CinematicsMenu_Cache   4000be40 f   ui_cinematics.obj
 0001:0000aec0       _UI_CinematicsMenu         4000bec0 f   ui_cinematics.obj
 0001:0000b930       _UI_CinematicsMenu_f       4000c930 f   ui_cinematics.obj
 0001:0000b9b0       _MyCivMain_MenuInit        4000c9b0 f   ui_classmenu.obj
 0001:0000bda0       _MyCivMain_Cache           4000cda0 f   ui_classmenu.obj
 0001:0000bdf0       _UI_MyCivMainMenu          4000cdf0 f   ui_classmenu.obj
 0001:0000be40       _ConfirmMenu_Cache         4000ce40 f   ui_confirm.obj
 0001:0000be90       _UI_ConfirmMenu_Style      4000ce90 f   ui_confirm.obj
 0001:0000c410       _UI_ConfirmMenu            4000d410 f   ui_confirm.obj
 0001:0000c470       _UI_Message                4000d470 f   ui_confirm.obj
 0001:0000c730       _UI_DrawConnectScreen      4000d730 f   ui_connect.obj
 0001:0000d320       _UI_KeyConnect             4000e320 f   ui_connect.obj
 0001:0000d370       _Controls_Cache            4000e370 f   ui_controls2.obj
 0001:0000d3f0       _UI_ControlsMenu           4000e3f0 f   ui_controls2.obj
 0001:00010340       _UI_CreditMenu             40011340 f   ui_credits.obj
 0001:00010390       _Demos_Cache               40011390 f   ui_demo2.obj
 0001:00010460       _UI_DemosMenu              40011460 f   ui_demo2.obj
 0001:00010c60       _UI_DisplayOptionsMenu_Cache 40011c60 f   ui_display.obj
 0001:00010ce0       _UI_DisplayOptionsMenu     40011ce0 f   ui_display.obj
 0001:00011430       _UI_Alloc                  40012430 f   ui_gameinfo.obj
 0001:000114b0       _UI_InitMemory             400124b0 f   ui_gameinfo.obj
 0001:000114f0       _UI_ParseInfos             400124f0 f   ui_gameinfo.obj
 0001:00011750       _UI_GetArenaInfoByNumber   40012750 f   ui_gameinfo.obj
 0001:00011840       _UI_GetArenaInfoByMap      40012840 f   ui_gameinfo.obj
 0001:000118e0       _UI_GetSpecialArenaInfo    400128e0 f   ui_gameinfo.obj
 0001:00011980       _UI_GetBotInfoByNumber     40012980 f   ui_gameinfo.obj
 0001:00011a00       _UI_GetBotInfoByName       40012a00 f   ui_gameinfo.obj
 0001:00011ab0       _UI_GetBestScore           40012ab0 f   ui_gameinfo.obj
 0001:00011c20       _UI_SetBestScore           40012c20 f   ui_gameinfo.obj
 0001:00011d90       _UI_LogAwardData           40012d90 f   ui_gameinfo.obj
 0001:00011ec0       _UI_GetAwardLevel          40012ec0 f   ui_gameinfo.obj
 0001:00011f60       _UI_TierCompleted          40012f60 f   ui_gameinfo.obj
 0001:000120b0       _UI_ShowTierVideo          400130b0 f   ui_gameinfo.obj
 0001:000121c0       _UI_CanShowTierVideo       400131c0 f   ui_gameinfo.obj
 0001:000122a0       _UI_GetCurrentGame         400132a0 f   ui_gameinfo.obj
 0001:000123e0       _UI_NewGame                400133e0 f   ui_gameinfo.obj
 0001:000124b0       _UI_GetNumArenas           400134b0 f   ui_gameinfo.obj
 0001:000124e0       _UI_GetNumSPArenas         400134e0 f   ui_gameinfo.obj
 0001:00012510       _UI_GetNumSPTiers          40013510 f   ui_gameinfo.obj
 0001:00012550       _UI_GetNumBots             40013550 f   ui_gameinfo.obj
 0001:00012580       _UI_SPUnlock_f             40013580 f   ui_gameinfo.obj
 0001:000126d0       _UI_SPUnlockMedals_f       400136d0 f   ui_gameinfo.obj
 0001:000127c0       _UI_InitGameinfo           400137c0 f   ui_gameinfo.obj
 0001:000132e0       _InGame_Event              400142e0 f   ui_ingame.obj
 0001:000134c0       _InGame_MenuInit           400144c0 f   ui_ingame.obj
 0001:00013d20       _InGame_Cache              40014d20 f   ui_ingame.obj
 0001:00013d70       _UI_InGameMenu             40014d70 f   ui_ingame.obj
 0001:00013de0       _vmMain                    40014de0 f   ui_main.obj
 0001:00013f30       _UI_RegisterCvars          40014f30 f   ui_main.obj
 0001:00013fd0       _UI_UpdateCvars            40014fd0 f   ui_main.obj
 0001:00014050       _Main_MenuEvent            40015050 f   ui_menu.obj
 0001:00014130       _MainMenu_Cache            40015130 f   ui_menu.obj
 0001:00014180       _ErrorMessage_Key          40015180 f   ui_menu.obj
 0001:000141e0       _UI_MainMenu               400151e0 f   ui_menu.obj
 0001:00014970       _MField_Draw               40015970 f   ui_mfield.obj
 0001:00014bf0       _MField_Paste              40015bf0 f   ui_mfield.obj
 0001:00014c90       _MField_KeyDownEvent       40015c90 f   ui_mfield.obj
 0001:00014f50       _MField_CharEvent          40015f50 f   ui_mfield.obj
 0001:00015220       _MField_Clear              40016220 f   ui_mfield.obj
 0001:00015270       _MenuField_Init            40016270 f   ui_mfield.obj
 0001:00015380       _MenuField_Draw            40016380 f   ui_mfield.obj
 0001:00015580       _MenuField_Key             40016580 f   ui_mfield.obj
 0001:000157f0       _UI_ModsMenu_Cache         400167f0 f   ui_mods.obj
 0001:00015890       _UI_ModsMenu               40016890 f   ui_mods.obj
 0001:00015fb0       _UI_NetworkOptionsMenu_Cache 40016fb0 f   ui_network.obj
 0001:00016030       _UI_NetworkOptionsMenu     40017030 f   ui_network.obj
 0001:000167a0       _SystemConfig_Cache        400177a0 f   ui_options.obj
 0001:00016820       _Options_MenuInit          40017820 f   ui_options.obj
 0001:00016da0       _UI_SystemConfigMenu       40017da0 f   ui_options.obj
 0001:00016df0       _PlayerModel_Cache         40017df0 f   ui_playermodel.obj
 0001:00017250       _UI_PlayerModelMenu        40018250 f   ui_playermodel.obj
 0001:00018860       _UI_MachinegunSpinAngle    40019860 f   ui_players.obj
 0001:000189b0       _UI_DrawPlayer             400199b0 f   ui_players.obj
 0001:0001ada0       _UI_RegisterClientModelname 4001bda0 f   ui_players.obj
 0001:0001b5a0       _UI_PlayerInfo_SetModel    4001c5a0 f   ui_players.obj
 0001:0001b6a0       _UI_PlayerInfo_SetInfo     4001c6a0 f   ui_players.obj
 0001:0001bb40       _PlayerSettings_Cache      4001cb40 f   ui_playersettings.obj
 0001:0001bc90       _UI_PlayerSettingsMenu     4001cc90 f   ui_playersettings.obj
 0001:0001cc20       _Preferences_Cache         4001dc20 f   ui_preferences.obj
 0001:0001ccf0       _UI_PreferencesMenu        4001dcf0 f   ui_preferences.obj
 0001:0001dc80       _Bitmap_Init               4001ec80 f   ui_qmenu.obj
 0001:0001dd90       _Bitmap_Draw               4001ed90 f   ui_qmenu.obj
 0001:0001e130       _ScrollList_Key            4001f130 f   ui_qmenu.obj
 0001:0001eb80       _ScrollList_Draw           4001fb80 f   ui_qmenu.obj
 0001:0001edb0       _Menu_AddItem              4001fdb0 f   ui_qmenu.obj
 0001:0001f650       _Menu_CursorMoved          40020650 f   ui_qmenu.obj
 0001:0001f760       _Menu_SetCursor            40020760 f   ui_qmenu.obj
 0001:0001f7e0       _Menu_SetCursorToItem      400207e0 f   ui_qmenu.obj
 0001:0001f870       _Menu_AdjustCursor         40020870 f   ui_qmenu.obj
 0001:0001f9d0       _Menu_Draw                 400209d0 f   ui_qmenu.obj
 0001:000207b0       _Menu_ItemAtCursor         400217b0 f   ui_qmenu.obj
 0001:00020810       _Menu_ActivateItem         40021810 f   ui_qmenu.obj
 0001:00020890       _Menu_DefaultKey           40021890 f   ui_qmenu.obj
 0001:000212f0       _Menu_Cache                400222f0 f   ui_qmenu.obj
 0001:00021500       _UI_RemoveBots_Cache       40022500 f   ui_removebots.obj
 0001:00021590       _UI_RemoveBotsMenu         40022590 f   ui_removebots.obj
 0001:00021fb0       _Favorites_Add             40022fb0 f   ui_serverinfo.obj
 0001:00022120       _ServerInfo_Cache          40023120 f   ui_serverinfo.obj
 0001:000221a0       _UI_ServerInfoMenu         400231a0 f   ui_serverinfo.obj
 0001:00022780       _ArenaServers_InsertFavorites 40023780 f   ui_servers2.obj
 0001:00022c70       _ArenaServers_LoadFavorites 40023c70 f   ui_servers2.obj
 0001:00022ef0       _ArenaServers_SaveChanges  40023ef0 f   ui_servers2.obj
 0001:00022fc0       _ArenaServers_Sort         40023fc0 f   ui_servers2.obj
 0001:00023230       _ArenaServers_SetType      40024230 f   ui_servers2.obj
 0001:00023dd0       _ArenaServers_Cache        40024dd0 f   ui_servers2.obj
 0001:00023f00       _UI_ArenaServersMenu       40024f00 f   ui_servers2.obj
 0001:000258d0       _UI_SetupMenu_Cache        400268d0 f   ui_setup.obj
 0001:00025950       _UI_SetupMenu              40026950 f   ui_setup.obj
 0001:00026170       _UI_SoundOptionsMenu_Cache 40027170 f   ui_sound.obj
 0001:000261f0       _UI_SoundOptionsMenu       400271f0 f   ui_sound.obj
 0001:00026a90       _UI_SPArena_Start          40027a90 f   ui_sparena.obj
 0001:00026bf0       _SpecifyServer_MenuInit    40027bf0 f   ui_specifyserver.obj
 0001:000270f0       _SpecifyServer_Cache       400280f0 f   ui_specifyserver.obj
 0001:00027170       _UI_SpecifyServerMenu      40028170 f   ui_specifyserver.obj
 0001:000271c0       _UI_SPLevelMenu_Cache      400281c0 f   ui_splevel.obj
 0001:00027420       _UI_SPLevelMenu            40028420 f   ui_splevel.obj
 0001:000297f0       _UI_SPLevelMenu_f          4002a7f0 f   ui_splevel.obj
 0001:00029850       _UI_SPLevelMenu_ReInit     4002a850 f   ui_splevel.obj
 0001:00029890       _UI_SPPostgameMenu_Cache   4002a890 f   ui_sppostgame.obj
 0001:000299e0       _UI_SPPostgameMenu_f       4002a9e0 f   ui_sppostgame.obj
 0001:0002af60       _Reset_MenuEvent           4002bf60 f   ui_spreset.obj
 0001:0002afe0       _Reset_Cache               4002bfe0 f   ui_spreset.obj
 0001:0002b030       _UI_ResetMenu              4002c030 f   ui_spreset.obj
 0001:0002b560       _UI_SPSkillMenu_Cache      4002c560 f   ui_spskill.obj
 0001:0002b690       _UI_SPSkillMenu            4002c690 f   ui_spskill.obj
 0001:0002bfc0       _StartServer_Cache         4002cfc0 f   ui_startserver.obj
 0001:0002c360       _UI_StartServerMenu        4002d360 f   ui_startserver.obj
 0001:0002d4b0       _ServerOptions_Cache       4002e4b0 f   ui_startserver.obj
 0001:0002f650       _UI_BotSelectMenu_Cache    40030650 f   ui_startserver.obj
 0001:0002f720       _UI_BotSelectMenu          40030720 f   ui_startserver.obj
 0001:00030960       _dllEntry                  40031960 f   ui_syscalls.obj
 0001:00030990       _PASSFLOAT                 40031990 f   ui_syscalls.obj
 0001:000309d0       _trap_Print                400319d0 f   ui_syscalls.obj
 0001:00030a30       _trap_Error                40031a30 f   ui_syscalls.obj
 0001:00030a90       _trap_Milliseconds         40031a90 f   ui_syscalls.obj
 0001:00030ae0       _trap_Cvar_Register        40031ae0 f   ui_syscalls.obj
 0001:00030b40       _trap_Cvar_Update          40031b40 f   ui_syscalls.obj
 0001:00030ba0       _trap_Cvar_Set             40031ba0 f   ui_syscalls.obj
 0001:00030c00       _trap_Cvar_VariableValue   40031c00 f   ui_syscalls.obj
 0001:00030c60       _trap_Cvar_VariableStringBuffer 40031c60 f   ui_syscalls.obj
 0001:00030cc0       _trap_Cvar_SetValue        40031cc0 f   ui_syscalls.obj
 0001:00030d30       _trap_Cvar_Reset           40031d30 f   ui_syscalls.obj
 0001:00030d90       _trap_Cvar_Create          40031d90 f   ui_syscalls.obj
 0001:00030df0       _trap_Cvar_InfoStringBuffer 40031df0 f   ui_syscalls.obj
 0001:00030e50       _trap_Argc                 40031e50 f   ui_syscalls.obj
 0001:00030ea0       _trap_Argv                 40031ea0 f   ui_syscalls.obj
 0001:00030f00       _trap_Cmd_ExecuteText      40031f00 f   ui_syscalls.obj
 0001:00030f60       _trap_FS_FOpenFile         40031f60 f   ui_syscalls.obj
 0001:00030fc0       _trap_FS_Read              40031fc0 f   ui_syscalls.obj
 0001:00031020       _trap_FS_Write             40032020 f   ui_syscalls.obj
 0001:00031080       _trap_FS_FCloseFile        40032080 f   ui_syscalls.obj
 0001:000310e0       _trap_FS_GetFileList       400320e0 f   ui_syscalls.obj
 0001:00031140       _trap_FS_Seek              40032140 f   ui_syscalls.obj
 0001:000311a0       _trap_R_RegisterModel      400321a0 f   ui_syscalls.obj
 0001:00031200       _trap_R_RegisterSkin       40032200 f   ui_syscalls.obj
 0001:00031260       _trap_R_RegisterFont       40032260 f   ui_syscalls.obj
 0001:000312c0       _trap_R_RegisterShaderNoMip 400322c0 f   ui_syscalls.obj
 0001:00031320       _trap_R_ClearScene         40032320 f   ui_syscalls.obj
 0001:00031370       _trap_R_AddRefEntityToScene 40032370 f   ui_syscalls.obj
 0001:000313d0       _trap_R_AddPolyToScene     400323d0 f   ui_syscalls.obj
 0001:00031430       _trap_R_AddLightToScene    40032430 f   ui_syscalls.obj
 0001:000314d0       _trap_R_RenderScene        400324d0 f   ui_syscalls.obj
 0001:00031530       _trap_R_SetColor           40032530 f   ui_syscalls.obj
 0001:00031590       _trap_R_DrawStretchPic     40032590 f   ui_syscalls.obj
 0001:00031670       _trap_R_ModelBounds        40032670 f   ui_syscalls.obj
 0001:000316d0       _trap_UpdateScreen         400326d0 f   ui_syscalls.obj
 0001:00031720       _trap_CM_LerpTag           40032720 f   ui_syscalls.obj
 0001:000317a0       _trap_S_StartLocalSound    400327a0 f   ui_syscalls.obj
 0001:00031800       _trap_S_RegisterSound      40032800 f   ui_syscalls.obj
 0001:00031860       _trap_Key_KeynumToStringBuf 40032860 f   ui_syscalls.obj
 0001:000318c0       _trap_Key_GetBindingBuf    400328c0 f   ui_syscalls.obj
 0001:00031920       _trap_Key_SetBinding       40032920 f   ui_syscalls.obj
 0001:00031980       _trap_Key_IsDown           40032980 f   ui_syscalls.obj
 0001:000319e0       _trap_Key_GetOverstrikeMode 400329e0 f   ui_syscalls.obj
 0001:00031a30       _trap_Key_SetOverstrikeMode 40032a30 f   ui_syscalls.obj
 0001:00031a90       _trap_Key_ClearStates      40032a90 f   ui_syscalls.obj
 0001:00031ae0       _trap_Key_GetCatcher       40032ae0 f   ui_syscalls.obj
 0001:00031b30       _trap_Key_SetCatcher       40032b30 f   ui_syscalls.obj
 0001:00031b90       _trap_GetClipboardData     40032b90 f   ui_syscalls.obj
 0001:00031bf0       _trap_GetClientState       40032bf0 f   ui_syscalls.obj
 0001:00031c50       _trap_GetGlconfig          40032c50 f   ui_syscalls.obj
 0001:00031cb0       _trap_GetConfigString      40032cb0 f   ui_syscalls.obj
 0001:00031d10       _trap_LAN_GetServerCount   40032d10 f   ui_syscalls.obj
 0001:00031d70       _trap_LAN_GetServerAddressString 40032d70 f   ui_syscalls.obj
 0001:00031dd0       _trap_LAN_GetServerInfo    40032dd0 f   ui_syscalls.obj
 0001:00031e30       _trap_LAN_GetServerPing    40032e30 f   ui_syscalls.obj
 0001:00031e90       _trap_LAN_GetPingQueueCount 40032e90 f   ui_syscalls.obj
 0001:00031ee0       _trap_LAN_ServerStatus     40032ee0 f   ui_syscalls.obj
 0001:00031f40       _trap_LAN_SaveCachedServers 40032f40 f   ui_syscalls.obj
 0001:00031f90       _trap_LAN_LoadCachedServers 40032f90 f   ui_syscalls.obj
 0001:00031fe0       _trap_LAN_ResetPings       40032fe0 f   ui_syscalls.obj
 0001:00032040       _trap_LAN_ClearPing        40033040 f   ui_syscalls.obj
 0001:000320a0       _trap_LAN_GetPing          400330a0 f   ui_syscalls.obj
 0001:00032100       _trap_LAN_GetPingInfo      40033100 f   ui_syscalls.obj
 0001:00032160       _trap_LAN_MarkServerVisible 40033160 f   ui_syscalls.obj
 0001:000321c0       _trap_LAN_ServerIsVisible  400331c0 f   ui_syscalls.obj
 0001:00032220       _trap_LAN_UpdateVisiblePings 40033220 f   ui_syscalls.obj
 0001:00032280       _trap_LAN_AddServer        40033280 f   ui_syscalls.obj
 0001:000322e0       _trap_LAN_RemoveServer     400332e0 f   ui_syscalls.obj
 0001:00032340       _trap_LAN_CompareServers   40033340 f   ui_syscalls.obj
 0001:000323b0       _trap_MemoryRemaining      400333b0 f   ui_syscalls.obj
 0001:00032400       _trap_GetCDKey             40033400 f   ui_syscalls.obj
 0001:00032460       _trap_SetCDKey             40033460 f   ui_syscalls.obj
 0001:000324c0       _trap_PC_AddGlobalDefine   400334c0 f   ui_syscalls.obj
 0001:00032520       _trap_PC_LoadSource        40033520 f   ui_syscalls.obj
 0001:00032580       _trap_PC_FreeSource        40033580 f   ui_syscalls.obj
 0001:000325e0       _trap_PC_ReadToken         400335e0 f   ui_syscalls.obj
 0001:00032640       _trap_PC_SourceFileAndLine 40033640 f   ui_syscalls.obj
 0001:000326a0       _trap_S_StopBackgroundTrack 400336a0 f   ui_syscalls.obj
 0001:000326f0       _trap_S_StartBackgroundTrack 400336f0 f   ui_syscalls.obj
 0001:00032750       _trap_RealTime             40033750 f   ui_syscalls.obj
 0001:000327b0       _trap_CIN_PlayCinematic    400337b0 f   ui_syscalls.obj
 0001:00032820       _trap_CIN_StopCinematic    40033820 f   ui_syscalls.obj
 0001:00032880       _trap_CIN_RunCinematic     40033880 f   ui_syscalls.obj
 0001:000328e0       _trap_CIN_DrawCinematic    400338e0 f   ui_syscalls.obj
 0001:00032940       _trap_CIN_SetExtents       40033940 f   ui_syscalls.obj
 0001:000329b0       _trap_R_RemapShader        400339b0 f   ui_syscalls.obj
 0001:00032a10       _trap_VerifyCDKey          40033a10 f   ui_syscalls.obj
 0001:00032a70       _trap_SetPbClStatus        40033a70 f   ui_syscalls.obj
 0001:00032ad0       _TeamMain_MenuInit         40033ad0 f   ui_team.obj
 0001:00032f90       _TeamMain_Cache            40033f90 f   ui_team.obj
 0001:00032fe0       _UI_TeamMainMenu           40033fe0 f   ui_team.obj
 0001:00033030       _UI_TeamOrdersMenu_Key     40034030 f   ui_teamorders.obj
 0001:000332a0       _UI_TeamOrdersMenu_Cache   400342a0 f   ui_teamorders.obj
 0001:00033310       _UI_TeamOrdersMenu         40034310 f   ui_teamorders.obj
 0001:00033c30       _UI_TeamOrdersMenu_f       40034c30 f   ui_teamorders.obj
 0001:00033d50       _DriverInfo_Cache          40034d50 f   ui_video.obj
 0001:00033dd0       _GraphicsOptions_MenuDraw  40034dd0 f   ui_video.obj
 0001:000341f0       _GraphicsOptions_MenuInit  400351f0 f   ui_video.obj
 0001:00035bc0       _GraphicsOptions_Cache     40036bc0 f   ui_video.obj
 0001:00035c60       _UI_GraphicsOptionsMenu    40036c60 f   ui_video.obj
 0001:00035cc0       __chkesp                   40036cc0 f   LIBCMTD:chkesp.obj
 0001:00035d00       __fpmath                   40036d00 f   LIBCMTD:fpinit.obj
 0001:00035d30       __fpclear                  40036d30 f   LIBCMTD:fpinit.obj
 0001:00035d40       __cfltcvt_init             40036d40 f   LIBCMTD:fpinit.obj
 0001:00035d90       ___setfflag                40036d90 f   LIBCMTD:fpinit.obj
 0001:00035db0       __CIsin                    40036db0 f   LIBCMTD:sin.obj
 0001:00035dc4       _sin                       40036dc4 f   LIBCMTD:sin.obj
 0001:00035e60       __CIcos                    40036e60 f   LIBCMTD:cos.obj
 0001:00035e74       _cos                       40036e74 f   LIBCMTD:cos.obj
 0001:00035f10       _atof                      40036f10 f   LIBCMTD:atof.obj
 0001:00035f90       _fabs                      40036f90 f   LIBCMTD:fabs.obj
 0001:00036084       __ftol                     40037084 f   LIBCMTD:ftol.obj
 0001:000360b0       _memset                    400370b0 f   LIBCMTD:memset.obj
 0001:00036110       _memcpy                    40037110 f   LIBCMTD:memcpy.obj
 0001:00036450       __CIsqrt                   40037450 f   LIBCMTD:sqrt.obj
 0001:00036464       _sqrt                      40037464 f   LIBCMTD:sqrt.obj
 0001:00036510       _atan2                     40037510 f   LIBCMTD:87ctriga.obj
 0001:0003651a       __CIatan2                  4003751a f   LIBCMTD:87ctriga.obj
 0001:00036530       __assert                   40037530 f   LIBCMTD:assert.obj
 0001:000368b0       _strlen                    400378b0 f   LIBCMTD:strlen.obj
 0001:00036930       _vsprintf                  40037930 f   LIBCMTD:vsprintf.obj
 0001:00036a30       _strcmp                    40037a30 f   LIBCMTD:strcmp.obj
 0001:00036ac0       _strncpy                   40037ac0 f   LIBCMTD:strncpy.obj
 0001:00036bc0       __tolower                  40037bc0 f   LIBCMTD:tolower.obj
 0001:00036bd0       _tolower                   40037bd0 f   LIBCMTD:tolower.obj
 0001:00036c70       __tolower_lk               40037c70 f   LIBCMTD:tolower.obj
 0001:00036da0       __toupper                  40037da0 f   LIBCMTD:toupper.obj
 0001:00036db0       _toupper                   40037db0 f   LIBCMTD:toupper.obj
 0001:00036e50       __toupper_lk               40037e50 f   LIBCMTD:toupper.obj
 0001:00036f80       __alloca_probe             40037f80 f   LIBCMTD:chkstk.obj
 0001:00036f80       __chkstk                   40037f80 f   LIBCMTD:chkstk.obj
 0001:00036fb0       _strcpy                    40037fb0 f   LIBCMTD:strcat.obj
 0001:00036fc0       _strcat                    40037fc0 f   LIBCMTD:strcat.obj
 0001:000370b0       _strchr                    400380b0 f   LIBCMTD:strchr.obj
 0001:000370b6       ___from_strstr_to_strchr   400380b6 f   LIBCMTD:strchr.obj
 0001:00037170       _atol                      40038170 f   LIBCMTD:atox.obj
 0001:00037270       _atoi                      40038270 f   LIBCMTD:atox.obj
 0001:00037290       __atoi64                   40038290 f   LIBCMTD:atox.obj
 0001:000373c0       _qsort                     400383c0 f   LIBCMTD:qsort.obj
 0001:000376c0       _strstr                    400386c0 f   LIBCMTD:strstr.obj
 0001:00037740       _memmove                   40038740 f   LIBCMTD:memmove.obj
 0001:00037a80       _srand                     40038a80 f   LIBCMTD:rand.obj
 0001:00037a90       _rand                      40038a90 f   LIBCMTD:rand.obj
 0001:00037ad0       __CItan                    40038ad0 f   LIBCMTD:tan.obj
 0001:00037ae4       _tan                       40038ae4 f   LIBCMTD:tan.obj
 0001:00037b90       __CRT_INIT@12              40038b90 f   LIBCMTD:dllcrt0.obj
 0001:00037cd0       __DllMainCRTStartup@12     40038cd0 f   LIBCMTD:dllcrt0.obj
 0001:00037dd0       __amsg_exit                40038dd0 f   LIBCMTD:dllcrt0.obj
 0001:00037e10       __CrtDbgBreak              40038e10 f   LIBCMTD:dbgrpt.obj
 0001:00037e20       __CrtSetReportMode         40038e20 f   LIBCMTD:dbgrpt.obj
 0001:00037e80       __CrtSetReportFile         40038e80 f   LIBCMTD:dbgrpt.obj
 0001:00037f00       __CrtSetReportHook         40038f00 f   LIBCMTD:dbgrpt.obj
 0001:00037f20       __CrtDbgReport             40038f20 f   LIBCMTD:dbgrpt.obj
 0001:000385c0       __setdefaultprecision      400395c0 f   LIBCMTD:fp8.obj
 0001:000385e0       __ms_p5_test_fdiv          400395e0 f   LIBCMTD:testfdiv.obj
 0001:00038640       __ms_p5_mp_test_fdiv       40039640 f   LIBCMTD:testfdiv.obj
 0001:00038690       __forcdecpt                40039690 f   LIBCMTD:cvt.obj
 0001:00038740       __cropzeros                40039740 f   LIBCMTD:cvt.obj
 0001:00038820       __positive                 40039820 f   LIBCMTD:cvt.obj
 0001:00038850       __fassign                  40039850 f   LIBCMTD:cvt.obj
 0001:000388a0       __cftoe                    400398a0 f   LIBCMTD:cvt.obj
 0001:00038a90       __cftof                    40039a90 f   LIBCMTD:cvt.obj
 0001:00038c40       __cftog                    40039c40 f   LIBCMTD:cvt.obj
 0001:00038d30       __cfltcvt                  40039d30 f   LIBCMTD:cvt.obj
 0001:00038dc0       __trandisp1                40039dc0 f   LIBCMTD:87disp.obj
 0001:00038e27       __trandisp2                40039e27 f   LIBCMTD:87disp.obj
 0001:00038eb3       __rttospopde               40039eb3 f   LIBCMTD:87disp.obj
 0001:00038eb8       __rttospop                 40039eb8 f   LIBCMTD:87disp.obj
 0001:00038eba       __rtnospop                 40039eba f   LIBCMTD:87disp.obj
 0001:00038ebc       __rttosnpop                40039ebc f   LIBCMTD:87disp.obj
 0001:00038ebd       __rtnospopde               40039ebd f   LIBCMTD:87disp.obj
 0001:00038ec4       __rtzeropop                40039ec4 f   LIBCMTD:87disp.obj
 0001:00038ec6       __rtzeronpop               40039ec6 f   LIBCMTD:87disp.obj
 0001:00038ecb       __rtonepop                 40039ecb f   LIBCMTD:87disp.obj
 0001:00038ecd       __rtonenpop                40039ecd f   LIBCMTD:87disp.obj
 0001:00038ed2       __tosnan1                  40039ed2 f   LIBCMTD:87disp.obj
 0001:00038efd       __nosnan2                  40039efd f   LIBCMTD:87disp.obj
 0001:00038eff       __tosnan2                  40039eff f   LIBCMTD:87disp.obj
 0001:00038f27       __nan2                     40039f27 f   LIBCMTD:87disp.obj
 0001:00038f66       __rtindfpop                40039f66 f   LIBCMTD:87disp.obj
 0001:00038f68       __rtindfnpop               40039f68 f   LIBCMTD:87disp.obj
 0001:00038f79       __rttosnpopde              40039f79 f   LIBCMTD:87disp.obj
 0001:00038f83       __rtchsifneg               40039f83 f   LIBCMTD:87disp.obj
 0001:00038f90       __twoToTOS                 40039f90 f   LIBCMTD:common.obj
 0001:00038fa5       __load_CW                  40039fa5 f   LIBCMTD:common.obj
 0001:00038fbc       __convertTOStoQNaN         40039fbc f   LIBCMTD:common.obj
 0001:00038fd5       __fload_withFB             40039fd5 f   LIBCMTD:common.obj
 0001:00039018       __checkTOS_withFB          4003a018 f   LIBCMTD:common.obj
 0001:0003902e       __fast_exit                4003a02e f   LIBCMTD:common.obj
 0001:0003903b       __math_exit                4003a03b f   LIBCMTD:common.obj
 0001:00039065       __check_overflow_exit      4003a065 f   LIBCMTD:common.obj
 0001:00039079       __check_range_exit         4003a079 f   LIBCMTD:common.obj
 0001:00039120       __startTwoArgErrorHandling 4003a120 f   LIBCMTD:genexcep.obj
 0001:00039137       __startOneArgErrorHandling 4003a137 f   LIBCMTD:genexcep.obj
 0001:00039180       __fltin2                   4003a180 f   LIBCMTD:cfin.obj
 0001:00039240       __isctype                  4003a240 f   LIBCMTD:isctype.obj
 0001:00039300       __handle_qnan1             4003a300 f   LIBCMTD:fpexcept.obj
 0001:00039360       __handle_qnan2             4003a360 f   LIBCMTD:fpexcept.obj
 0001:000393d0       __except1                  4003a3d0 f   LIBCMTD:fpexcept.obj
 0001:00039490       __except2                  4003a490 f   LIBCMTD:fpexcept.obj
 0001:00039560       __raise_exc                4003a560 f   LIBCMTD:fpexcept.obj
 0001:00039a30       __handle_exc               4003aa30 f   LIBCMTD:fpexcept.obj
 0001:00039db0       __umatherr                 4003adb0 f   LIBCMTD:fpexcept.obj
 0001:00039e50       __set_errno                4003ae50 f   LIBCMTD:fpexcept.obj
 0001:00039ed0       __errcode                  4003aed0 f   LIBCMTD:fpexcept.obj
 0001:00039f50       __set_exp                  4003af50 f   LIBCMTD:util.obj
 0001:00039f90       __get_exp                  4003af90 f   LIBCMTD:util.obj
 0001:00039fc0       __add_exp                  4003afc0 f   LIBCMTD:util.obj
 0001:0003a000       __set_bexp                 4003b000 f   LIBCMTD:util.obj
 0001:0003a040       __sptype                   4003b040 f   LIBCMTD:util.obj
 0001:0003a0c0       __decomp                   4003b0c0 f   LIBCMTD:util.obj
 0001:0003a200       __statfp                   4003b200 f   LIBCMTD:fpctrl.obj
 0001:0003a220       __clrfp                    4003b220 f   LIBCMTD:fpctrl.obj
 0001:0003a240       __ctrlfp                   4003b240 f   LIBCMTD:fpctrl.obj
 0001:0003a280       __set_statfp               4003b280 f   LIBCMTD:fpctrl.obj
 0001:0003a31c       __fFATN2                   4003b31c f   LIBCMTD:87triga.obj
 0001:0003a36c       __rtpiby2                  4003b36c f   LIBCMTD:87triga.obj
 0001:0003a3b0       __cintrindisp2             4003b3b0 f   LIBCMTD:87cdisp.obj
 0001:0003a3ee       __cintrindisp1             4003b3ee f   LIBCMTD:87cdisp.obj
 0001:0003a42b       __ctrandisp2               4003b42b f   LIBCMTD:87cdisp.obj
 0001:0003a5ab       __ctrandisp1               4003b5ab f   LIBCMTD:87cdisp.obj
 0001:0003a5de       __fload                    4003b5de f   LIBCMTD:87cdisp.obj
 0001:0003a620       _abort                     4003b620 f   LIBCMTD:abort.obj
 0001:0003a640       __cinit                    4003b640 f   LIBCMTD:crt0dat.obj
 0001:0003a680       _exit                      4003b680 f   LIBCMTD:crt0dat.obj
 0001:0003a6a0       __exit                     4003b6a0 f   LIBCMTD:crt0dat.obj
 0001:0003a6c0       __cexit                    4003b6c0 f   LIBCMTD:crt0dat.obj
 0001:0003a6e0       __c_exit                   4003b6e0 f   LIBCMTD:crt0dat.obj
 0001:0003a7f0       __lockexit                 4003b7f0 f   LIBCMTD:crt0dat.obj
 0001:0003a800       __unlockexit               4003b800 f   LIBCMTD:crt0dat.obj
 0001:0003a840       _signal                    4003b840 f   LIBCMTD:winsig.obj
 0001:0003ab10       _raise                     4003bb10 f   LIBCMTD:winsig.obj
 0001:0003adb0       ___fpecode                 4003bdb0 f   LIBCMTD:winsig.obj
 0001:0003adc0       ___pxcptinfoptrs           4003bdc0 f   LIBCMTD:winsig.obj
 0001:0003add0       ___crtMessageBoxA          4003bdd0 f   LIBCMTD:crtmbox.obj
 0001:0003ae90       __itoa                     4003be90 f   LIBCMTD:xtoa.obj
 0001:0003afb0       __ltoa                     4003bfb0 f   LIBCMTD:xtoa.obj
 0001:0003aff0       __ultoa                    4003bff0 f   LIBCMTD:xtoa.obj
 0001:0003b010       __i64toa                   4003c010 f   LIBCMTD:xtoa.obj
 0001:0003b160       __ui64toa                  4003c160 f   LIBCMTD:xtoa.obj
 0001:0003b180       _strncat                   4003c180 f   LIBCMTD:strncat.obj
 0001:0003b2b0       _fflush                    4003c2b0 f   LIBCMTD:fflush.obj
 0001:0003b300       __fflush_lk                4003c300 f   LIBCMTD:fflush.obj
 0001:0003b350       __flush                    4003c350 f   LIBCMTD:fflush.obj
 0001:0003b410       __flushall                 4003c410 f   LIBCMTD:fflush.obj
 0001:0003b560       _fprintf                   4003c560 f   LIBCMTD:fprintf.obj
 0001:0003b630       _setvbuf                   4003c630 f   LIBCMTD:setvbuf.obj
 0001:0003b7a0       ___initstdio               4003c7a0 f   LIBCMTD:_file.obj
 0001:0003b8d0       ___endstdio                4003c8d0 f   LIBCMTD:_file.obj
 0001:0003b8f0       __lock_file                4003c8f0 f   LIBCMTD:_file.obj
 0001:0003b930       __lock_file2               4003c930 f   LIBCMTD:_file.obj
 0001:0003b960       __unlock_file              4003c960 f   LIBCMTD:_file.obj
 0001:0003b9a0       __unlock_file2             4003c9a0 f   LIBCMTD:_file.obj
 0001:0003b9d0       __flsbuf                   4003c9d0 f   LIBCMTD:_flsbuf.obj
 0001:0003bc50       __output                   4003cc50 f   LIBCMTD:output.obj
 0001:0003caf0       __mtinitlocks              4003daf0 f   LIBCMTD:mlock.obj
 0001:0003cb30       __mtdeletelocks            4003db30 f   LIBCMTD:mlock.obj
 0001:0003cbd0       __lock                     4003dbd0 f   LIBCMTD:mlock.obj
 0001:0003cc70       __unlock                   4003dc70 f   LIBCMTD:mlock.obj
 0001:0003cc90       __lockerr_exit             4003dc90 f   LIBCMTD:mlock.obj
 0001:0003ccb0       _setlocale                 4003dcb0 f   LIBCMTD:setlocal.obj
 0001:0003d340       __expandlocale             4003e340 f   LIBCMTD:setlocal.obj
 0001:0003d4d0       ___init_dummy              4003e4d0 f   LIBCMTD:setlocal.obj
 0001:0003d4e0       __strcats                  4003e4e0 f   LIBCMTD:setlocal.obj
 0001:0003d530       ___lc_strtolc              4003e530 f   LIBCMTD:setlocal.obj
 0001:0003d690       ___lc_lctostr              4003e690 f   LIBCMTD:setlocal.obj
 0001:0003d700       ___crtLCMapStringA         4003e700 f   LIBCMTD:a_map.obj
 0001:0003da60       __allmul                   4003ea60 f   LIBCMTD:llmul.obj
 0001:0003daa0       __mtinit                   4003eaa0 f   LIBCMTD:tidtable.obj
 0001:0003db30       __mtterm                   4003eb30 f   LIBCMTD:tidtable.obj
 0001:0003db60       __initptd                  4003eb60 f   LIBCMTD:tidtable.obj
 0001:0003db80       __getptd                   4003eb80 f   LIBCMTD:tidtable.obj
 0001:0003dc20       __freeptd                  4003ec20 f   LIBCMTD:tidtable.obj
 0001:0003dd30       ___threadid                4003ed30 f   LIBCMTD:tidtable.obj
 0001:0003dd40       ___threadhandle            4003ed40 f   LIBCMTD:tidtable.obj
 0001:0003dd50       __ioinit                   4003ed50 f   LIBCMTD:ioinit.obj
 0001:0003e080       __ioterm                   4003f080 f   LIBCMTD:ioinit.obj
 0001:0003e120       _malloc                    4003f120 f   LIBCMTD:dbgheap.obj
 0001:0003e140       __malloc_dbg               4003f140 f   LIBCMTD:dbgheap.obj
 0001:0003e170       __nh_malloc                4003f170 f   LIBCMTD:dbgheap.obj
 0001:0003e190       __nh_malloc_dbg            4003f190 f   LIBCMTD:dbgheap.obj
 0001:0003e1f0       __heap_alloc               4003f1f0 f   LIBCMTD:dbgheap.obj
 0001:0003e210       __heap_alloc_dbg           4003f210 f   LIBCMTD:dbgheap.obj
 0001:0003e530       _calloc                    4003f530 f   LIBCMTD:dbgheap.obj
 0001:0003e550       __calloc_dbg               4003f550 f   LIBCMTD:dbgheap.obj
 0001:0003e5b0       _realloc                   4003f5b0 f   LIBCMTD:dbgheap.obj
 0001:0003e5d0       __realloc_dbg              4003f5d0 f   LIBCMTD:dbgheap.obj
 0001:0003eb30       __expand                   4003fb30 f   LIBCMTD:dbgheap.obj
 0001:0003eb50       __expand_dbg               4003fb50 f   LIBCMTD:dbgheap.obj
 0001:0003eb90       _free                      4003fb90 f   LIBCMTD:dbgheap.obj
 0001:0003ebb0       __free_lk                  4003fbb0 f   LIBCMTD:dbgheap.obj
 0001:0003ebd0       __free_dbg                 4003fbd0 f   LIBCMTD:dbgheap.obj
 0001:0003ec00       __free_dbg_lk              4003fc00 f   LIBCMTD:dbgheap.obj
 0001:0003eff0       __msize                    4003fff0 f   LIBCMTD:dbgheap.obj
 0001:0003f010       __msize_dbg                40040010 f   LIBCMTD:dbgheap.obj
 0001:0003f170       __CrtSetBreakAlloc         40040170 f   LIBCMTD:dbgheap.obj
 0001:0003f190       __CrtSetDbgBlockType       40040190 f   LIBCMTD:dbgheap.obj
 0001:0003f230       __CrtSetAllocHook          40040230 f   LIBCMTD:dbgheap.obj
 0001:0003f2e0       __CrtCheckMemory           400402e0 f   LIBCMTD:dbgheap.obj
 0001:0003f650       __CrtSetDbgFlag            40040650 f   LIBCMTD:dbgheap.obj
 0001:0003f680       __CrtDoForAllClientObjects 40040680 f   LIBCMTD:dbgheap.obj
 0001:0003f6f0       __CrtIsValidPointer        400406f0 f   LIBCMTD:dbgheap.obj
 0001:0003f740       __CrtIsValidHeapPointer    40040740 f   LIBCMTD:dbgheap.obj
 0001:0003f7d0       __CrtIsMemoryBlock         400407d0 f   LIBCMTD:dbgheap.obj
 0001:0003f8c0       __CrtSetDumpClient         400408c0 f   LIBCMTD:dbgheap.obj
 0001:0003f8e0       __CrtMemCheckpoint         400408e0 f   LIBCMTD:dbgheap.obj
 0001:0003fa50       __CrtMemDifference         40040a50 f   LIBCMTD:dbgheap.obj
 0001:0003fb80       __CrtMemDumpAllObjectsSince 40040b80 f   LIBCMTD:dbgheap.obj
 0001:0003ff60       __CrtDumpMemoryLeaks       40040f60 f   LIBCMTD:dbgheap.obj
 0001:0003ffe0       __CrtMemDumpStatistics     40040fe0 f   LIBCMTD:dbgheap.obj
 0001:000400b0       __setenvp                  400410b0 f   LIBCMTD:stdenvp.obj
 0001:00040200       __setargv                  40041200 f   LIBCMTD:stdargv.obj
 0001:00040710       ___crtGetEnvironmentStringsA 40041710 f   LIBCMTD:a_env.obj
 0001:00040930       __heap_init                40041930 f   LIBCMTD:heapinit.obj
 0001:00040980       __heap_term                40041980 f   LIBCMTD:heapinit.obj
 0001:00040a20       _DllMain@12                40041a20 f   LIBCMTD:dllmain.obj
 0001:00040a30       __FF_MSGBANNER             40041a30 f   LIBCMTD:crt0msg.obj
 0001:00040a80       __NMSG_WRITE               40041a80 f   LIBCMTD:crt0msg.obj
 0001:00040c40       __GET_RTERRMSG             40041c40 f   LIBCMTD:crt0msg.obj
 0001:00040c90       __snprintf                 40041c90 f   LIBCMTD:snprintf.obj
 0001:00040d90       __vsnprintf                40041d90 f   LIBCMTD:vsnprint.obj
 0001:00040e90       __statusfp                 40041e90 f   LIBCMTD:ieee87.obj
 0001:00040eb0       __clearfp                  40041eb0 f   LIBCMTD:ieee87.obj
 0001:00040ed0       __control87                40041ed0 f   LIBCMTD:ieee87.obj
 0001:00040f20       __controlfp                40041f20 f   LIBCMTD:ieee87.obj
 0001:00040f40       __fpreset                  40041f40 f   LIBCMTD:ieee87.obj
 0001:00041330       __ZeroTail                 40042330 f   LIBCMTD:intrncvt.obj
 0001:000413c0       __IncMan                   400423c0 f   LIBCMTD:intrncvt.obj
 0001:00041470       __RoundMan                 40042470 f   LIBCMTD:intrncvt.obj
 0001:00041550       __CopyMan                  40042550 f   LIBCMTD:intrncvt.obj
 0001:000415a0       __FillZeroMan              400425a0 f   LIBCMTD:intrncvt.obj
 0001:000415d0       __IsZeroMan                400425d0 f   LIBCMTD:intrncvt.obj
 0001:00041610       __ShrMan                   40042610 f   LIBCMTD:intrncvt.obj
 0001:00041700       __ld12cvt                  40042700 f   LIBCMTD:intrncvt.obj
 0001:00041950       __ld12tod                  40042950 f   LIBCMTD:intrncvt.obj
 0001:00041970       __ld12tof                  40042970 f   LIBCMTD:intrncvt.obj
 0001:00041990       __ld12told                 40042990 f   LIBCMTD:intrncvt.obj
 0001:00041a50       __atodbl                   40042a50 f   LIBCMTD:intrncvt.obj
 0001:00041a90       __atoldbl                  40042a90 f   LIBCMTD:intrncvt.obj
 0001:00041ad0       __atoflt                   40042ad0 f   LIBCMTD:intrncvt.obj
 0001:00041b10       __fptostr                  40042b10 f   LIBCMTD:_fptostr.obj
 0001:00041c10       __fltout2                  40042c10 f   LIBCMTD:cfout.obj
 0001:00041c90       ___dtold                   40042c90 f   LIBCMTD:cfout.obj
 0001:00041e00       __fptrap                   40042e00 f   LIBCMTD:crt0fp.obj
 0001:00041e10       __87except                 40042e10 f   LIBCMTD:87except.obj
 0001:00041f90       ___strgtold12              40042f90 f   LIBCMTD:strgtold.obj
 0001:00042ac0       ___STRINGTOLD              40043ac0 f   LIBCMTD:strgtold.obj
 0001:00042b10       ___crtGetStringTypeA       40043b10 f   LIBCMTD:a_str.obj
 0001:00042cd0       __dosmaperr                40043cd0 f   LIBCMTD:dosmap.obj
 0001:00042d70       __errno                    40043d70 f   LIBCMTD:dosmap.obj
 0001:00042d80       ___doserrno                40043d80 f   LIBCMTD:dosmap.obj
 0001:00042d90       __matherr                  40043d90 f   LIBCMTD:matherr.obj
 0001:00042da0       __XcptFilter               40043da0 f   LIBCMTD:winxfltr.obj
 0001:00042fc0       __aulldiv                  40043fc0 f   LIBCMTD:ulldiv.obj
 0001:00043030       __aullrem                  40044030 f   LIBCMTD:ullrem.obj
 0001:000430b0       __commit                   400440b0 f   LIBCMTD:commit.obj
 0001:00043190       __write                    40044190 f   LIBCMTD:write.obj
 0001:00043220       __write_lk                 40044220 f   LIBCMTD:write.obj
 0001:000434a0       __stbuf                    400444a0 f   LIBCMTD:_sftbuf.obj
 0001:00043600       __ftbuf                    40044600 f   LIBCMTD:_sftbuf.obj
 0001:000436a0       __freebuf                  400446a0 f   LIBCMTD:_freebuf.obj
 0001:00043740       __fcloseall                40044740 f   LIBCMTD:closeall.obj
 0001:00043820       __lseek                    40044820 f   LIBCMTD:lseek.obj
 0001:000438b0       __lseek_lk                 400448b0 f   LIBCMTD:lseek.obj
 0001:00043970       __getbuf                   40044970 f   LIBCMTD:_getbuf.obj
 0001:00043a40       __isatty                   40044a40 f   LIBCMTD:isatty.obj
 0001:00043a80       _wctomb                    40044a80 f   LIBCMTD:wctomb.obj
 0001:00043b00       __wctomb_lk                40044b00 f   LIBCMTD:wctomb.obj
 0001:00043ba0       ___init_time               40044ba0 f   LIBCMTD:inittime.obj
 0001:00044520       ___init_numeric            40045520 f   LIBCMTD:initnum.obj
 0001:00044850       ___init_monetary           40045850 f   LIBCMTD:initmon.obj
 0001:00044cb0       ___init_ctype              40045cb0 f   LIBCMTD:initctyp.obj
 0001:00045050       ___init_collate            40046050 f   LIBCMTD:initcoll.obj
 0001:00045060       _strcspn                   40046060 f   LIBCMTD:strcspn.obj
 0001:000450a0       _strncmp                   400460a0 f   LIBCMTD:strncmp.obj
 0001:000450e0       _strpbrk                   400460e0 f   LIBCMTD:strpbrk.obj
 0001:00045120       ___get_qualified_locale    40046120 f   LIBCMTD:getqloc.obj
 0001:00045eb8       __global_unwind2           40046eb8 f   LIBCMTD:exsup.obj
 0001:00045efa       __local_unwind2            40046efa f   LIBCMTD:exsup.obj
 0001:00045f52       __NLG_Return2              40046f52 f   LIBCMTD:exsup.obj
 0001:00045f62       __abnormal_termination     40046f62 f   LIBCMTD:exsup.obj
 0001:00045f85       __NLG_Notify1              40046f85 f   LIBCMTD:exsup.obj
 0001:00045f8e       __NLG_Notify               40046f8e f   LIBCMTD:exsup.obj
 0001:00045fa1       __NLG_Dispatch             40046fa1 f   LIBCMTD:exsup.obj
 0001:00045fb0       __except_handler3          40046fb0 f   LIBCMTD:exsup3.obj
 0001:0004606d       __seh_longjmp_unwind@4     4004706d f   LIBCMTD:exsup3.obj
 0001:00046090       ?_set_new_handler@@YAP6AHI@ZP6AHI@Z@Z 40047090 f   LIBCMTD:handler.obj
 0001:000460c0       ?_query_new_handler@@YAP6AHI@ZXZ 400470c0 f   LIBCMTD:handler.obj
 0001:000460d0       __callnewh                 400470d0 f   LIBCMTD:handler.obj
 0001:00046100       __malloc_base              40047100 f   LIBCMTD:malloc.obj
 0001:00046120       __nh_malloc_base           40047120 f   LIBCMTD:malloc.obj
 0001:00046180       __heap_alloc_base          40047180 f   LIBCMTD:malloc.obj
 0001:000461f0       __CrtDefaultAllocHook      400471f0 f   LIBCMTD:dbghook.obj
 0001:00046200       __expand_base              40047200 f   LIBCMTD:expand.obj
 0001:000462b0       __realloc_base             400472b0 f   LIBCMTD:realloc.obj
 0001:000464a0       __free_base                400474a0 f   LIBCMTD:free.obj
 0001:00046510       __heapchk                  40047510 f   LIBCMTD:heapchk.obj
 0001:00046590       __heapset                  40047590 f   LIBCMTD:heapchk.obj
 0001:000465a0       __get_sbh_threshold        400475a0 f   LIBCMTD:sbheap.obj
 0001:000465b0       __set_sbh_threshold        400475b0 f   LIBCMTD:sbheap.obj
 0001:000465d0       ___sbh_heap_init           400475d0 f   LIBCMTD:sbheap.obj
 0001:00046630       ___sbh_find_block          40047630 f   LIBCMTD:sbheap.obj
 0001:00046690       ___sbh_verify_block        40047690 f   LIBCMTD:sbheap.obj
 0001:000466f0       ___sbh_free_block          400476f0 f   LIBCMTD:sbheap.obj
 0001:00046cc0       ___sbh_alloc_block         40047cc0 f   LIBCMTD:sbheap.obj
 0001:00047200       ___sbh_alloc_new_region    40048200 f   LIBCMTD:sbheap.obj
 0001:00047310       ___sbh_alloc_new_group     40048310 f   LIBCMTD:sbheap.obj
 0001:00047500       ___sbh_resize_block        40048500 f   LIBCMTD:sbheap.obj
 0001:00047af0       ___sbh_heapmin             40048af0 f   LIBCMTD:sbheap.obj
 0001:00047c20       ___sbh_heap_check          40048c20 f   LIBCMTD:sbheap.obj
 0001:00048240       _sprintf                   40049240 f   LIBCMTD:sprintf.obj
 0001:00048340       __setmbcp                  40049340 f   LIBCMTD:mbctype.obj
 0001:00048b00       __getmbcp                  40049b00 f   LIBCMTD:mbctype.obj
 0001:00048b20       ___initmbctable            40049b20 f   LIBCMTD:mbctype.obj
 0001:00048b50       ___addl                    40049b50 f   LIBCMTD:mantold.obj
 0001:00048b90       ___add_12                  40049b90 f   LIBCMTD:mantold.obj
 0001:00048c40       ___shl_12                  40049c40 f   LIBCMTD:mantold.obj
 0001:00048ca0       ___shr_12                  40049ca0 f   LIBCMTD:mantold.obj
 0001:00048d10       ___mtold12                 40049d10 f   LIBCMTD:mantold.obj
 0001:00048e50       _$I10_OUTPUT               40049e50 f   LIBCMTD:x10fout.obj
 0001:00049370       ___ld12mul                 4004a370 f   LIBCMTD:tenpow.obj
 0001:000497b0       ___multtenpow12            4004a7b0 f   LIBCMTD:tenpow.obj
 0001:00049880       __alloc_osfhnd             4004a880 f   LIBCMTD:osfinfo.obj
 0001:00049a70       __set_osfhnd               4004aa70 f   LIBCMTD:osfinfo.obj
 0001:00049b30       __free_osfhnd              4004ab30 f   LIBCMTD:osfinfo.obj
 0001:00049c10       __get_osfhandle            4004ac10 f   LIBCMTD:osfinfo.obj
 0001:00049c80       __open_osfhandle           4004ac80 f   LIBCMTD:osfinfo.obj
 0001:00049d90       __lock_fhandle             4004ad90 f   LIBCMTD:osfinfo.obj
 0001:00049e20       __unlock_fhandle           4004ae20 f   LIBCMTD:osfinfo.obj
 0001:00049e50       _fclose                    4004ae50 f   LIBCMTD:fclose.obj
 0001:00049ee0       __fclose_lk                4004aee0 f   LIBCMTD:fclose.obj
 0001:00049fa0       __Getdays                  4004afa0 f   LIBCMTD:strftime.obj
 0001:0004a0d0       __Getmonths                4004b0d0 f   LIBCMTD:strftime.obj
 0001:0004a200       __Gettnames                4004b200 f   LIBCMTD:strftime.obj
 0001:0004a570       _strftime                  4004b570 f   LIBCMTD:strftime.obj
 0001:0004a590       __Strftime                 4004b590 f   LIBCMTD:strftime.obj
 0001:0004b410       ___getlocaleinfo           4004c410 f   LIBCMTD:inithelp.obj
 0001:0004b6a0       _localeconv                4004c6a0 f   LIBCMTD:lconv.obj
 0001:0004b6b0       ___crtGetStringTypeW       4004c6b0 f   LIBCMTD:w_str.obj
 0001:0004b920       __strcmpi                  4004c920 f   LIBCMTD:stricmp.obj
 0001:0004b920       __stricmp                  4004c920 f   LIBCMTD:stricmp.obj
 0001:0004b9f0       __strnicmp                 4004c9f0 f   LIBCMTD:strnicmp.obj
 0001:0004bb00       __close                    4004cb00 f   LIBCMTD:close.obj
 0001:0004bb80       __close_lk                 4004cb80 f   LIBCMTD:close.obj
 0001:0004bc30       ___tzset                   4004cc30 f   LIBCMTD:tzset.obj
 0001:0004bc70       __tzset                    4004cc70 f   LIBCMTD:tzset.obj
 0001:0004c040       __isindst                  4004d040 f   LIBCMTD:tzset.obj
 0001:0004c570       ___crtGetLocaleInfoW       4004d570 f   LIBCMTD:w_loc.obj
 0001:0004c710       ___crtGetLocaleInfoA       4004d710 f   LIBCMTD:a_loc.obj
 0001:0004c8c0       _getenv                    4004d8c0 f   LIBCMTD:getenv.obj
 0001:0004c8f0       __getenv_lk                4004d8f0 f   LIBCMTD:getenv.obj
 0001:0004c9c0       __mbsnbicoll               4004d9c0 f   LIBCMTD:mbsnbico.obj
 0001:0004ca10       ___wtomb_environ           4004da10 f   LIBCMTD:wtombenv.obj
 0001:0004cac0       ___crtCompareStringA       4004dac0 f   LIBCMTD:a_cmp.obj
 0001:0004cf10       ___crtsetenv               4004df10 f   LIBCMTD:setenv.obj
 0001:0004d360       __mbschr                   4004e360 f   LIBCMTD:mbschr.obj
 0001:0004d44e       _GetModuleFileNameA@12     4004e44e f   kernel32:KERNEL32.dll
 0001:0004d454       _InterlockedDecrement@4    4004e454 f   kernel32:KERNEL32.dll
 0001:0004d45a       _InterlockedIncrement@4    4004e45a f   kernel32:KERNEL32.dll
 0001:0004d460       _GetCommandLineA@0         4004e460 f   kernel32:KERNEL32.dll
 0001:0004d466       _GetVersion@0              4004e466 f   kernel32:KERNEL32.dll
 0001:0004d46c       _DebugBreak@0              4004e46c f   kernel32:KERNEL32.dll
 0001:0004d472       _GetStdHandle@4            4004e472 f   kernel32:KERNEL32.dll
 0001:0004d478       _WriteFile@20              4004e478 f   kernel32:KERNEL32.dll
 0001:0004d47e       _OutputDebugStringA@4      4004e47e f   kernel32:KERNEL32.dll
 0001:0004d484       _GetProcAddress@8          4004e484 f   kernel32:KERNEL32.dll
 0001:0004d48a       _LoadLibraryA@4            4004e48a f   kernel32:KERNEL32.dll
 0001:0004d490       _GetModuleHandleA@4        4004e490 f   kernel32:KERNEL32.dll
 0001:0004d496       _RaiseException@16         4004e496 f   kernel32:KERNEL32.dll
 0001:0004d49c       _ExitProcess@4             4004e49c f   kernel32:KERNEL32.dll
 0001:0004d4a2       _TerminateProcess@8        4004e4a2 f   kernel32:KERNEL32.dll
 0001:0004d4a8       _GetCurrentProcess@0       4004e4a8 f   kernel32:KERNEL32.dll
 0001:0004d4ae       _GetLastError@0            4004e4ae f   kernel32:KERNEL32.dll
 0001:0004d4b4       _SetConsoleCtrlHandler@8   4004e4b4 f   kernel32:KERNEL32.dll
 0001:0004d4ba       _EnterCriticalSection@4    4004e4ba f   kernel32:KERNEL32.dll
 0001:0004d4c0       _LeaveCriticalSection@4    4004e4c0 f   kernel32:KERNEL32.dll
 0001:0004d4c6       _InitializeCriticalSection@4 4004e4c6 f   kernel32:KERNEL32.dll
 0001:0004d4cc       _DeleteCriticalSection@4   4004e4cc f   kernel32:KERNEL32.dll
 0001:0004d4d2       _FatalAppExitA@8           4004e4d2 f   kernel32:KERNEL32.dll
 0001:0004d4d8       _Sleep@4                   4004e4d8 f   kernel32:KERNEL32.dll
 0001:0004d4de       _WideCharToMultiByte@32    4004e4de f   kernel32:KERNEL32.dll
 0001:0004d4e4       _MultiByteToWideChar@24    4004e4e4 f   kernel32:KERNEL32.dll
 0001:0004d4ea       _LCMapStringA@24           4004e4ea f   kernel32:KERNEL32.dll
 0001:0004d4f0       _LCMapStringW@24           4004e4f0 f   kernel32:KERNEL32.dll
 0001:0004d4f6       _GetCurrentThreadId@0      4004e4f6 f   kernel32:KERNEL32.dll
 0001:0004d4fc       _TlsSetValue@8             4004e4fc f   kernel32:KERNEL32.dll
 0001:0004d502       _TlsAlloc@0                4004e502 f   kernel32:KERNEL32.dll
 0001:0004d508       _TlsFree@4                 4004e508 f   kernel32:KERNEL32.dll
 0001:0004d50e       _SetLastError@4            4004e50e f   kernel32:KERNEL32.dll
 0001:0004d514       _TlsGetValue@4             4004e514 f   kernel32:KERNEL32.dll
 0001:0004d51a       _GetCurrentThread@0        4004e51a f   kernel32:KERNEL32.dll
 0001:0004d520       _SetHandleCount@4          4004e520 f   kernel32:KERNEL32.dll
 0001:0004d526       _GetFileType@4             4004e526 f   kernel32:KERNEL32.dll
 0001:0004d52c       _GetStartupInfoA@4         4004e52c f   kernel32:KERNEL32.dll
 0001:0004d532       _IsBadWritePtr@8           4004e532 f   kernel32:KERNEL32.dll
 0001:0004d538       _IsBadReadPtr@8            4004e538 f   kernel32:KERNEL32.dll
 0001:0004d53e       _HeapValidate@12           4004e53e f   kernel32:KERNEL32.dll
 0001:0004d544       _FreeEnvironmentStringsA@4 4004e544 f   kernel32:KERNEL32.dll
 0001:0004d54a       _FreeEnvironmentStringsW@4 4004e54a f   kernel32:KERNEL32.dll
 0001:0004d550       _GetEnvironmentStrings@0   4004e550 f   kernel32:KERNEL32.dll
 0001:0004d556       _GetEnvironmentStringsW@0  4004e556 f   kernel32:KERNEL32.dll
 0001:0004d55c       _HeapDestroy@4             4004e55c f   kernel32:KERNEL32.dll
 0001:0004d562       _HeapCreate@12             4004e562 f   kernel32:KERNEL32.dll
 0001:0004d568       _HeapFree@12               4004e568 f   kernel32:KERNEL32.dll
 0001:0004d56e       _VirtualFree@12            4004e56e f   kernel32:KERNEL32.dll
 0001:0004d574       _GetStringTypeA@20         4004e574 f   kernel32:KERNEL32.dll
 0001:0004d57a       _GetStringTypeW@16         4004e57a f   kernel32:KERNEL32.dll
 0001:0004d580       _UnhandledExceptionFilter@4 4004e580 f   kernel32:KERNEL32.dll
 0001:0004d586       _FlushFileBuffers@4        4004e586 f   kernel32:KERNEL32.dll
 0001:0004d58c       _SetFilePointer@16         4004e58c f   kernel32:KERNEL32.dll
 0001:0004d592       _GetCPInfo@8               4004e592 f   kernel32:KERNEL32.dll
 0001:0004d598       _IsValidLocale@8           4004e598 f   kernel32:KERNEL32.dll
 0001:0004d59e       _IsValidCodePage@4         4004e59e f   kernel32:KERNEL32.dll
 0001:0004d5a4       _GetLocaleInfoA@16         4004e5a4 f   kernel32:KERNEL32.dll
 0001:0004d5aa       _EnumSystemLocalesA@8      4004e5aa f   kernel32:KERNEL32.dll
 0001:0004d5b0       _GetUserDefaultLCID@0      4004e5b0 f   kernel32:KERNEL32.dll
 0001:0004d5b6       _GetVersionExA@4           4004e5b6 f   kernel32:KERNEL32.dll
 0001:0004d5bc       _RtlUnwind@16              4004e5bc f   kernel32:KERNEL32.dll
 0001:0004d5c2       _HeapAlloc@12              4004e5c2 f   kernel32:KERNEL32.dll
 0001:0004d5c8       _HeapReAlloc@16            4004e5c8 f   kernel32:KERNEL32.dll
 0001:0004d5ce       _VirtualAlloc@16           4004e5ce f   kernel32:KERNEL32.dll
 0001:0004d5d4       _GetACP@0                  4004e5d4 f   kernel32:KERNEL32.dll
 0001:0004d5da       _GetOEMCP@0                4004e5da f   kernel32:KERNEL32.dll
 0001:0004d5e0       _SetStdHandle@8            4004e5e0 f   kernel32:KERNEL32.dll
 0001:0004d5e6       _CloseHandle@4             4004e5e6 f   kernel32:KERNEL32.dll
 0001:0004d5ec       _GetTimeZoneInformation@4  4004e5ec f   kernel32:KERNEL32.dll
 0001:0004d5f2       _GetLocaleInfoW@16         4004e5f2 f   kernel32:KERNEL32.dll
 0001:0004d5f8       _CompareStringA@24         4004e5f8 f   kernel32:KERNEL32.dll
 0001:0004d5fe       _CompareStringW@24         4004e5fe f   kernel32:KERNEL32.dll
 0001:0004d604       _SetEnvironmentVariableA@8 4004e604 f   kernel32:KERNEL32.dll
 0001:00054490       __enc$textbss$begin        40055490     <linker-defined>
 0001:0007a890       __enc$textbss$end          4007b890     <linker-defined>
 0002:0000001c       ??_C@_08DFDJ@EV_TAUNT?$AA@ 4007c01c     bg_misc.obj
 0002:00000028       ??_C@_0BE@BDJC@EV_STOPLOOPINGSOUND?$AA@ 4007c028     bg_misc.obj
 0002:00000040       ??_C@_0O@BDBB@EV_DEBUG_LINE?$AA@ 4007c040     bg_misc.obj
 0002:00000050       ??_C@_0BB@MBOB@EV_LIGHTNINGBOLT?$AA@ 4007c050     bg_misc.obj
 0002:00000064       ??_C@_09JFKJ@EV_JUICED?$AA@ 4007c064     bg_misc.obj
 0002:00000070       ??_C@_0BA@GDOI@EV_INVUL_IMPACT?$AA@ 4007c070     bg_misc.obj
 0002:00000084       ??_C@_0BC@POAK@EV_OBELISKEXPLODE?$AA@ 4007c084     bg_misc.obj
 0002:0000009c       ??_C@_0M@KIDO@EV_KAMIKAZE?$AA@ 4007c09c     bg_misc.obj
 0002:000000ac       ??_C@_0BK@KGMO@EV_PROXIMITY_MINE_TRIGGER?$AA@ 4007c0ac     bg_misc.obj
 0002:000000cc       ??_C@_0BI@LIAD@EV_PROXIMITY_MINE_STICK?$AA@ 4007c0cc     bg_misc.obj
 0002:000000e8       ??_C@_0N@CDHP@EV_SCOREPLUM?$AA@ 4007c0e8     bg_misc.obj
 0002:000000f8       ??_C@_0O@CIDG@EV_GIB_PLAYER?$AA@ 4007c0f8     bg_misc.obj
 0002:00000108       ??_C@_0BB@LKNF@EV_POWERUP_REGEN?$AA@ 4007c108     bg_misc.obj
 0002:0000011c       ??_C@_0BG@KJJ@EV_POWERUP_BATTLESUIT?$AA@ 4007c11c     bg_misc.obj
 0002:00000138       ??_C@_0BA@EMDG@EV_POWERUP_QUAD?$AA@ 4007c138     bg_misc.obj
 0002:0000014c       ??_C@_0M@MMOI@EV_OBITUARY?$AA@ 4007c14c     bg_misc.obj
 0002:0000015c       ??_C@_09EH@EV_DEATH3?$AA@  4007c15c     bg_misc.obj
 0002:00000168       ??_C@_09KKNA@EV_DEATH2?$AA@ 4007c168     bg_misc.obj
 0002:00000174       ??_C@_09FFGJ@EV_DEATH1?$AA@ 4007c174     bg_misc.obj
 0002:00000180       ??_C@_07MFPI@EV_PAIN?$AA@  4007c180     bg_misc.obj
 0002:0000018c       ??_C@_09PBG@EV_BULLET?$AA@ 4007c18c     bg_misc.obj
 0002:00000198       ??_C@_0L@PELA@EV_SHOTGUN?$AA@ 4007c198     bg_misc.obj
 0002:000001a8       ??_C@_0N@FBDJ@EV_RAILTRAIL?$AA@ 4007c1a8     bg_misc.obj
 0002:000001b8       ??_C@_0BG@KLM@EV_MISSILE_MISS_METAL?$AA@ 4007c1b8     bg_misc.obj
 0002:000001d4       ??_C@_0BA@FHCK@EV_MISSILE_MISS?$AA@ 4007c1d4     bg_misc.obj
 0002:000001e8       ??_C@_0P@GMEB@EV_MISSILE_HIT?$AA@ 4007c1e8     bg_misc.obj
 0002:000001fc       ??_C@_0BD@FCGB@EV_BULLET_HIT_WALL?$AA@ 4007c1fc     bg_misc.obj
 0002:00000214       ??_C@_0BE@OJNL@EV_BULLET_HIT_FLESH?$AA@ 4007c214     bg_misc.obj
 0002:0000022c       ??_C@_0BF@GBCB@EV_GLOBAL_TEAM_SOUND?$AA@ 4007c22c     bg_misc.obj
 0002:00000248       ??_C@_0BA@DICP@EV_GLOBAL_SOUND?$AA@ 4007c248     bg_misc.obj
 0002:0000025c       ??_C@_0BB@PHBP@EV_GENERAL_SOUND?$AA@ 4007c25c     bg_misc.obj
 0002:00000270       ??_C@_0BC@MNAB@EV_GRENADE_BOUNCE?$AA@ 4007c270     bg_misc.obj
 0002:00000288       ??_C@_0BH@CBAJ@EV_PLAYER_TELEPORT_OUT?$AA@ 4007c288     bg_misc.obj
 0002:000002a4       ??_C@_0BG@JACO@EV_PLAYER_TELEPORT_IN?$AA@ 4007c2a4     bg_misc.obj
 0002:000002c0       ??_C@_0M@FEGJ@EV_ITEM_POP?$AA@ 4007c2c0     bg_misc.obj
 0002:000002d0       ??_C@_0BA@KOE@EV_ITEM_RESPAWN?$AA@ 4007c2d0     bg_misc.obj
 0002:000002e4       ??_C@_0O@PBJJ@EV_USE_ITEM15?$AA@ 4007c2e4     bg_misc.obj
 0002:000002f4       ??_C@_0O@FLAO@EV_USE_ITEM14?$AA@ 4007c2f4     bg_misc.obj
 0002:00000304       ??_C@_0O@OOL@EV_USE_ITEM13?$AA@ 4007c304     bg_misc.obj
 0002:00000314       ??_C@_0O@KEHM@EV_USE_ITEM12?$AA@ 4007c314     bg_misc.obj
 0002:00000324       ??_C@_0O@FLMF@EV_USE_ITEM11?$AA@ 4007c324     bg_misc.obj
 0002:00000334       ??_C@_0O@PBFC@EV_USE_ITEM10?$AA@ 4007c334     bg_misc.obj
 0002:00000344       ??_C@_0N@JGCE@EV_USE_ITEM9?$AA@ 4007c344     bg_misc.obj
 0002:00000354       ??_C@_0N@DMLD@EV_USE_ITEM8?$AA@ 4007c354     bg_misc.obj
 0002:00000364       ??_C@_0N@DNOO@EV_USE_ITEM7?$AA@ 4007c364     bg_misc.obj
 0002:00000374       ??_C@_0N@JHHJ@EV_USE_ITEM6?$AA@ 4007c374     bg_misc.obj
 0002:00000384       ??_C@_0N@GIMA@EV_USE_ITEM5?$AA@ 4007c384     bg_misc.obj
 0002:00000394       ??_C@_0N@MCFH@EV_USE_ITEM4?$AA@ 4007c394     bg_misc.obj
 0002:000003a4       ??_C@_0N@JHLC@EV_USE_ITEM3?$AA@ 4007c3a4     bg_misc.obj
 0002:000003b4       ??_C@_0N@DNCF@EV_USE_ITEM2?$AA@ 4007c3b4     bg_misc.obj
 0002:000003c4       ??_C@_0N@MCJM@EV_USE_ITEM1?$AA@ 4007c3c4     bg_misc.obj
 0002:000003d4       ??_C@_0N@GIAL@EV_USE_ITEM0?$AA@ 4007c3d4     bg_misc.obj
 0002:000003e4       ??_C@_0P@HOLG@EV_FIRE_WEAPON?$AA@ 4007c3e4     bg_misc.obj
 0002:000003f8       ??_C@_0BB@OKAK@EV_CHANGE_WEAPON?$AA@ 4007c3f8     bg_misc.obj
 0002:0000040c       ??_C@_09MIBL@EV_NOAMMO?$AA@ 4007c40c     bg_misc.obj
 0002:00000418       ??_C@_0BG@LBJI@EV_GLOBAL_ITEM_PICKUP?$AA@ 4007c418     bg_misc.obj
 0002:00000434       ??_C@_0P@DDBJ@EV_ITEM_PICKUP?$AA@ 4007c434     bg_misc.obj
 0002:00000448       ??_C@_0P@HGEE@EV_WATER_CLEAR?$AA@ 4007c448     bg_misc.obj
 0002:0000045c       ??_C@_0P@PGNG@EV_WATER_UNDER?$AA@ 4007c45c     bg_misc.obj
 0002:00000470       ??_C@_0P@KHGF@EV_WATER_LEAVE?$AA@ 4007c470     bg_misc.obj
 0002:00000484       ??_C@_0P@NPME@EV_WATER_TOUCH?$AA@ 4007c484     bg_misc.obj
 0002:00000498       ??_C@_07MBMN@EV_JUMP?$AA@  4007c498     bg_misc.obj
 0002:000004a4       ??_C@_0M@ONMG@EV_JUMP_PAD?$AA@ 4007c4a4     bg_misc.obj
 0002:000004b4       ??_C@_0M@FCFB@EV_FALL_FAR?$AA@ 4007c4b4     bg_misc.obj
 0002:000004c4       ??_C@_0P@DAAM@EV_FALL_MEDIUM?$AA@ 4007c4c4     bg_misc.obj
 0002:000004d8       ??_C@_0O@MOHH@EV_FALL_SHORT?$AA@ 4007c4d8     bg_misc.obj
 0002:000004e8       ??_C@_0L@BPHB@EV_STEP_16?$AA@ 4007c4e8     bg_misc.obj
 0002:000004f8       ??_C@_0L@LFCN@EV_STEP_12?$AA@ 4007c4f8     bg_misc.obj
 0002:00000508       ??_C@_09GNLK@EV_STEP_8?$AA@ 4007c508     bg_misc.obj
 0002:00000514       ??_C@_09JDFO@EV_STEP_4?$AA@ 4007c514     bg_misc.obj
 0002:00000520       ??_C@_07JIKK@EV_SWIM?$AA@  4007c520     bg_misc.obj
 0002:0000052c       ??_C@_0M@FIHK@EV_FOOTWADE?$AA@ 4007c52c     bg_misc.obj
 0002:0000053c       ??_C@_0O@KHFI@EV_FOOTSPLASH?$AA@ 4007c53c     bg_misc.obj
 0002:0000054c       ??_C@_0BC@OEIA@EV_FOOTSTEP_METAL?$AA@ 4007c54c     bg_misc.obj
 0002:00000564       ??_C@_0M@EJAF@EV_FOOTSTEP?$AA@ 4007c564     bg_misc.obj
 0002:00000574       ??_C@_07NDDD@EV_NONE?$AA@  4007c574     bg_misc.obj
 0002:00000580       ??_C@_09DHIB@Blue?5Flag?$AA@ 4007c580     bg_misc.obj
 0002:0000058c       ??_C@_0BB@NLLL@icons?1iconf_blu1?$AA@ 4007c58c     bg_misc.obj
 0002:000005a0       ??_C@_0BI@ILPD@models?1flags?1b_flag?4md3?$AA@ 4007c5a0     bg_misc.obj
 0002:000005bc       ??_C@_0BC@GPLF@team_CTF_blueflag?$AA@ 4007c5bc     bg_misc.obj
 0002:000005d4       ??_C@_08CLEI@Red?5Flag?$AA@ 4007c5d4     bg_misc.obj
 0002:000005e0       ??_C@_0BB@DADK@icons?1iconf_red1?$AA@ 4007c5e0     bg_misc.obj
 0002:000005f4       ??_C@_0BI@HHNH@models?1flags?1r_flag?4md3?$AA@ 4007c5f4     bg_misc.obj
 0002:00000610       ??_C@_0BB@FOCB@team_CTF_redflag?$AA@ 4007c610     bg_misc.obj
 0002:00000624       ??_C@_06CPDM@Flight?$AA@   4007c624     bg_misc.obj
 0002:0000062c       ??_C@_0N@DFIJ@icons?1flight?$AA@ 4007c62c     bg_misc.obj
 0002:0000063c       ??_C@_0CI@PHJ@models?1powerups?1instant?1flight_r@ 4007c63c     bg_misc.obj
 0002:0000066c       ??_C@_0CD@MKAO@models?1powerups?1instant?1flight?4m@ 4007c66c     bg_misc.obj
 0002:00000698       ??_C@_0BH@FEAN@sound?1items?1flight?4wav?$AA@ 4007c698     bg_misc.obj
 0002:000006b4       ??_C@_0M@NKLB@item_flight?$AA@ 4007c6b4     bg_misc.obj
 0002:000006c4       ??_C@_0BG@JFPE@sound?1items?1regen?4wav?$AA@ 4007c6c4     bg_misc.obj
 0002:000006e0       ??_C@_0N@KKJF@Regeneration?$AA@ 4007c6e0     bg_misc.obj
 0002:000006f0       ??_C@_0M@KGFF@icons?1regen?$AA@ 4007c6f0     bg_misc.obj
 0002:00000700       ??_C@_0CH@LMHA@models?1powerups?1instant?1regen_ri@ 4007c700     bg_misc.obj
 0002:00000730       ??_C@_0CC@JDKK@models?1powerups?1instant?1regen?4md@ 4007c730     bg_misc.obj
 0002:00000758       ??_C@_0BN@ELHM@sound?1items?1regeneration?4wav?$AA@ 4007c758     bg_misc.obj
 0002:0000077c       ??_C@_0L@JOKD@item_regen?$AA@ 4007c77c     bg_misc.obj
 0002:0000078c       ??_C@_0N@PHMD@Invisibility?$AA@ 4007c78c     bg_misc.obj
 0002:0000079c       ??_C@_0M@GBKC@icons?1invis?$AA@ 4007c79c     bg_misc.obj
 0002:000007ac       ??_C@_0CH@FMDJ@models?1powerups?1instant?1invis_ri@ 4007c7ac     bg_misc.obj
 0002:000007dc       ??_C@_0CC@GFDH@models?1powerups?1instant?1invis?4md@ 4007c7dc     bg_misc.obj
 0002:00000804       ??_C@_0BN@JBDA@sound?1items?1invisibility?4wav?$AA@ 4007c804     bg_misc.obj
 0002:00000828       ??_C@_0L@FJFE@item_invis?$AA@ 4007c828     bg_misc.obj
 0002:00000838       ??_C@_05PDDA@Speed?$AA@    4007c838     bg_misc.obj
 0002:00000840       ??_C@_0M@MOBK@icons?1haste?$AA@ 4007c840     bg_misc.obj
 0002:00000850       ??_C@_0CH@HLNN@models?1powerups?1instant?1haste_ri@ 4007c850     bg_misc.obj
 0002:00000880       ??_C@_0CC@HMKI@models?1powerups?1instant?1haste?4md@ 4007c880     bg_misc.obj
 0002:000008a8       ??_C@_0BG@HKPG@sound?1items?1haste?4wav?$AA@ 4007c8a8     bg_misc.obj
 0002:000008c4       ??_C@_0L@PGOM@item_haste?$AA@ 4007c8c4     bg_misc.obj
 0002:000008d4       ??_C@_0DA@KGOL@sound?1items?1airout?4wav?5sound?1ite@ 4007c8d4     bg_misc.obj
 0002:00000910       ??_C@_0M@LDNA@Battle?5Suit?$AA@ 4007c910     bg_misc.obj
 0002:00000920       ??_C@_0BB@LIEJ@icons?1envirosuit?$AA@ 4007c920     bg_misc.obj
 0002:00000934       ??_C@_0CI@BLEN@models?1powerups?1instant?1enviro_r@ 4007c934     bg_misc.obj
 0002:00000964       ??_C@_0CD@EJAP@models?1powerups?1instant?1enviro?4m@ 4007c964     bg_misc.obj
 0002:00000990       ??_C@_0BI@LHNB@sound?1items?1protect?4wav?$AA@ 4007c990     bg_misc.obj
 0002:000009ac       ??_C@_0M@CNAP@item_enviro?$AA@ 4007c9ac     bg_misc.obj
 0002:000009bc       ??_C@_0DA@MMGJ@sound?1items?1damage2?4wav?5sound?1it@ 4007c9bc     bg_misc.obj
 0002:000009f8       ??_C@_0M@MLLH@Quad?5Damage?$AA@ 4007c9f8     bg_misc.obj
 0002:00000a08       ??_C@_0L@CMEC@icons?1quad?$AA@ 4007ca08     bg_misc.obj
 0002:00000a18       ??_C@_0CG@HCKJ@models?1powerups?1instant?1quad_rin@ 4007ca18     bg_misc.obj
 0002:00000a48       ??_C@_0CB@LCDA@models?1powerups?1instant?1quad?4md3@ 4007ca48     bg_misc.obj
 0002:00000a70       ??_C@_0BL@FBJD@sound?1items?1quaddamage?4wav?$AA@ 4007ca70     bg_misc.obj
 0002:00000a90       ??_C@_09NKAN@item_quad?$AA@ 4007ca90     bg_misc.obj
 0002:00000a9c       ??_C@_0BL@LIGH@sound?1items?1use_medkit?4wav?$AA@ 4007ca9c     bg_misc.obj
 0002:00000abc       ??_C@_06MJBN@Medkit?$AA@   4007cabc     bg_misc.obj
 0002:00000ac4       ??_C@_0N@NDKI@icons?1medkit?$AA@ 4007cac4     bg_misc.obj
 0002:00000ad4       ??_C@_0CL@EEMI@models?1powerups?1holdable?1medkit_@ 4007cad4     bg_misc.obj
 0002:00000b08       ??_C@_0CE@BLCG@models?1powerups?1holdable?1medkit?4@ 4007cb08     bg_misc.obj
 0002:00000b34       ??_C@_0BA@HJCK@holdable_medkit?$AA@ 4007cb34     bg_misc.obj
 0002:00000b48       ??_C@_0BE@NHOP@Personal?5Teleporter?$AA@ 4007cb48     bg_misc.obj
 0002:00000b60       ??_C@_0BB@EOIF@icons?1teleporter?$AA@ 4007cb60     bg_misc.obj
 0002:00000b74       ??_C@_0CI@EJIK@models?1powerups?1holdable?1telepor@ 4007cb74     bg_misc.obj
 0002:00000ba4       ??_C@_0BJ@PMCF@sound?1items?1holdable?4wav?$AA@ 4007cba4     bg_misc.obj
 0002:00000bc4       ??_C@_0BE@EFDD@holdable_teleporter?$AA@ 4007cbc4     bg_misc.obj
 0002:00000bdc       ??_C@_08HHBB@Bfg?5Ammo?$AA@ 4007cbdc     bg_misc.obj
 0002:00000be8       ??_C@_0BA@LIKB@icons?1icona_bfg?$AA@ 4007cbe8     bg_misc.obj
 0002:00000bfc       ??_C@_0BP@KGME@models?1powerups?1ammo?1bfgam?4md3?$AA@ 4007cbfc     bg_misc.obj
 0002:00000c24       ??_C@_08BHPM@ammo_bfg?$AA@ 4007cc24     bg_misc.obj
 0002:00000c30       ??_C@_05OJGD@Slugs?$AA@    4007cc30     bg_misc.obj
 0002:00000c38       ??_C@_0BE@KFKB@icons?1icona_railgun?$AA@ 4007cc38     bg_misc.obj
 0002:00000c50       ??_C@_0CD@BHHI@models?1powerups?1ammo?1railgunam?4m@ 4007cc50     bg_misc.obj
 0002:00000c7c       ??_C@_0L@PCJD@ammo_slugs?$AA@ 4007cc7c     bg_misc.obj
 0002:00000c8c       ??_C@_07ONGL@Rockets?$AA@  4007cc8c     bg_misc.obj
 0002:00000c98       ??_C@_0BD@NDBD@icons?1icona_rocket?$AA@ 4007cc98     bg_misc.obj
 0002:00000cb0       ??_C@_0CC@JMHP@models?1powerups?1ammo?1rocketam?4md@ 4007ccb0     bg_misc.obj
 0002:00000cd8       ??_C@_0N@DEF@ammo_rockets?$AA@ 4007ccd8     bg_misc.obj
 0002:00000ce8       ??_C@_09NPLP@Lightning?$AA@ 4007cce8     bg_misc.obj
 0002:00000cf4       ??_C@_0BG@BLCM@icons?1icona_lightning?$AA@ 4007ccf4     bg_misc.obj
 0002:00000d10       ??_C@_0CF@DECD@models?1powerups?1ammo?1lightningam@ 4007cd10     bg_misc.obj
 0002:00000d3c       ??_C@_0P@FNDL@ammo_lightning?$AA@ 4007cd3c     bg_misc.obj
 0002:00000d50       ??_C@_05IJJG@Cells?$AA@    4007cd50     bg_misc.obj
 0002:00000d58       ??_C@_0BD@PPKI@icons?1icona_plasma?$AA@ 4007cd58     bg_misc.obj
 0002:00000d70       ??_C@_0CC@GNJA@models?1powerups?1ammo?1plasmaam?4md@ 4007cd70     bg_misc.obj
 0002:00000d98       ??_C@_0L@JCGG@ammo_cells?$AA@ 4007cd98     bg_misc.obj
 0002:00000da8       ??_C@_08CFEJ@Grenades?$AA@ 4007cda8     bg_misc.obj
 0002:00000db4       ??_C@_0BE@MMLE@icons?1icona_grenade?$AA@ 4007cdb4     bg_misc.obj
 0002:00000dcc       ??_C@_0CD@NMEK@models?1powerups?1ammo?1grenadeam?4m@ 4007cdcc     bg_misc.obj
 0002:00000df8       ??_C@_0O@KBKH@ammo_grenades?$AA@ 4007cdf8     bg_misc.obj
 0002:00000e08       ??_C@_07EDBM@Bullets?$AA@  4007ce08     bg_misc.obj
 0002:00000e14       ??_C@_0BH@DHGM@icons?1icona_machinegun?$AA@ 4007ce14     bg_misc.obj
 0002:00000e30       ??_C@_0CG@KHPE@models?1powerups?1ammo?1machineguna@ 4007ce30     bg_misc.obj
 0002:00000e60       ??_C@_0N@KNDC@ammo_bullets?$AA@ 4007ce60     bg_misc.obj
 0002:00000e70       ??_C@_06OAJC@Shells?$AA@   4007ce70     bg_misc.obj
 0002:00000e78       ??_C@_0BE@MPL@icons?1icona_shotgun?$AA@ 4007ce78     bg_misc.obj
 0002:00000e90       ??_C@_0CD@LJLN@models?1powerups?1ammo?1shotgunam?4m@ 4007ce90     bg_misc.obj
 0002:00000ebc       ??_C@_0BH@EMHN@sound?1misc?1am_pkup?4wav?$AA@ 4007cebc     bg_misc.obj
 0002:00000ed8       ??_C@_0M@MOIJ@ammo_shells?$AA@ 4007ced8     bg_misc.obj
 0002:00000ee8       ??_C@_0P@MANM@Grappling?5Hook?$AA@ 4007cee8     bg_misc.obj
 0002:00000efc       ??_C@_0BE@IDGG@icons?1iconw_grapple?$AA@ 4007cefc     bg_misc.obj
 0002:00000f14       ??_C@_0CE@LPMO@models?1weapons2?1grapple?1grapple?4@ 4007cf14     bg_misc.obj
 0002:00000f40       ??_C@_0BF@GCPL@weapon_grapplinghook?$AA@ 4007cf40     bg_misc.obj
 0002:00000f5c       ??_C@_06KEGK@BFG10K?$AA@   4007cf5c     bg_misc.obj
 0002:00000f64       ??_C@_0BA@HKCL@icons?1iconw_bfg?$AA@ 4007cf64     bg_misc.obj
 0002:00000f78       ??_C@_0BM@MFN@models?1weapons2?1bfg?1bfg?4md3?$AA@ 4007cf78     bg_misc.obj
 0002:00000f9c       ??_C@_0L@NOHL@weapon_bfg?$AA@ 4007cf9c     bg_misc.obj
 0002:00000fac       ??_C@_0L@OMHC@Plasma?5Gun?$AA@ 4007cfac     bg_misc.obj
 0002:00000fbc       ??_C@_0BD@MNKG@icons?1iconw_plasma?$AA@ 4007cfbc     bg_misc.obj
 0002:00000fd4       ??_C@_0CC@DOHF@models?1weapons2?1plasma?1plasma?4md@ 4007cfd4     bg_misc.obj
 0002:00000ffc       ??_C@_0BB@IMNM@weapon_plasmagun?$AA@ 4007cffc     bg_misc.obj
 0002:00001010       ??_C@_07MJPA@Railgun?$AA@  4007d010     bg_misc.obj
 0002:0000101c       ??_C@_0BE@MJD@icons?1iconw_railgun?$AA@ 4007d01c     bg_misc.obj
 0002:00001034       ??_C@_0CE@GDNL@models?1weapons2?1railgun?1railgun?4@ 4007d034     bg_misc.obj
[...]
 0003:000039b4       __FPmtterm                 400879b4     LIBCMTD:fpinit.obj
 0003:00003a34       __aexit_rtn                40087a34     LIBCMTD:dllcrt0.obj
 0003:00003a38       __crtAssertBusy            40087a38     LIBCMTD:dbgrpt.obj
 0003:00003a3c       __CrtDbgMode               40087a3c     LIBCMTD:dbgrpt.obj
 0003:00003a48       __CrtDbgFile               40087a48     LIBCMTD:dbgrpt.obj
 0003:00003a60       __cfltcvt_tab              40087a60     LIBCMTD:cmiscdat.obj
 0003:00003a80       __indefinite               40087a80     LIBCMTD:87disp.obj
 0003:00003a8a       __piby2                    40087a8a     LIBCMTD:87disp.obj
 0003:00003ab0       __pctype                   40087ab0     LIBCMTD:ctype.obj
 0003:00003ab4       __pwctype                  40087ab4     LIBCMTD:ctype.obj
 0003:00003ab8       __ctype                    40087ab8     LIBCMTD:ctype.obj
 0003:00003cbc       ___mb_cur_max              40087cbc     LIBCMTD:nlsdata1.obj
 0003:00003cc0       ___decimal_point           40087cc0     LIBCMTD:nlsdata1.obj
 0003:00003cc4       ___decimal_point_length    40087cc4     LIBCMTD:nlsdata1.obj
 0003:00003da0       __d_inf                    40087da0     LIBCMTD:util.obj
 0003:00003da8       __d_ind                    40087da8     LIBCMTD:util.obj
 0003:00003db0       __d_max                    40087db0     LIBCMTD:util.obj
 0003:00003db8       __d_min                    40087db8     LIBCMTD:util.obj
 0003:00003dc0       __d_mzero                  40087dc0     LIBCMTD:util.obj
 0003:00003de0       __OP_ATAN2jmptab           40087de0     LIBCMTD:87triga.obj
 0003:00003e30       __iob                      40087e30     LIBCMTD:_file.obj
 0003:000040b0       ___nullstring              400880b0     LIBCMTD:output.obj
 0003:000040b4       ___wnullstring             400880b4     LIBCMTD:output.obj
 0003:000040b8       __locktable                400880b8     LIBCMTD:mlock.obj
 0003:00004288       ___lc_category             40088288     LIBCMTD:setlocal.obj
 0003:000042d0       ___tlsindex                400882d0     LIBCMTD:tidtable.obj
 0003:000042d8       ___badioinfo               400882d8     LIBCMTD:ioinit.obj
 0003:000042fc       __crtDbgFlag               400882fc     LIBCMTD:dbgheap.obj
 0003:00004304       __crtBreakAlloc            40088304     LIBCMTD:dbgheap.obj
 0003:00004320       __amblksiz                 40088320     LIBCMTD:heapinit.obj
 0003:00004550       __matherr_flag             40088550     LIBCMTD:matherr.obj
 0003:00004558       __XcptActTab               40088558     LIBCMTD:winxfltr.obj
 0003:000045d0       __First_FPE_Indx           400885d0     LIBCMTD:winxfltr.obj
 0003:000045d4       __Num_FPE                  400885d4     LIBCMTD:winxfltr.obj
 0003:000045d8       __XcptActTabSize           400885d8     LIBCMTD:winxfltr.obj
 0003:000045dc       __XcptActTabCount          400885dc     LIBCMTD:winxfltr.obj
 0003:000045e0       ___rgLocInfo               400885e0     LIBCMTD:getqloc.obj
 0003:00004a84       ___rglangidNotDefault      40088a84     LIBCMTD:getqloc.obj
 0003:00004a98       ___rg_country              40088a98     LIBCMTD:getqloc.obj
 0003:00004b50       ___rg_language             40088b50     LIBCMTD:getqloc.obj
 0003:00004d58       __NLG_Destination          40088d58     LIBCMTD:exsup.obj
 0003:00004d68       __pfnAllocHook             40088d68     LIBCMTD:dbghook.obj
 0003:00004d6c       ___sbh_threshold           40088d6c     LIBCMTD:sbheap.obj
 0003:00004e68       ___lc_time_curr            40088e68     LIBCMTD:strftime.obj
 0003:00004e70       ___lc_time_c               40088e70     LIBCMTD:strftime.obj
 0003:00004f20       ___lconv_static_decimal    40088f20     LIBCMTD:lconv.obj
 0003:00004f28       ___lconv_c                 40088f28     LIBCMTD:lconv.obj
 0003:00004f58       ___lconv                   40088f58     LIBCMTD:lconv.obj
 0003:00004f60       __pow10pos                 40088f60     LIBCMTD:constpow.obj
 0003:000050c0       __pow10neg                 400890c0     LIBCMTD:constpow.obj
 0003:0000521c       __timezone                 4008921c     LIBCMTD:timeset.obj
 0003:00005220       __daylight                 40089220     LIBCMTD:timeset.obj
 0003:00005224       __dstbias                  40089224     LIBCMTD:timeset.obj
 0003:000052a8       __tzname                   400892a8     LIBCMTD:timeset.obj
 0003:000052cc       __lpdays                   400892cc     LIBCMTD:days.obj
 0003:00005300       __days                     40089300     LIBCMTD:days.obj
 0003:000059a4       _vec3_origin               400899a4     q_math.obj
 0003:000826d8       ___fastflag                401066d8     LIBCMTD:fpinit.obj
 0003:000826dc       __adjust_fdiv              401066dc     LIBCMTD:fpinit.obj
 0003:000826e4       __aenvptr                  401066e4     LIBCMTD:dllcrt0.obj
 0003:000826e8       __wenvptr                  401066e8     LIBCMTD:dllcrt0.obj
 0003:000826ec       ___error_mode              401066ec     LIBCMTD:dllcrt0.obj
 0003:000826f0       ___app_type                401066f0     LIBCMTD:dllcrt0.obj
 0003:000826f8       __umaskval                 401066f8     LIBCMTD:crt0dat.obj
 0003:000826fc       __osver                    401066fc     LIBCMTD:crt0dat.obj
 0003:00082700       __winver                   40106700     LIBCMTD:crt0dat.obj
 0003:00082704       __winmajor                 40106704     LIBCMTD:crt0dat.obj
 0003:00082708       __winminor                 40106708     LIBCMTD:crt0dat.obj
 0003:0008270c       ___argc                    4010670c     LIBCMTD:crt0dat.obj
 0003:00082710       ___argv                    40106710     LIBCMTD:crt0dat.obj
 0003:00082714       ___wargv                   40106714     LIBCMTD:crt0dat.obj
 0003:00082718       __environ                  40106718     LIBCMTD:crt0dat.obj
 0003:0008271c       ___initenv                 4010671c     LIBCMTD:crt0dat.obj
 0003:00082720       __wenviron                 40106720     LIBCMTD:crt0dat.obj
 0003:00082724       ___winitenv                40106724     LIBCMTD:crt0dat.obj
 0003:00082728       __pgmptr                   40106728     LIBCMTD:crt0dat.obj
 0003:0008272c       __wpgmptr                  4010672c     LIBCMTD:crt0dat.obj
 0003:00082730       __exitflag                 40106730     LIBCMTD:crt0dat.obj
 0003:00082734       __C_Termination_Done       40106734     LIBCMTD:crt0dat.obj
 0003:00082738       __C_Exit_Done              40106738     LIBCMTD:crt0dat.obj
 0003:00082760       __cflush                   40106760     LIBCMTD:_file.obj
 0003:000827d4       ___lc_handle               401067d4     LIBCMTD:nlsdata2.obj
 0003:000827ec       ___lc_codepage             401067ec     LIBCMTD:nlsdata2.obj
 0003:000827f0       ___lc_collate_cp           401067f0     LIBCMTD:nlsdata2.obj
 0003:00082914       __adbgmsg                  40106914     LIBCMTD:crt0msg.obj
 0003:0008291c       __stdbuf                   4010691c     LIBCMTD:_sftbuf.obj
 0003:00082924       ___lc_time_intl            40106924     LIBCMTD:inittime.obj
 0003:00082940       ___lc_id                   40106940     LIBCMTD:nlsdata3.obj
 0003:00082988       __newmode                  40106988     LIBCMTD:_newmode.obj
 0003:0008298c       ?_pnhHeap@@3P6AHI@ZA       4010698c     LIBCMTD:handler.obj
 0003:0008299c       ___lconv_static_null       4010699c     LIBCMTD:lconv.obj
 0003:00082a70       _weaponChangeSound         40106a70     <common>
 0003:00082a80       _menu_move_sound           40106a80     <common>
 0003:00082a84       _menu_in_sound             40106a84     <common>
 0003:00082a88       _menu_out_sound            40106a88     <common>
 0003:00082a8c       _menu_buzz_sound           40106a8c     <common>
 0003:00082a90       _menu_null_sound           40106a90     <common>
 0003:00082aa0       _ui_ctf_capturelimit       40106aa0     <common>
 0003:000835c0       _ui_arenasFile             401075c0     <common>
 0003:000836e0       _ui_botsFile               401076e0     <common>
 0003:00083800       _ui_drawCrosshairNames     40107800     <common>
 0003:00083920       _ui_ctf_friendly           40107920     <common>
 0003:00083a40       _ui_browserGameType        40107a40     <common>
 0003:00083b60       _ui_tourney_timelimit      40107b60     <common>
 0003:00083c80       _ui_marks                  40107c80     <common>
 0003:00083da0       _ui_team_timelimit         40107da0     <common>
 0003:00083ec0       _ui_spVideos               40107ec0     <common>
 0003:00083fe0       _ui_cdkeychecked           40107fe0     <common>
 0003:00084100       _ui_server10               40108100     <common>
 0003:00084220       _ui_server11               40108220     <common>
 0003:00084340       _ui_server12               40108340     <common>
 0003:00084460       _ui_server13               40108460     <common>
 0003:00084580       _ui_server14               40108580     <common>
 0003:000846a0       _ui_server15               401086a0     <common>
 0003:000847c0       _ui_server16               401087c0     <common>
 0003:000848e0       _ui_spAwards               401088e0     <common>
 0003:00084a00       _ui_browserMaster          40108a00     <common>
 0003:00084b20       _ui_ffa_fraglimit          40108b20     <common>
 0003:00084c40       _ui_team_friendly          40108c40     <common>
 0003:00084d60       _ui_spScores1              40108d60     <common>
 0003:00084e80       _ui_spScores3              40108e80     <common>
 0003:00084fa0       _ui_spScores2              40108fa0     <common>
 0003:000850c0       _ui_spScores5              401090c0     <common>
 0003:000851e0       _ui_spScores4              401091e0     <common>
 0003:00085300       _ui_spSelection            40109300     <common>
 0003:00085420       _ui_server4                40109420     <common>
 0003:00085540       _ui_server3                40109540     <common>
 0003:00085660       _ui_server6                40109660     <common>
 0003:00085780       _ui_server5                40109780     <common>
 0003:000858a0       _ui_server2                401098a0     <common>
 0003:000859c0       _ui_server1                401099c0     <common>
 0003:00085ae0       _ui_server8                40109ae0     <common>
 0003:00085c00       _ui_server7                40109c00     <common>
 0003:00085d20       _ui_server9                40109d20     <common>
 0003:00085e40       _ui_ctf_timelimit          40109e40     <common>
 0003:00085f60       _ui_tourney_fraglimit      40109f60     <common>
 0003:00086080       _ui_ffa_timelimit          4010a080     <common>
 0003:000861a0       _ui_brassTime              4010a1a0     <common>
 0003:000862c0       _ui_team_fraglimit         4010a2c0     <common>
 0003:000863e0       _ui_browserShowFull        4010a3e0     <common>
 0003:00086500       _ui_drawCrosshair          4010a500     <common>
 0003:00086620       _ui_browserSortKey         4010a620     <common>
 0003:00086740       _ui_spSkill                4010a740     <common>
 0003:00086860       _ui_browserShowEmpty       4010a860     <common>
 0003:00086970       _ui_numBots                4010a970     <common>
 0003:00086980       _passwordField             4010a980     <common>
 0003:00086b20       _uis                       4010ab20     <common>
 0003:0008a0d4       _m_entersound              4010e0d4     <common>
 0003:0008a0d8       ___alternate_form          4010e0d8     <common>
 0003:0008a0e8       ___no_lead_zeros           4010e0e8     <common>
 0003:0008a0ec       ___mbcodepage              4010e0ec     <common>
 0003:0008a170       ___mbulinfo                4010e170     <common>
 0003:0008a17c       ___ismbcodepage            4010e17c     <common>
 0003:0008a180       __mbcasemap                4010e180     <common>
 0003:0008a280       __mbctype                  4010e280     <common>
 0003:0008a384       ___mblcid                  4010e384     <common>
 0003:0008a388       ___sbh_sizeHeaderList      4010e388     <common>
 0003:0008a398       ___sbh_indGroupDefer       4010e398     <common>
 0003:0008a39c       ___sbh_pHeaderScan         4010e39c     <common>
 0003:0008a3a0       ___sbh_pHeaderDefer        4010e3a0     <common>
 0003:0008a3a4       ___sbh_cntHeaderList       4010e3a4     <common>
 0003:0008a3a8       ___sbh_pHeaderList         4010e3a8     <common>
 0003:0008a3ac       __crtheap                  4010e3ac     <common>
 0003:0008a3b8       __pfnDumpClient            4010e3b8     <common>
 0003:0008a3e0       ___pioinfo                 4010e3e0     <common>
 0003:0008a51c       __nhandle                  4010e51c     <common>
 0003:0008a520       ___setlc_active            4010e520     <common>
 0003:0008a530       ___unguarded_readlc_active 4010e530     <common>
 0003:0008a534       ___piob                    4010e534     <common>
 0003:0008a880       __bufin                    4010e880     <common>
 0003:0008b880       __nstream                  4010f880     <common>
 0003:0008b884       ___env_initialized         4010f884     <common>
 0003:0008b894       ___mbctype_initialized     4010f894     <common>
 0003:0008b898       ___onexitend               4010f898     <common>
 0003:0008b89c       ___onexitbegin             4010f89c     <common>
 0003:0008b8a0       __pfnReportHook            4010f8a0     <common>
 0003:0008b8ac       __acmdln                   4010f8ac     <common>
 0003:0008b8bc       __pRawDllMain              4010f8bc     <common>
 0004:00000000       __IMPORT_DESCRIPTOR_KERNEL32 40110000     kernel32:KERNEL32.dll
 0004:00000014       __NULL_IMPORT_DESCRIPTOR   40110014     kernel32:KERNEL32.dll
 0004:000001b4       __imp__GetModuleFileNameA@12 401101b4     kernel32:KERNEL32.dll
 0004:000001b8       __imp__InterlockedDecrement@4 401101b8     kernel32:KERNEL32.dll
 0004:000001bc       __imp__InterlockedIncrement@4 401101bc     kernel32:KERNEL32.dll
 0004:000001c0       __imp__GetCommandLineA@0   401101c0     kernel32:KERNEL32.dll
 0004:000001c4       __imp__GetVersion@0        401101c4     kernel32:KERNEL32.dll
 0004:000001c8       __imp__DebugBreak@0        401101c8     kernel32:KERNEL32.dll
 0004:000001cc       __imp__GetStdHandle@4      401101cc     kernel32:KERNEL32.dll
 0004:000001d0       __imp__WriteFile@20        401101d0     kernel32:KERNEL32.dll
 0004:000001d4       __imp__OutputDebugStringA@4 401101d4     kernel32:KERNEL32.dll
 0004:000001d8       __imp__GetProcAddress@8    401101d8     kernel32:KERNEL32.dll
 0004:000001dc       __imp__LoadLibraryA@4      401101dc     kernel32:KERNEL32.dll
 0004:000001e0       __imp__GetModuleHandleA@4  401101e0     kernel32:KERNEL32.dll
 0004:000001e4       __imp__RaiseException@16   401101e4     kernel32:KERNEL32.dll
 0004:000001e8       __imp__ExitProcess@4       401101e8     kernel32:KERNEL32.dll
 0004:000001ec       __imp__TerminateProcess@8  401101ec     kernel32:KERNEL32.dll
 0004:000001f0       __imp__GetCurrentProcess@0 401101f0     kernel32:KERNEL32.dll
 0004:000001f4       __imp__GetLastError@0      401101f4     kernel32:KERNEL32.dll
 0004:000001f8       __imp__SetConsoleCtrlHandler@8 401101f8     kernel32:KERNEL32.dll
 0004:000001fc       __imp__EnterCriticalSection@4 401101fc     kernel32:KERNEL32.dll
 0004:00000200       __imp__LeaveCriticalSection@4 40110200     kernel32:KERNEL32.dll
 0004:00000204       __imp__InitializeCriticalSection@4 40110204     kernel32:KERNEL32.dll
 0004:00000208       __imp__DeleteCriticalSection@4 40110208     kernel32:KERNEL32.dll
 0004:0000020c       __imp__FatalAppExitA@8     4011020c     kernel32:KERNEL32.dll
 0004:00000210       __imp__Sleep@4             40110210     kernel32:KERNEL32.dll
 0004:00000214       __imp__WideCharToMultiByte@32 40110214     kernel32:KERNEL32.dll
 0004:00000218       __imp__MultiByteToWideChar@24 40110218     kernel32:KERNEL32.dll
 0004:0000021c       __imp__LCMapStringA@24     4011021c     kernel32:KERNEL32.dll
 0004:00000220       __imp__LCMapStringW@24     40110220     kernel32:KERNEL32.dll
 0004:00000224       __imp__GetCurrentThreadId@0 40110224     kernel32:KERNEL32.dll
 0004:00000228       __imp__TlsSetValue@8       40110228     kernel32:KERNEL32.dll
 0004:0000022c       __imp__TlsAlloc@0          4011022c     kernel32:KERNEL32.dll
 0004:00000230       __imp__TlsFree@4           40110230     kernel32:KERNEL32.dll
 0004:00000234       __imp__SetLastError@4      40110234     kernel32:KERNEL32.dll
 0004:00000238       __imp__TlsGetValue@4       40110238     kernel32:KERNEL32.dll
 0004:0000023c       __imp__GetCurrentThread@0  4011023c     kernel32:KERNEL32.dll
 0004:00000240       __imp__SetHandleCount@4    40110240     kernel32:KERNEL32.dll
 0004:00000244       __imp__GetFileType@4       40110244     kernel32:KERNEL32.dll
 0004:00000248       __imp__GetStartupInfoA@4   40110248     kernel32:KERNEL32.dll
 0004:0000024c       __imp__IsBadWritePtr@8     4011024c     kernel32:KERNEL32.dll
 0004:00000250       __imp__IsBadReadPtr@8      40110250     kernel32:KERNEL32.dll
 0004:00000254       __imp__HeapValidate@12     40110254     kernel32:KERNEL32.dll
 0004:00000258       __imp__FreeEnvironmentStringsA@4 40110258     kernel32:KERNEL32.dll
 0004:0000025c       __imp__FreeEnvironmentStringsW@4 4011025c     kernel32:KERNEL32.dll
 0004:00000260       __imp__GetEnvironmentStrings@0 40110260     kernel32:KERNEL32.dll
 0004:00000264       __imp__GetEnvironmentStringsW@0 40110264     kernel32:KERNEL32.dll
 0004:00000268       __imp__HeapDestroy@4       40110268     kernel32:KERNEL32.dll
 0004:0000026c       __imp__HeapCreate@12       4011026c     kernel32:KERNEL32.dll
 0004:00000270       __imp__HeapFree@12         40110270     kernel32:KERNEL32.dll
 0004:00000274       __imp__VirtualFree@12      40110274     kernel32:KERNEL32.dll
 0004:00000278       __imp__GetStringTypeA@20   40110278     kernel32:KERNEL32.dll
 0004:0000027c       __imp__GetStringTypeW@16   4011027c     kernel32:KERNEL32.dll
 0004:00000280       __imp__UnhandledExceptionFilter@4 40110280     kernel32:KERNEL32.dll
 0004:00000284       __imp__FlushFileBuffers@4  40110284     kernel32:KERNEL32.dll
 0004:00000288       __imp__SetFilePointer@16   40110288     kernel32:KERNEL32.dll
 0004:0000028c       __imp__GetCPInfo@8         4011028c     kernel32:KERNEL32.dll
 0004:00000290       __imp__IsValidLocale@8     40110290     kernel32:KERNEL32.dll
 0004:00000294       __imp__IsValidCodePage@4   40110294     kernel32:KERNEL32.dll
 0004:00000298       __imp__GetLocaleInfoA@16   40110298     kernel32:KERNEL32.dll
 0004:0000029c       __imp__EnumSystemLocalesA@8 4011029c     kernel32:KERNEL32.dll
 0004:000002a0       __imp__GetUserDefaultLCID@0 401102a0     kernel32:KERNEL32.dll
 0004:000002a4       __imp__GetVersionExA@4     401102a4     kernel32:KERNEL32.dll
 0004:000002a8       __imp__RtlUnwind@16        401102a8     kernel32:KERNEL32.dll
 0004:000002ac       __imp__HeapAlloc@12        401102ac     kernel32:KERNEL32.dll
 0004:000002b0       __imp__HeapReAlloc@16      401102b0     kernel32:KERNEL32.dll
 0004:000002b4       __imp__VirtualAlloc@16     401102b4     kernel32:KERNEL32.dll
 0004:000002b8       __imp__GetACP@0            401102b8     kernel32:KERNEL32.dll
 0004:000002bc       __imp__GetOEMCP@0          401102bc     kernel32:KERNEL32.dll
 0004:000002c0       __imp__SetStdHandle@8      401102c0     kernel32:KERNEL32.dll
 0004:000002c4       __imp__CloseHandle@4       401102c4     kernel32:KERNEL32.dll
 0004:000002c8       __imp__GetTimeZoneInformation@4 401102c8     kernel32:KERNEL32.dll
 0004:000002cc       __imp__GetLocaleInfoW@16   401102cc     kernel32:KERNEL32.dll
 0004:000002d0       __imp__CompareStringA@24   401102d0     kernel32:KERNEL32.dll
 0004:000002d4       __imp__CompareStringW@24   401102d4     kernel32:KERNEL32.dll
 0004:000002d8       __imp__SetEnvironmentVariableA@8 401102d8     kernel32:KERNEL32.dll
 0004:000002dc       \177KERNEL32_NULL_THUNK_DATA 401102dc     kernel32:KERNEL32.dll

 entry point at        0001:00037cd0

